Archive member included to satisfy reference by file (symbol)

C:\Users\Me\Desktop\Coolyeah\Beres\OoSe\Code_Battlefield\OOSE_LABOR_PROJECT\Runtime\libRuntime.a(ADConverter.o)
                              main.o (_ZN11ADConverterC1EhhPFijE)
C:\Users\Me\Desktop\Coolyeah\Beres\OoSe\Code_Battlefield\OOSE_LABOR_PROJECT\Runtime\libRuntime.a(DigiPort.o)
                              main.o (_ZN11DigiPortRawC1Ehhh)
C:\Users\Me\Desktop\Coolyeah\Beres\OoSe\Code_Battlefield\OOSE_LABOR_PROJECT\Runtime\libRuntime.a(LCD.o)
                              main.o (_ZN3LCD7set_posEhh)
C:\Users\Me\Desktop\Coolyeah\Beres\OoSe\Code_Battlefield\OOSE_LABOR_PROJECT\Runtime\libRuntime.a(OSKernel.o)
                              C:\Users\Me\Desktop\Coolyeah\Beres\OoSe\Code_Battlefield\OOSE_LABOR_PROJECT\Runtime\libRuntime.a(DigiPort.o) (_Z5yieldv)
C:\Users\Me\Desktop\Coolyeah\Beres\OoSe\Code_Battlefield\OOSE_LABOR_PROJECT\Runtime\libRuntime.a(QuadEncoder.o)
                              main.o (_ZN11QuadEncoderC1Eh)
C:\Users\Me\Desktop\Coolyeah\Beres\OoSe\Code_Battlefield\OOSE_LABOR_PROJECT\Runtime\libRuntime.a(Timer.o)
                              main.o (_ZN7Timer16C1EhPFvvES1_S1_S1_)
C:\Users\Me\Desktop\Coolyeah\Beres\OoSe\Code_Battlefield\OOSE_LABOR_PROJECT\Runtime\libRuntime.a(Basics.o)
                              C:\Users\Me\Desktop\Coolyeah\Beres\OoSe\Code_Battlefield\OOSE_LABOR_PROJECT\Runtime\libRuntime.a(DigiPort.o) (_Z22port_handle_to_addressh)
c:/program files (x86)/atmel/studio/7.0/toolchain/avr8/avr8-gnu-toolchain/bin/../lib/gcc/avr/5.4.0/avr6\libgcc.a(_udivmodhi4.o)
                              main.o (__udivmodhi4)
c:/program files (x86)/atmel/studio/7.0/toolchain/avr8/avr8-gnu-toolchain/bin/../lib/gcc/avr/5.4.0/avr6\libgcc.a(_divmodhi4.o)
                              C:\Users\Me\Desktop\Coolyeah\Beres\OoSe\Code_Battlefield\OOSE_LABOR_PROJECT\Runtime\libRuntime.a(LCD.o) (__divmodhi4)
c:/program files (x86)/atmel/studio/7.0/toolchain/avr8/avr8-gnu-toolchain/bin/../lib/gcc/avr/5.4.0/avr6\libgcc.a(_udivmodsi4.o)
                              C:\Users\Me\Desktop\Coolyeah\Beres\OoSe\Code_Battlefield\OOSE_LABOR_PROJECT\Runtime\libRuntime.a(OSKernel.o) (__udivmodsi4)
c:/program files (x86)/atmel/studio/7.0/toolchain/avr8/avr8-gnu-toolchain/bin/../lib/gcc/avr/5.4.0/avr6\libgcc.a(_exit.o)
                              C:/Program Files (x86)/Atmel/Studio/7.0/Packs/atmel/ATmega_DFP/1.6.364/gcc/dev/atmega2560/avr6/crtatmega2560.o (exit)
c:/program files (x86)/atmel/studio/7.0/toolchain/avr8/avr8-gnu-toolchain/bin/../lib/gcc/avr/5.4.0/avr6\libgcc.a(_copy_data.o)
                              main.o (__do_copy_data)
c:/program files (x86)/atmel/studio/7.0/toolchain/avr8/avr8-gnu-toolchain/bin/../lib/gcc/avr/5.4.0/avr6\libgcc.a(_clear_bss.o)
                              main.o (__do_clear_bss)
c:/program files (x86)/atmel/studio/7.0/toolchain/avr8/avr8-gnu-toolchain/bin/../lib/gcc/avr/5.4.0/avr6\libgcc.a(_ctors.o)
                              main.o (__do_global_ctors)
c:/program files (x86)/atmel/studio/7.0/toolchain/avr8/avr8-gnu-toolchain/bin/../lib/gcc/avr/5.4.0/avr6\libgcc.a(_umulhisi3.o)
                              main.o (__umulhisi3)
c:/program files (x86)/atmel/studio/7.0/toolchain/avr8/avr8-gnu-toolchain/bin/../lib/gcc/avr/5.4.0/avr6\libgcc.a(_tablejump2.o)
                              c:/program files (x86)/atmel/studio/7.0/toolchain/avr8/avr8-gnu-toolchain/bin/../lib/gcc/avr/5.4.0/avr6\libgcc.a(_ctors.o) (__tablejump2__)
C:/Program Files (x86)/Atmel/Studio/7.0/Packs/atmel/ATmega_DFP/1.6.364/gcc/dev/atmega2560/avr6\libatmega2560.a(eerd_byte.o)
                              main.o (eeprom_read_byte)
C:/Program Files (x86)/Atmel/Studio/7.0/Packs/atmel/ATmega_DFP/1.6.364/gcc/dev/atmega2560/avr6\libatmega2560.a(eewr_byte.o)
                              main.o (eeprom_write_byte)

Discarded input sections

 .data          0x00000000        0x0 C:/Program Files (x86)/Atmel/Studio/7.0/Packs/atmel/ATmega_DFP/1.6.364/gcc/dev/atmega2560/avr6/crtatmega2560.o
 .bss           0x00000000        0x0 C:/Program Files (x86)/Atmel/Studio/7.0/Packs/atmel/ATmega_DFP/1.6.364/gcc/dev/atmega2560/avr6/crtatmega2560.o
 .group         0x00000000        0x8 main.o
 .text          0x00000000        0x0 main.o
 .data          0x00000000        0x0 main.o
 .bss           0x00000000        0x0 main.o
 .text          0x00000000        0x0 C:\Users\Me\Desktop\Coolyeah\Beres\OoSe\Code_Battlefield\OOSE_LABOR_PROJECT\Runtime\libRuntime.a(ADConverter.o)
 .data          0x00000000        0x0 C:\Users\Me\Desktop\Coolyeah\Beres\OoSe\Code_Battlefield\OOSE_LABOR_PROJECT\Runtime\libRuntime.a(ADConverter.o)
 .bss           0x00000000        0x0 C:\Users\Me\Desktop\Coolyeah\Beres\OoSe\Code_Battlefield\OOSE_LABOR_PROJECT\Runtime\libRuntime.a(ADConverter.o)
 .group         0x00000000        0x8 C:\Users\Me\Desktop\Coolyeah\Beres\OoSe\Code_Battlefield\OOSE_LABOR_PROJECT\Runtime\libRuntime.a(DigiPort.o)
 .group         0x00000000        0x8 C:\Users\Me\Desktop\Coolyeah\Beres\OoSe\Code_Battlefield\OOSE_LABOR_PROJECT\Runtime\libRuntime.a(DigiPort.o)
 .group         0x00000000        0x8 C:\Users\Me\Desktop\Coolyeah\Beres\OoSe\Code_Battlefield\OOSE_LABOR_PROJECT\Runtime\libRuntime.a(DigiPort.o)
 .group         0x00000000        0x8 C:\Users\Me\Desktop\Coolyeah\Beres\OoSe\Code_Battlefield\OOSE_LABOR_PROJECT\Runtime\libRuntime.a(DigiPort.o)
 .group         0x00000000        0x8 C:\Users\Me\Desktop\Coolyeah\Beres\OoSe\Code_Battlefield\OOSE_LABOR_PROJECT\Runtime\libRuntime.a(DigiPort.o)
 .group         0x00000000        0x8 C:\Users\Me\Desktop\Coolyeah\Beres\OoSe\Code_Battlefield\OOSE_LABOR_PROJECT\Runtime\libRuntime.a(DigiPort.o)
 .group         0x00000000        0x8 C:\Users\Me\Desktop\Coolyeah\Beres\OoSe\Code_Battlefield\OOSE_LABOR_PROJECT\Runtime\libRuntime.a(DigiPort.o)
 .group         0x00000000        0x8 C:\Users\Me\Desktop\Coolyeah\Beres\OoSe\Code_Battlefield\OOSE_LABOR_PROJECT\Runtime\libRuntime.a(DigiPort.o)
 .text          0x00000000        0x0 C:\Users\Me\Desktop\Coolyeah\Beres\OoSe\Code_Battlefield\OOSE_LABOR_PROJECT\Runtime\libRuntime.a(DigiPort.o)
 .data          0x00000000        0x0 C:\Users\Me\Desktop\Coolyeah\Beres\OoSe\Code_Battlefield\OOSE_LABOR_PROJECT\Runtime\libRuntime.a(DigiPort.o)
 .bss           0x00000000        0x0 C:\Users\Me\Desktop\Coolyeah\Beres\OoSe\Code_Battlefield\OOSE_LABOR_PROJECT\Runtime\libRuntime.a(DigiPort.o)
 .text._ZN11DigiPortRaw14read_busy_waitEh
                0x00000000       0x2a C:\Users\Me\Desktop\Coolyeah\Beres\OoSe\Code_Battlefield\OOSE_LABOR_PROJECT\Runtime\libRuntime.a(DigiPort.o)
 .text          0x00000000        0x0 C:\Users\Me\Desktop\Coolyeah\Beres\OoSe\Code_Battlefield\OOSE_LABOR_PROJECT\Runtime\libRuntime.a(LCD.o)
 .data          0x00000000        0x0 C:\Users\Me\Desktop\Coolyeah\Beres\OoSe\Code_Battlefield\OOSE_LABOR_PROJECT\Runtime\libRuntime.a(LCD.o)
 .bss           0x00000000        0x0 C:\Users\Me\Desktop\Coolyeah\Beres\OoSe\Code_Battlefield\OOSE_LABOR_PROJECT\Runtime\libRuntime.a(LCD.o)
 .text._ZN3LCD5clearEv
                0x00000000       0x2c C:\Users\Me\Desktop\Coolyeah\Beres\OoSe\Code_Battlefield\OOSE_LABOR_PROJECT\Runtime\libRuntime.a(LCD.o)
 .text._ZN3LCD4homeEv
                0x00000000       0x2c C:\Users\Me\Desktop\Coolyeah\Beres\OoSe\Code_Battlefield\OOSE_LABOR_PROJECT\Runtime\libRuntime.a(LCD.o)
 .rodata.str1.1
                0x00000000       0x10 C:\Users\Me\Desktop\Coolyeah\Beres\OoSe\Code_Battlefield\OOSE_LABOR_PROJECT\Runtime\libRuntime.a(LCD.o)
 .text._ZN3LCD8describeEv
                0x00000000       0x9e C:\Users\Me\Desktop\Coolyeah\Beres\OoSe\Code_Battlefield\OOSE_LABOR_PROJECT\Runtime\libRuntime.a(LCD.o)
 .text._ZN4LCDSC2Eh10LCD_Type_th
                0x00000000       0x4a C:\Users\Me\Desktop\Coolyeah\Beres\OoSe\Code_Battlefield\OOSE_LABOR_PROJECT\Runtime\libRuntime.a(LCD.o)
 .text._ZN4LCDS5clearEv
                0x00000000       0x32 C:\Users\Me\Desktop\Coolyeah\Beres\OoSe\Code_Battlefield\OOSE_LABOR_PROJECT\Runtime\libRuntime.a(LCD.o)
 .text._ZN4LCDS7refreshEv
                0x00000000       0xb0 C:\Users\Me\Desktop\Coolyeah\Beres\OoSe\Code_Battlefield\OOSE_LABOR_PROJECT\Runtime\libRuntime.a(LCD.o)
 .text._ZN4LCDS14buffer_roll_upEv
                0x00000000       0xc2 C:\Users\Me\Desktop\Coolyeah\Beres\OoSe\Code_Battlefield\OOSE_LABOR_PROJECT\Runtime\libRuntime.a(LCD.o)
 .text._ZN4LCDS10write_charEc
                0x00000000       0xb0 C:\Users\Me\Desktop\Coolyeah\Beres\OoSe\Code_Battlefield\OOSE_LABOR_PROJECT\Runtime\libRuntime.a(LCD.o)
 .text._ZN4LCDS15write_SRAM_textEPKch
                0x00000000       0x46 C:\Users\Me\Desktop\Coolyeah\Beres\OoSe\Code_Battlefield\OOSE_LABOR_PROJECT\Runtime\libRuntime.a(LCD.o)
 .text._ZN4LCDS16write_FLASH_textEPKch
                0x00000000       0x4a C:\Users\Me\Desktop\Coolyeah\Beres\OoSe\Code_Battlefield\OOSE_LABOR_PROJECT\Runtime\libRuntime.a(LCD.o)
 .text._ZN4LCDS9scroll_upEh
                0x00000000       0x20 C:\Users\Me\Desktop\Coolyeah\Beres\OoSe\Code_Battlefield\OOSE_LABOR_PROJECT\Runtime\libRuntime.a(LCD.o)
 .text._ZN4LCDS11scroll_downEh
                0x00000000       0x4e C:\Users\Me\Desktop\Coolyeah\Beres\OoSe\Code_Battlefield\OOSE_LABOR_PROJECT\Runtime\libRuntime.a(LCD.o)
 .text          0x00000000        0x0 C:\Users\Me\Desktop\Coolyeah\Beres\OoSe\Code_Battlefield\OOSE_LABOR_PROJECT\Runtime\libRuntime.a(OSKernel.o)
 .data          0x00000000        0x0 C:\Users\Me\Desktop\Coolyeah\Beres\OoSe\Code_Battlefield\OOSE_LABOR_PROJECT\Runtime\libRuntime.a(OSKernel.o)
 .bss           0x00000000        0x0 C:\Users\Me\Desktop\Coolyeah\Beres\OoSe\Code_Battlefield\OOSE_LABOR_PROJECT\Runtime\libRuntime.a(OSKernel.o)
 .text._ZL4idlev
                0x00000000       0x18 C:\Users\Me\Desktop\Coolyeah\Beres\OoSe\Code_Battlefield\OOSE_LABOR_PROJECT\Runtime\libRuntime.a(OSKernel.o)
 .text._Z11task_insertPFvvE8Priority
                0x00000000       0xd6 C:\Users\Me\Desktop\Coolyeah\Beres\OoSe\Code_Battlefield\OOSE_LABOR_PROJECT\Runtime\libRuntime.a(OSKernel.o)
 .text._Z8activateh
                0x00000000       0x48 C:\Users\Me\Desktop\Coolyeah\Beres\OoSe\Code_Battlefield\OOSE_LABOR_PROJECT\Runtime\libRuntime.a(OSKernel.o)
 .text._Z9is_activeh
                0x00000000       0x2a C:\Users\Me\Desktop\Coolyeah\Beres\OoSe\Code_Battlefield\OOSE_LABOR_PROJECT\Runtime\libRuntime.a(OSKernel.o)
 .text._Z10elapsed_msh
                0x00000000       0x3c C:\Users\Me\Desktop\Coolyeah\Beres\OoSe\Code_Battlefield\OOSE_LABOR_PROJECT\Runtime\libRuntime.a(OSKernel.o)
 .text._Z6kernel14SchedulingTypePFvhE
                0x00000000       0x2c C:\Users\Me\Desktop\Coolyeah\Beres\OoSe\Code_Battlefield\OOSE_LABOR_PROJECT\Runtime\libRuntime.a(OSKernel.o)
 .text._Z11stop_kernelh
                0x00000000       0x1e C:\Users\Me\Desktop\Coolyeah\Beres\OoSe\Code_Battlefield\OOSE_LABOR_PROJECT\Runtime\libRuntime.a(OSKernel.o)
 .text._Z10deactivateh
                0x00000000       0x52 C:\Users\Me\Desktop\Coolyeah\Beres\OoSe\Code_Battlefield\OOSE_LABOR_PROJECT\Runtime\libRuntime.a(OSKernel.o)
 .text._Z15current_task_idv
                0x00000000        0x6 C:\Users\Me\Desktop\Coolyeah\Beres\OoSe\Code_Battlefield\OOSE_LABOR_PROJECT\Runtime\libRuntime.a(OSKernel.o)
 .text._Z13task_set_prio8Priority
                0x00000000       0x1c C:\Users\Me\Desktop\Coolyeah\Beres\OoSe\Code_Battlefield\OOSE_LABOR_PROJECT\Runtime\libRuntime.a(OSKernel.o)
 .text._Z8sem_waith
                0x00000000       0x70 C:\Users\Me\Desktop\Coolyeah\Beres\OoSe\Code_Battlefield\OOSE_LABOR_PROJECT\Runtime\libRuntime.a(OSKernel.o)
 .bss._ZL22sem_waiting_free_index
                0x00000000        0x1 C:\Users\Me\Desktop\Coolyeah\Beres\OoSe\Code_Battlefield\OOSE_LABOR_PROJECT\Runtime\libRuntime.a(OSKernel.o)
 .bss._ZL8exitproc
                0x00000000        0x2 C:\Users\Me\Desktop\Coolyeah\Beres\OoSe\Code_Battlefield\OOSE_LABOR_PROJECT\Runtime\libRuntime.a(OSKernel.o)
 .group         0x00000000        0x8 C:\Users\Me\Desktop\Coolyeah\Beres\OoSe\Code_Battlefield\OOSE_LABOR_PROJECT\Runtime\libRuntime.a(QuadEncoder.o)
 .group         0x00000000        0x8 C:\Users\Me\Desktop\Coolyeah\Beres\OoSe\Code_Battlefield\OOSE_LABOR_PROJECT\Runtime\libRuntime.a(QuadEncoder.o)
 .group         0x00000000        0x8 C:\Users\Me\Desktop\Coolyeah\Beres\OoSe\Code_Battlefield\OOSE_LABOR_PROJECT\Runtime\libRuntime.a(QuadEncoder.o)
 .group         0x00000000        0x8 C:\Users\Me\Desktop\Coolyeah\Beres\OoSe\Code_Battlefield\OOSE_LABOR_PROJECT\Runtime\libRuntime.a(QuadEncoder.o)
 .group         0x00000000        0x8 C:\Users\Me\Desktop\Coolyeah\Beres\OoSe\Code_Battlefield\OOSE_LABOR_PROJECT\Runtime\libRuntime.a(QuadEncoder.o)
 .group         0x00000000        0x8 C:\Users\Me\Desktop\Coolyeah\Beres\OoSe\Code_Battlefield\OOSE_LABOR_PROJECT\Runtime\libRuntime.a(QuadEncoder.o)
 .text          0x00000000        0x0 C:\Users\Me\Desktop\Coolyeah\Beres\OoSe\Code_Battlefield\OOSE_LABOR_PROJECT\Runtime\libRuntime.a(QuadEncoder.o)
 .data          0x00000000        0x0 C:\Users\Me\Desktop\Coolyeah\Beres\OoSe\Code_Battlefield\OOSE_LABOR_PROJECT\Runtime\libRuntime.a(QuadEncoder.o)
 .bss           0x00000000        0x0 C:\Users\Me\Desktop\Coolyeah\Beres\OoSe\Code_Battlefield\OOSE_LABOR_PROJECT\Runtime\libRuntime.a(QuadEncoder.o)
 .text._ZN11DigiPortRaw5writeEh
                0x00000000       0x26 C:\Users\Me\Desktop\Coolyeah\Beres\OoSe\Code_Battlefield\OOSE_LABOR_PROJECT\Runtime\libRuntime.a(QuadEncoder.o)
 .text._ZN11DigiPortRaw8read_rawEh
                0x00000000       0x2e C:\Users\Me\Desktop\Coolyeah\Beres\OoSe\Code_Battlefield\OOSE_LABOR_PROJECT\Runtime\libRuntime.a(QuadEncoder.o)
 .group         0x00000000        0x8 C:\Users\Me\Desktop\Coolyeah\Beres\OoSe\Code_Battlefield\OOSE_LABOR_PROJECT\Runtime\libRuntime.a(Timer.o)
 .group         0x00000000        0x8 C:\Users\Me\Desktop\Coolyeah\Beres\OoSe\Code_Battlefield\OOSE_LABOR_PROJECT\Runtime\libRuntime.a(Timer.o)
 .group         0x00000000        0x8 C:\Users\Me\Desktop\Coolyeah\Beres\OoSe\Code_Battlefield\OOSE_LABOR_PROJECT\Runtime\libRuntime.a(Timer.o)
 .group         0x00000000        0x8 C:\Users\Me\Desktop\Coolyeah\Beres\OoSe\Code_Battlefield\OOSE_LABOR_PROJECT\Runtime\libRuntime.a(Timer.o)
 .group         0x00000000        0x8 C:\Users\Me\Desktop\Coolyeah\Beres\OoSe\Code_Battlefield\OOSE_LABOR_PROJECT\Runtime\libRuntime.a(Timer.o)
 .group         0x00000000        0x8 C:\Users\Me\Desktop\Coolyeah\Beres\OoSe\Code_Battlefield\OOSE_LABOR_PROJECT\Runtime\libRuntime.a(Timer.o)
 .group         0x00000000        0x8 C:\Users\Me\Desktop\Coolyeah\Beres\OoSe\Code_Battlefield\OOSE_LABOR_PROJECT\Runtime\libRuntime.a(Timer.o)
 .group         0x00000000        0x8 C:\Users\Me\Desktop\Coolyeah\Beres\OoSe\Code_Battlefield\OOSE_LABOR_PROJECT\Runtime\libRuntime.a(Timer.o)
 .group         0x00000000        0x8 C:\Users\Me\Desktop\Coolyeah\Beres\OoSe\Code_Battlefield\OOSE_LABOR_PROJECT\Runtime\libRuntime.a(Timer.o)
 .group         0x00000000        0x8 C:\Users\Me\Desktop\Coolyeah\Beres\OoSe\Code_Battlefield\OOSE_LABOR_PROJECT\Runtime\libRuntime.a(Timer.o)
 .group         0x00000000        0x8 C:\Users\Me\Desktop\Coolyeah\Beres\OoSe\Code_Battlefield\OOSE_LABOR_PROJECT\Runtime\libRuntime.a(Timer.o)
 .group         0x00000000        0x8 C:\Users\Me\Desktop\Coolyeah\Beres\OoSe\Code_Battlefield\OOSE_LABOR_PROJECT\Runtime\libRuntime.a(Timer.o)
 .group         0x00000000        0x8 C:\Users\Me\Desktop\Coolyeah\Beres\OoSe\Code_Battlefield\OOSE_LABOR_PROJECT\Runtime\libRuntime.a(Timer.o)
 .group         0x00000000        0x8 C:\Users\Me\Desktop\Coolyeah\Beres\OoSe\Code_Battlefield\OOSE_LABOR_PROJECT\Runtime\libRuntime.a(Timer.o)
 .group         0x00000000        0x8 C:\Users\Me\Desktop\Coolyeah\Beres\OoSe\Code_Battlefield\OOSE_LABOR_PROJECT\Runtime\libRuntime.a(Timer.o)
 .text          0x00000000        0x0 C:\Users\Me\Desktop\Coolyeah\Beres\OoSe\Code_Battlefield\OOSE_LABOR_PROJECT\Runtime\libRuntime.a(Timer.o)
 .data          0x00000000        0x0 C:\Users\Me\Desktop\Coolyeah\Beres\OoSe\Code_Battlefield\OOSE_LABOR_PROJECT\Runtime\libRuntime.a(Timer.o)
 .bss           0x00000000        0x0 C:\Users\Me\Desktop\Coolyeah\Beres\OoSe\Code_Battlefield\OOSE_LABOR_PROJECT\Runtime\libRuntime.a(Timer.o)
 .text._ZN7Timer168start_usEjjjjh
                0x00000000      0x144 C:\Users\Me\Desktop\Coolyeah\Beres\OoSe\Code_Battlefield\OOSE_LABOR_PROJECT\Runtime\libRuntime.a(Timer.o)
 .text._ZN6Timer88start_msEjjjh
                0x00000000       0xe6 C:\Users\Me\Desktop\Coolyeah\Beres\OoSe\Code_Battlefield\OOSE_LABOR_PROJECT\Runtime\libRuntime.a(Timer.o)
 .text._ZN6Timer88start_usEjjjh
                0x00000000       0xc6 C:\Users\Me\Desktop\Coolyeah\Beres\OoSe\Code_Battlefield\OOSE_LABOR_PROJECT\Runtime\libRuntime.a(Timer.o)
 .text._ZN7OSTimer5startEj
                0x00000000       0x6e C:\Users\Me\Desktop\Coolyeah\Beres\OoSe\Code_Battlefield\OOSE_LABOR_PROJECT\Runtime\libRuntime.a(Timer.o)
 .text          0x00000000        0x0 C:\Users\Me\Desktop\Coolyeah\Beres\OoSe\Code_Battlefield\OOSE_LABOR_PROJECT\Runtime\libRuntime.a(Basics.o)
 .data          0x00000000        0x0 C:\Users\Me\Desktop\Coolyeah\Beres\OoSe\Code_Battlefield\OOSE_LABOR_PROJECT\Runtime\libRuntime.a(Basics.o)
 .bss           0x00000000        0x0 C:\Users\Me\Desktop\Coolyeah\Beres\OoSe\Code_Battlefield\OOSE_LABOR_PROJECT\Runtime\libRuntime.a(Basics.o)
 .text          0x00000000        0x0 c:/program files (x86)/atmel/studio/7.0/toolchain/avr8/avr8-gnu-toolchain/bin/../lib/gcc/avr/5.4.0/avr6\libgcc.a(_udivmodhi4.o)
 .data          0x00000000        0x0 c:/program files (x86)/atmel/studio/7.0/toolchain/avr8/avr8-gnu-toolchain/bin/../lib/gcc/avr/5.4.0/avr6\libgcc.a(_udivmodhi4.o)
 .bss           0x00000000        0x0 c:/program files (x86)/atmel/studio/7.0/toolchain/avr8/avr8-gnu-toolchain/bin/../lib/gcc/avr/5.4.0/avr6\libgcc.a(_udivmodhi4.o)
 .text.libgcc.mul
                0x00000000        0x0 c:/program files (x86)/atmel/studio/7.0/toolchain/avr8/avr8-gnu-toolchain/bin/../lib/gcc/avr/5.4.0/avr6\libgcc.a(_udivmodhi4.o)
 .text.libgcc   0x00000000        0x0 c:/program files (x86)/atmel/studio/7.0/toolchain/avr8/avr8-gnu-toolchain/bin/../lib/gcc/avr/5.4.0/avr6\libgcc.a(_udivmodhi4.o)
 .text.libgcc.prologue
                0x00000000        0x0 c:/program files (x86)/atmel/studio/7.0/toolchain/avr8/avr8-gnu-toolchain/bin/../lib/gcc/avr/5.4.0/avr6\libgcc.a(_udivmodhi4.o)
 .text.libgcc.builtins
                0x00000000        0x0 c:/program files (x86)/atmel/studio/7.0/toolchain/avr8/avr8-gnu-toolchain/bin/../lib/gcc/avr/5.4.0/avr6\libgcc.a(_udivmodhi4.o)
 .text.libgcc.fmul
                0x00000000        0x0 c:/program files (x86)/atmel/studio/7.0/toolchain/avr8/avr8-gnu-toolchain/bin/../lib/gcc/avr/5.4.0/avr6\libgcc.a(_udivmodhi4.o)
 .text.libgcc.fixed
                0x00000000        0x0 c:/program files (x86)/atmel/studio/7.0/toolchain/avr8/avr8-gnu-toolchain/bin/../lib/gcc/avr/5.4.0/avr6\libgcc.a(_udivmodhi4.o)
 .text          0x00000000        0x0 c:/program files (x86)/atmel/studio/7.0/toolchain/avr8/avr8-gnu-toolchain/bin/../lib/gcc/avr/5.4.0/avr6\libgcc.a(_divmodhi4.o)
 .data          0x00000000        0x0 c:/program files (x86)/atmel/studio/7.0/toolchain/avr8/avr8-gnu-toolchain/bin/../lib/gcc/avr/5.4.0/avr6\libgcc.a(_divmodhi4.o)
 .bss           0x00000000        0x0 c:/program files (x86)/atmel/studio/7.0/toolchain/avr8/avr8-gnu-toolchain/bin/../lib/gcc/avr/5.4.0/avr6\libgcc.a(_divmodhi4.o)
 .text.libgcc.mul
                0x00000000        0x0 c:/program files (x86)/atmel/studio/7.0/toolchain/avr8/avr8-gnu-toolchain/bin/../lib/gcc/avr/5.4.0/avr6\libgcc.a(_divmodhi4.o)
 .text.libgcc   0x00000000        0x0 c:/program files (x86)/atmel/studio/7.0/toolchain/avr8/avr8-gnu-toolchain/bin/../lib/gcc/avr/5.4.0/avr6\libgcc.a(_divmodhi4.o)
 .text.libgcc.prologue
                0x00000000        0x0 c:/program files (x86)/atmel/studio/7.0/toolchain/avr8/avr8-gnu-toolchain/bin/../lib/gcc/avr/5.4.0/avr6\libgcc.a(_divmodhi4.o)
 .text.libgcc.builtins
                0x00000000        0x0 c:/program files (x86)/atmel/studio/7.0/toolchain/avr8/avr8-gnu-toolchain/bin/../lib/gcc/avr/5.4.0/avr6\libgcc.a(_divmodhi4.o)
 .text.libgcc.fmul
                0x00000000        0x0 c:/program files (x86)/atmel/studio/7.0/toolchain/avr8/avr8-gnu-toolchain/bin/../lib/gcc/avr/5.4.0/avr6\libgcc.a(_divmodhi4.o)
 .text.libgcc.fixed
                0x00000000        0x0 c:/program files (x86)/atmel/studio/7.0/toolchain/avr8/avr8-gnu-toolchain/bin/../lib/gcc/avr/5.4.0/avr6\libgcc.a(_divmodhi4.o)
 .text          0x00000000        0x0 c:/program files (x86)/atmel/studio/7.0/toolchain/avr8/avr8-gnu-toolchain/bin/../lib/gcc/avr/5.4.0/avr6\libgcc.a(_udivmodsi4.o)
 .data          0x00000000        0x0 c:/program files (x86)/atmel/studio/7.0/toolchain/avr8/avr8-gnu-toolchain/bin/../lib/gcc/avr/5.4.0/avr6\libgcc.a(_udivmodsi4.o)
 .bss           0x00000000        0x0 c:/program files (x86)/atmel/studio/7.0/toolchain/avr8/avr8-gnu-toolchain/bin/../lib/gcc/avr/5.4.0/avr6\libgcc.a(_udivmodsi4.o)
 .text.libgcc.mul
                0x00000000        0x0 c:/program files (x86)/atmel/studio/7.0/toolchain/avr8/avr8-gnu-toolchain/bin/../lib/gcc/avr/5.4.0/avr6\libgcc.a(_udivmodsi4.o)
 .text.libgcc.div
                0x00000000       0x44 c:/program files (x86)/atmel/studio/7.0/toolchain/avr8/avr8-gnu-toolchain/bin/../lib/gcc/avr/5.4.0/avr6\libgcc.a(_udivmodsi4.o)
 .text.libgcc   0x00000000        0x0 c:/program files (x86)/atmel/studio/7.0/toolchain/avr8/avr8-gnu-toolchain/bin/../lib/gcc/avr/5.4.0/avr6\libgcc.a(_udivmodsi4.o)
 .text.libgcc.prologue
                0x00000000        0x0 c:/program files (x86)/atmel/studio/7.0/toolchain/avr8/avr8-gnu-toolchain/bin/../lib/gcc/avr/5.4.0/avr6\libgcc.a(_udivmodsi4.o)
 .text.libgcc.builtins
                0x00000000        0x0 c:/program files (x86)/atmel/studio/7.0/toolchain/avr8/avr8-gnu-toolchain/bin/../lib/gcc/avr/5.4.0/avr6\libgcc.a(_udivmodsi4.o)
 .text.libgcc.fmul
                0x00000000        0x0 c:/program files (x86)/atmel/studio/7.0/toolchain/avr8/avr8-gnu-toolchain/bin/../lib/gcc/avr/5.4.0/avr6\libgcc.a(_udivmodsi4.o)
 .text.libgcc.fixed
                0x00000000        0x0 c:/program files (x86)/atmel/studio/7.0/toolchain/avr8/avr8-gnu-toolchain/bin/../lib/gcc/avr/5.4.0/avr6\libgcc.a(_udivmodsi4.o)
 .text          0x00000000        0x0 c:/program files (x86)/atmel/studio/7.0/toolchain/avr8/avr8-gnu-toolchain/bin/../lib/gcc/avr/5.4.0/avr6\libgcc.a(_exit.o)
 .data          0x00000000        0x0 c:/program files (x86)/atmel/studio/7.0/toolchain/avr8/avr8-gnu-toolchain/bin/../lib/gcc/avr/5.4.0/avr6\libgcc.a(_exit.o)
 .bss           0x00000000        0x0 c:/program files (x86)/atmel/studio/7.0/toolchain/avr8/avr8-gnu-toolchain/bin/../lib/gcc/avr/5.4.0/avr6\libgcc.a(_exit.o)
 .text.libgcc.mul
                0x00000000        0x0 c:/program files (x86)/atmel/studio/7.0/toolchain/avr8/avr8-gnu-toolchain/bin/../lib/gcc/avr/5.4.0/avr6\libgcc.a(_exit.o)
 .text.libgcc.div
                0x00000000        0x0 c:/program files (x86)/atmel/studio/7.0/toolchain/avr8/avr8-gnu-toolchain/bin/../lib/gcc/avr/5.4.0/avr6\libgcc.a(_exit.o)
 .text.libgcc   0x00000000        0x0 c:/program files (x86)/atmel/studio/7.0/toolchain/avr8/avr8-gnu-toolchain/bin/../lib/gcc/avr/5.4.0/avr6\libgcc.a(_exit.o)
 .text.libgcc.prologue
                0x00000000        0x0 c:/program files (x86)/atmel/studio/7.0/toolchain/avr8/avr8-gnu-toolchain/bin/../lib/gcc/avr/5.4.0/avr6\libgcc.a(_exit.o)
 .text.libgcc.builtins
                0x00000000        0x0 c:/program files (x86)/atmel/studio/7.0/toolchain/avr8/avr8-gnu-toolchain/bin/../lib/gcc/avr/5.4.0/avr6\libgcc.a(_exit.o)
 .text.libgcc.fmul
                0x00000000        0x0 c:/program files (x86)/atmel/studio/7.0/toolchain/avr8/avr8-gnu-toolchain/bin/../lib/gcc/avr/5.4.0/avr6\libgcc.a(_exit.o)
 .text.libgcc.fixed
                0x00000000        0x0 c:/program files (x86)/atmel/studio/7.0/toolchain/avr8/avr8-gnu-toolchain/bin/../lib/gcc/avr/5.4.0/avr6\libgcc.a(_exit.o)
 .text          0x00000000        0x0 c:/program files (x86)/atmel/studio/7.0/toolchain/avr8/avr8-gnu-toolchain/bin/../lib/gcc/avr/5.4.0/avr6\libgcc.a(_copy_data.o)
 .data          0x00000000        0x0 c:/program files (x86)/atmel/studio/7.0/toolchain/avr8/avr8-gnu-toolchain/bin/../lib/gcc/avr/5.4.0/avr6\libgcc.a(_copy_data.o)
 .bss           0x00000000        0x0 c:/program files (x86)/atmel/studio/7.0/toolchain/avr8/avr8-gnu-toolchain/bin/../lib/gcc/avr/5.4.0/avr6\libgcc.a(_copy_data.o)
 .text.libgcc.mul
                0x00000000        0x0 c:/program files (x86)/atmel/studio/7.0/toolchain/avr8/avr8-gnu-toolchain/bin/../lib/gcc/avr/5.4.0/avr6\libgcc.a(_copy_data.o)
 .text.libgcc.div
                0x00000000        0x0 c:/program files (x86)/atmel/studio/7.0/toolchain/avr8/avr8-gnu-toolchain/bin/../lib/gcc/avr/5.4.0/avr6\libgcc.a(_copy_data.o)
 .text.libgcc   0x00000000        0x0 c:/program files (x86)/atmel/studio/7.0/toolchain/avr8/avr8-gnu-toolchain/bin/../lib/gcc/avr/5.4.0/avr6\libgcc.a(_copy_data.o)
 .text.libgcc.prologue
                0x00000000        0x0 c:/program files (x86)/atmel/studio/7.0/toolchain/avr8/avr8-gnu-toolchain/bin/../lib/gcc/avr/5.4.0/avr6\libgcc.a(_copy_data.o)
 .text.libgcc.builtins
                0x00000000        0x0 c:/program files (x86)/atmel/studio/7.0/toolchain/avr8/avr8-gnu-toolchain/bin/../lib/gcc/avr/5.4.0/avr6\libgcc.a(_copy_data.o)
 .text.libgcc.fmul
                0x00000000        0x0 c:/program files (x86)/atmel/studio/7.0/toolchain/avr8/avr8-gnu-toolchain/bin/../lib/gcc/avr/5.4.0/avr6\libgcc.a(_copy_data.o)
 .text.libgcc.fixed
                0x00000000        0x0 c:/program files (x86)/atmel/studio/7.0/toolchain/avr8/avr8-gnu-toolchain/bin/../lib/gcc/avr/5.4.0/avr6\libgcc.a(_copy_data.o)
 .text          0x00000000        0x0 c:/program files (x86)/atmel/studio/7.0/toolchain/avr8/avr8-gnu-toolchain/bin/../lib/gcc/avr/5.4.0/avr6\libgcc.a(_clear_bss.o)
 .data          0x00000000        0x0 c:/program files (x86)/atmel/studio/7.0/toolchain/avr8/avr8-gnu-toolchain/bin/../lib/gcc/avr/5.4.0/avr6\libgcc.a(_clear_bss.o)
 .bss           0x00000000        0x0 c:/program files (x86)/atmel/studio/7.0/toolchain/avr8/avr8-gnu-toolchain/bin/../lib/gcc/avr/5.4.0/avr6\libgcc.a(_clear_bss.o)
 .text.libgcc.mul
                0x00000000        0x0 c:/program files (x86)/atmel/studio/7.0/toolchain/avr8/avr8-gnu-toolchain/bin/../lib/gcc/avr/5.4.0/avr6\libgcc.a(_clear_bss.o)
 .text.libgcc.div
                0x00000000        0x0 c:/program files (x86)/atmel/studio/7.0/toolchain/avr8/avr8-gnu-toolchain/bin/../lib/gcc/avr/5.4.0/avr6\libgcc.a(_clear_bss.o)
 .text.libgcc   0x00000000        0x0 c:/program files (x86)/atmel/studio/7.0/toolchain/avr8/avr8-gnu-toolchain/bin/../lib/gcc/avr/5.4.0/avr6\libgcc.a(_clear_bss.o)
 .text.libgcc.prologue
                0x00000000        0x0 c:/program files (x86)/atmel/studio/7.0/toolchain/avr8/avr8-gnu-toolchain/bin/../lib/gcc/avr/5.4.0/avr6\libgcc.a(_clear_bss.o)
 .text.libgcc.builtins
                0x00000000        0x0 c:/program files (x86)/atmel/studio/7.0/toolchain/avr8/avr8-gnu-toolchain/bin/../lib/gcc/avr/5.4.0/avr6\libgcc.a(_clear_bss.o)
 .text.libgcc.fmul
                0x00000000        0x0 c:/program files (x86)/atmel/studio/7.0/toolchain/avr8/avr8-gnu-toolchain/bin/../lib/gcc/avr/5.4.0/avr6\libgcc.a(_clear_bss.o)
 .text.libgcc.fixed
                0x00000000        0x0 c:/program files (x86)/atmel/studio/7.0/toolchain/avr8/avr8-gnu-toolchain/bin/../lib/gcc/avr/5.4.0/avr6\libgcc.a(_clear_bss.o)
 .text          0x00000000        0x0 c:/program files (x86)/atmel/studio/7.0/toolchain/avr8/avr8-gnu-toolchain/bin/../lib/gcc/avr/5.4.0/avr6\libgcc.a(_ctors.o)
 .data          0x00000000        0x0 c:/program files (x86)/atmel/studio/7.0/toolchain/avr8/avr8-gnu-toolchain/bin/../lib/gcc/avr/5.4.0/avr6\libgcc.a(_ctors.o)
 .bss           0x00000000        0x0 c:/program files (x86)/atmel/studio/7.0/toolchain/avr8/avr8-gnu-toolchain/bin/../lib/gcc/avr/5.4.0/avr6\libgcc.a(_ctors.o)
 .text.libgcc.mul
                0x00000000        0x0 c:/program files (x86)/atmel/studio/7.0/toolchain/avr8/avr8-gnu-toolchain/bin/../lib/gcc/avr/5.4.0/avr6\libgcc.a(_ctors.o)
 .text.libgcc.div
                0x00000000        0x0 c:/program files (x86)/atmel/studio/7.0/toolchain/avr8/avr8-gnu-toolchain/bin/../lib/gcc/avr/5.4.0/avr6\libgcc.a(_ctors.o)
 .text.libgcc   0x00000000        0x0 c:/program files (x86)/atmel/studio/7.0/toolchain/avr8/avr8-gnu-toolchain/bin/../lib/gcc/avr/5.4.0/avr6\libgcc.a(_ctors.o)
 .text.libgcc.prologue
                0x00000000        0x0 c:/program files (x86)/atmel/studio/7.0/toolchain/avr8/avr8-gnu-toolchain/bin/../lib/gcc/avr/5.4.0/avr6\libgcc.a(_ctors.o)
 .text.libgcc.builtins
                0x00000000        0x0 c:/program files (x86)/atmel/studio/7.0/toolchain/avr8/avr8-gnu-toolchain/bin/../lib/gcc/avr/5.4.0/avr6\libgcc.a(_ctors.o)
 .text.libgcc.fmul
                0x00000000        0x0 c:/program files (x86)/atmel/studio/7.0/toolchain/avr8/avr8-gnu-toolchain/bin/../lib/gcc/avr/5.4.0/avr6\libgcc.a(_ctors.o)
 .text.libgcc.fixed
                0x00000000        0x0 c:/program files (x86)/atmel/studio/7.0/toolchain/avr8/avr8-gnu-toolchain/bin/../lib/gcc/avr/5.4.0/avr6\libgcc.a(_ctors.o)
 .text          0x00000000        0x0 c:/program files (x86)/atmel/studio/7.0/toolchain/avr8/avr8-gnu-toolchain/bin/../lib/gcc/avr/5.4.0/avr6\libgcc.a(_umulhisi3.o)
 .data          0x00000000        0x0 c:/program files (x86)/atmel/studio/7.0/toolchain/avr8/avr8-gnu-toolchain/bin/../lib/gcc/avr/5.4.0/avr6\libgcc.a(_umulhisi3.o)
 .bss           0x00000000        0x0 c:/program files (x86)/atmel/studio/7.0/toolchain/avr8/avr8-gnu-toolchain/bin/../lib/gcc/avr/5.4.0/avr6\libgcc.a(_umulhisi3.o)
 .text.libgcc.div
                0x00000000        0x0 c:/program files (x86)/atmel/studio/7.0/toolchain/avr8/avr8-gnu-toolchain/bin/../lib/gcc/avr/5.4.0/avr6\libgcc.a(_umulhisi3.o)
 .text.libgcc   0x00000000        0x0 c:/program files (x86)/atmel/studio/7.0/toolchain/avr8/avr8-gnu-toolchain/bin/../lib/gcc/avr/5.4.0/avr6\libgcc.a(_umulhisi3.o)
 .text.libgcc.prologue
                0x00000000        0x0 c:/program files (x86)/atmel/studio/7.0/toolchain/avr8/avr8-gnu-toolchain/bin/../lib/gcc/avr/5.4.0/avr6\libgcc.a(_umulhisi3.o)
 .text.libgcc.builtins
                0x00000000        0x0 c:/program files (x86)/atmel/studio/7.0/toolchain/avr8/avr8-gnu-toolchain/bin/../lib/gcc/avr/5.4.0/avr6\libgcc.a(_umulhisi3.o)
 .text.libgcc.fmul
                0x00000000        0x0 c:/program files (x86)/atmel/studio/7.0/toolchain/avr8/avr8-gnu-toolchain/bin/../lib/gcc/avr/5.4.0/avr6\libgcc.a(_umulhisi3.o)
 .text.libgcc.fixed
                0x00000000        0x0 c:/program files (x86)/atmel/studio/7.0/toolchain/avr8/avr8-gnu-toolchain/bin/../lib/gcc/avr/5.4.0/avr6\libgcc.a(_umulhisi3.o)
 .text          0x00000000        0x0 c:/program files (x86)/atmel/studio/7.0/toolchain/avr8/avr8-gnu-toolchain/bin/../lib/gcc/avr/5.4.0/avr6\libgcc.a(_tablejump2.o)
 .data          0x00000000        0x0 c:/program files (x86)/atmel/studio/7.0/toolchain/avr8/avr8-gnu-toolchain/bin/../lib/gcc/avr/5.4.0/avr6\libgcc.a(_tablejump2.o)
 .bss           0x00000000        0x0 c:/program files (x86)/atmel/studio/7.0/toolchain/avr8/avr8-gnu-toolchain/bin/../lib/gcc/avr/5.4.0/avr6\libgcc.a(_tablejump2.o)
 .text.libgcc.mul
                0x00000000        0x0 c:/program files (x86)/atmel/studio/7.0/toolchain/avr8/avr8-gnu-toolchain/bin/../lib/gcc/avr/5.4.0/avr6\libgcc.a(_tablejump2.o)
 .text.libgcc.div
                0x00000000        0x0 c:/program files (x86)/atmel/studio/7.0/toolchain/avr8/avr8-gnu-toolchain/bin/../lib/gcc/avr/5.4.0/avr6\libgcc.a(_tablejump2.o)
 .text.libgcc.prologue
                0x00000000        0x0 c:/program files (x86)/atmel/studio/7.0/toolchain/avr8/avr8-gnu-toolchain/bin/../lib/gcc/avr/5.4.0/avr6\libgcc.a(_tablejump2.o)
 .text.libgcc.builtins
                0x00000000        0x0 c:/program files (x86)/atmel/studio/7.0/toolchain/avr8/avr8-gnu-toolchain/bin/../lib/gcc/avr/5.4.0/avr6\libgcc.a(_tablejump2.o)
 .text.libgcc.fmul
                0x00000000        0x0 c:/program files (x86)/atmel/studio/7.0/toolchain/avr8/avr8-gnu-toolchain/bin/../lib/gcc/avr/5.4.0/avr6\libgcc.a(_tablejump2.o)
 .text.libgcc.fixed
                0x00000000        0x0 c:/program files (x86)/atmel/studio/7.0/toolchain/avr8/avr8-gnu-toolchain/bin/../lib/gcc/avr/5.4.0/avr6\libgcc.a(_tablejump2.o)
 .text          0x00000000        0x0 C:/Program Files (x86)/Atmel/Studio/7.0/Packs/atmel/ATmega_DFP/1.6.364/gcc/dev/atmega2560/avr6\libatmega2560.a(eerd_byte.o)
 .data          0x00000000        0x0 C:/Program Files (x86)/Atmel/Studio/7.0/Packs/atmel/ATmega_DFP/1.6.364/gcc/dev/atmega2560/avr6\libatmega2560.a(eerd_byte.o)
 .bss           0x00000000        0x0 C:/Program Files (x86)/Atmel/Studio/7.0/Packs/atmel/ATmega_DFP/1.6.364/gcc/dev/atmega2560/avr6\libatmega2560.a(eerd_byte.o)
 .text          0x00000000        0x0 C:/Program Files (x86)/Atmel/Studio/7.0/Packs/atmel/ATmega_DFP/1.6.364/gcc/dev/atmega2560/avr6\libatmega2560.a(eewr_byte.o)
 .data          0x00000000        0x0 C:/Program Files (x86)/Atmel/Studio/7.0/Packs/atmel/ATmega_DFP/1.6.364/gcc/dev/atmega2560/avr6\libatmega2560.a(eewr_byte.o)
 .bss           0x00000000        0x0 C:/Program Files (x86)/Atmel/Studio/7.0/Packs/atmel/ATmega_DFP/1.6.364/gcc/dev/atmega2560/avr6\libatmega2560.a(eewr_byte.o)

Memory Configuration

Name             Origin             Length             Attributes
text             0x00000000         0x00040000         xr
data             0x00800200         0x00002000         rw !x
eeprom           0x00810000         0x00001000         rw !x
fuse             0x00820000         0x00000003         rw !x
lock             0x00830000         0x00000400         rw !x
signature        0x00840000         0x00000400         rw !x
user_signatures  0x00850000         0x00000400         rw !x
*default*        0x00000000         0xffffffff

Linker script and memory map

Address of section .data set to 0x800200
LOAD C:/Program Files (x86)/Atmel/Studio/7.0/Packs/atmel/ATmega_DFP/1.6.364/gcc/dev/atmega2560/avr6/crtatmega2560.o
LOAD main.o
START GROUP
LOAD c:/program files (x86)/atmel/studio/7.0/toolchain/avr8/avr8-gnu-toolchain/bin/../lib/gcc/avr/5.4.0/../../../../avr/lib/avr6\libm.a
LOAD C:\Users\Me\Desktop\Coolyeah\Beres\OoSe\Code_Battlefield\OOSE_LABOR_PROJECT\Runtime\libRuntime.a
END GROUP
LOAD c:/program files (x86)/atmel/studio/7.0/toolchain/avr8/avr8-gnu-toolchain/bin/../lib/gcc/avr/5.4.0/avr6\libgcc.a
LOAD c:/program files (x86)/atmel/studio/7.0/toolchain/avr8/avr8-gnu-toolchain/bin/../lib/gcc/avr/5.4.0/../../../../avr/lib/avr6\libm.a
START GROUP
LOAD c:/program files (x86)/atmel/studio/7.0/toolchain/avr8/avr8-gnu-toolchain/bin/../lib/gcc/avr/5.4.0/avr6\libgcc.a
LOAD c:/program files (x86)/atmel/studio/7.0/toolchain/avr8/avr8-gnu-toolchain/bin/../lib/gcc/avr/5.4.0/../../../../avr/lib/avr6\libm.a
LOAD c:/program files (x86)/atmel/studio/7.0/toolchain/avr8/avr8-gnu-toolchain/bin/../lib/gcc/avr/5.4.0/../../../../avr/lib/avr6\libc.a
LOAD C:/Program Files (x86)/Atmel/Studio/7.0/Packs/atmel/ATmega_DFP/1.6.364/gcc/dev/atmega2560/avr6\libatmega2560.a
END GROUP
                0x00000000                __TEXT_REGION_ORIGIN__ = DEFINED (__TEXT_REGION_ORIGIN__)?__TEXT_REGION_ORIGIN__:0x0
                [0x00800200]                __DATA_REGION_ORIGIN__ = DEFINED (__DATA_REGION_ORIGIN__)?__DATA_REGION_ORIGIN__:0x800200
                [0x00040000]                __TEXT_REGION_LENGTH__ = DEFINED (__TEXT_REGION_LENGTH__)?__TEXT_REGION_LENGTH__:0x100000
                [0x00002000]                __DATA_REGION_LENGTH__ = DEFINED (__DATA_REGION_LENGTH__)?__DATA_REGION_LENGTH__:0xfe00
                [0x00001000]                __EEPROM_REGION_LENGTH__ = DEFINED (__EEPROM_REGION_LENGTH__)?__EEPROM_REGION_LENGTH__:0x10000
                [0x00000003]                __FUSE_REGION_LENGTH__ = DEFINED (__FUSE_REGION_LENGTH__)?__FUSE_REGION_LENGTH__:0x400
                0x00000400                __LOCK_REGION_LENGTH__ = DEFINED (__LOCK_REGION_LENGTH__)?__LOCK_REGION_LENGTH__:0x400
                0x00000400                __SIGNATURE_REGION_LENGTH__ = DEFINED (__SIGNATURE_REGION_LENGTH__)?__SIGNATURE_REGION_LENGTH__:0x400
                0x00000400                __USER_SIGNATURE_REGION_LENGTH__ = DEFINED (__USER_SIGNATURE_REGION_LENGTH__)?__USER_SIGNATURE_REGION_LENGTH__:0x400

.hash
 *(.hash)

.dynsym
 *(.dynsym)

.dynstr
 *(.dynstr)

.gnu.version
 *(.gnu.version)

.gnu.version_d
 *(.gnu.version_d)

.gnu.version_r
 *(.gnu.version_r)

.rel.init
 *(.rel.init)

.rela.init
 *(.rela.init)

.rel.text
 *(.rel.text)
 *(.rel.text.*)
 *(.rel.gnu.linkonce.t*)

.rela.text
 *(.rela.text)
 *(.rela.text.*)
 *(.rela.gnu.linkonce.t*)

.rel.fini
 *(.rel.fini)

.rela.fini
 *(.rela.fini)

.rel.rodata
 *(.rel.rodata)
 *(.rel.rodata.*)
 *(.rel.gnu.linkonce.r*)

.rela.rodata
 *(.rela.rodata)
 *(.rela.rodata.*)
 *(.rela.gnu.linkonce.r*)

.rel.data
 *(.rel.data)
 *(.rel.data.*)
 *(.rel.gnu.linkonce.d*)

.rela.data
 *(.rela.data)
 *(.rela.data.*)
 *(.rela.gnu.linkonce.d*)

.rel.ctors
 *(.rel.ctors)

.rela.ctors
 *(.rela.ctors)

.rel.dtors
 *(.rel.dtors)

.rela.dtors
 *(.rela.dtors)

.rel.got
 *(.rel.got)

.rela.got
 *(.rela.got)

.rel.bss
 *(.rel.bss)

.rela.bss
 *(.rela.bss)

.rel.plt
 *(.rel.plt)

.rela.plt
 *(.rela.plt)

.text           0x00000000     0x2d24
 *(.vectors)
 .vectors       0x00000000       0xe4 C:/Program Files (x86)/Atmel/Studio/7.0/Packs/atmel/ATmega_DFP/1.6.364/gcc/dev/atmega2560/avr6/crtatmega2560.o
                0x00000000                __vector_default
                0x00000000                __vectors
 *(.vectors)
 *(.progmem.gcc*)
                0x000000e4                . = ALIGN (0x2)
                0x000000e4                __trampolines_start = .
 *(.trampolines)
 .trampolines   0x000000e4        0x0 linker stubs
 *(.trampolines*)
                0x000000e4                __trampolines_end = .
 *libprintf_flt.a:*(.progmem.data)
 *libc.a:*(.progmem.data)
 *(.progmem*)
 .progmem.data._ZL8setclear
                0x000000e4       0x16 main.o
 .progmem.data._ZL12settempalarm
                0x000000fa       0x16 main.o
 .progmem.data._ZL10setseconds
                0x00000110       0x13 main.o
 .progmem.data._ZL10setminutes
                0x00000123       0x13 main.o
 .progmem.data._ZL8sethours
                0x00000136       0x11 main.o
 .progmem.data._ZL10text_clear
                0x00000147        0xb main.o
 .progmem.data._ZL9temp_text
                0x00000152        0xb main.o
 .progmem.data._ZL10alarm_text
                0x0000015d        0xb main.o
 .progmem.data._ZL8dataline
                0x00000168       0x29 main.o
 .progmem.data._ZL8headline
                0x00000191       0x29 main.o
                0x000001ba                . = ALIGN (0x2)
 *(.jumptables)
 *(.jumptables*)
 *(.lowtext)
 *(.lowtext*)
                0x000001ba                __ctors_start = .
 *(.ctors)
 .ctors         0x000001ba        0x2 main.o
 .ctors         0x000001bc        0x2 C:\Users\Me\Desktop\Coolyeah\Beres\OoSe\Code_Battlefield\OOSE_LABOR_PROJECT\Runtime\libRuntime.a(OSKernel.o)
                0x000001be                __ctors_end = .
                0x000001be                __dtors_start = .
 *(.dtors)
                0x000001be                __dtors_end = .
 SORT(*)(.ctors)
 SORT(*)(.dtors)
 *(.init0)
 .init0         0x000001be        0x0 C:/Program Files (x86)/Atmel/Studio/7.0/Packs/atmel/ATmega_DFP/1.6.364/gcc/dev/atmega2560/avr6/crtatmega2560.o
                0x000001be                __init
 .init0         0x000001be       0x18 main.o
 .init0         0x000001d6       0x18 C:\Users\Me\Desktop\Coolyeah\Beres\OoSe\Code_Battlefield\OOSE_LABOR_PROJECT\Runtime\libRuntime.a(DigiPort.o)
 .init0         0x000001ee       0x18 C:\Users\Me\Desktop\Coolyeah\Beres\OoSe\Code_Battlefield\OOSE_LABOR_PROJECT\Runtime\libRuntime.a(LCD.o)
 .init0         0x00000206       0x18 C:\Users\Me\Desktop\Coolyeah\Beres\OoSe\Code_Battlefield\OOSE_LABOR_PROJECT\Runtime\libRuntime.a(OSKernel.o)
 .init0         0x0000021e       0x18 C:\Users\Me\Desktop\Coolyeah\Beres\OoSe\Code_Battlefield\OOSE_LABOR_PROJECT\Runtime\libRuntime.a(QuadEncoder.o)
 .init0         0x00000236       0x18 C:\Users\Me\Desktop\Coolyeah\Beres\OoSe\Code_Battlefield\OOSE_LABOR_PROJECT\Runtime\libRuntime.a(Timer.o)
 .init0         0x0000024e       0x18 C:\Users\Me\Desktop\Coolyeah\Beres\OoSe\Code_Battlefield\OOSE_LABOR_PROJECT\Runtime\libRuntime.a(Basics.o)
 *(.init0)
 *(.init1)
 *(.init1)
 *(.init2)
 .init2         0x00000266       0x10 C:/Program Files (x86)/Atmel/Studio/7.0/Packs/atmel/ATmega_DFP/1.6.364/gcc/dev/atmega2560/avr6/crtatmega2560.o
 *(.init2)
 *(.init3)
 *(.init3)
 *(.init4)
 .init4         0x00000276       0x1a c:/program files (x86)/atmel/studio/7.0/toolchain/avr8/avr8-gnu-toolchain/bin/../lib/gcc/avr/5.4.0/avr6\libgcc.a(_copy_data.o)
                0x00000276                __do_copy_data
 .init4         0x00000290       0x10 c:/program files (x86)/atmel/studio/7.0/toolchain/avr8/avr8-gnu-toolchain/bin/../lib/gcc/avr/5.4.0/avr6\libgcc.a(_clear_bss.o)
                0x00000290                __do_clear_bss
 *(.init4)
 *(.init5)
 *(.init5)
 *(.init6)
 .init6         0x000002a0       0x20 c:/program files (x86)/atmel/studio/7.0/toolchain/avr8/avr8-gnu-toolchain/bin/../lib/gcc/avr/5.4.0/avr6\libgcc.a(_ctors.o)
                0x000002a0                __do_global_ctors
 *(.init6)
 *(.init7)
 *(.init7)
 *(.init8)
 *(.init8)
 *(.init9)
 .init9         0x000002c0        0x6 C:/Program Files (x86)/Atmel/Studio/7.0/Packs/atmel/ATmega_DFP/1.6.364/gcc/dev/atmega2560/avr6/crtatmega2560.o
 *(.init9)
 *(.text)
 .text          0x000002c6        0x2 C:/Program Files (x86)/Atmel/Studio/7.0/Packs/atmel/ATmega_DFP/1.6.364/gcc/dev/atmega2560/avr6/crtatmega2560.o
                0x000002c6                __vector_38
                0x000002c6                __vector_28
                0x000002c6                __vector_1
                0x000002c6                __vector_24
                0x000002c6                __vector_12
                0x000002c6                __vector_55
                0x000002c6                __vector_46
                0x000002c6                __bad_interrupt
                0x000002c6                __vector_6
                0x000002c6                __vector_31
                0x000002c6                __vector_39
                0x000002c6                __vector_3
                0x000002c6                __vector_30
                0x000002c6                __vector_25
                0x000002c6                __vector_54
                0x000002c6                __vector_56
                0x000002c6                __vector_7
                0x000002c6                __vector_41
                0x000002c6                __vector_27
                0x000002c6                __vector_5
                0x000002c6                __vector_52
                0x000002c6                __vector_37
                0x000002c6                __vector_4
                0x000002c6                __vector_51
                0x000002c6                __vector_2
                0x000002c6                __vector_15
                0x000002c6                __vector_36
                0x000002c6                __vector_40
                0x000002c6                __vector_8
                0x000002c6                __vector_26
                0x000002c6                __vector_53
                0x000002c6                __vector_16
                0x000002c8                . = ALIGN (0x2)
 *(.text.*)
 .text._ZN11ADConverter8identityEj
                0x000002c8        0x2 main.o
                0x000002c8                _ZN11ADConverter8identityEj
 .text._ZL9ticker_cbv
                0x000002ca       0x50 main.o
 .text._ZL10read_quencPKchhhhha
                0x0000031a       0xc6 main.o
 .text._ZL11eeprom_readh
                0x000003e0       0x10 main.o
 .text._Z41__static_initialization_and_destruction_0ii
                0x000003f0       0xfa main.o
 .text._Z12eeprom_writehh
                0x000004ea       0x16 main.o
                0x000004ea                _Z12eeprom_writehh
 .text._ZN7myClock4showEv
                0x00000500       0xa4 main.o
                0x00000500                _ZN7myClock4showEv
 .text._ZN8mySensor4showEv
                0x000005a4       0x9a main.o
                0x000005a4                _ZN8mySensor4showEv
 .text.main     0x0000063e      0x5b8 main.o
                0x0000063e                main
 .text._GLOBAL__sub_I_do_blink
                0x00000bf6        0xc main.o
 .text.__vector_29
                0x00000c02      0x166 C:\Users\Me\Desktop\Coolyeah\Beres\OoSe\Code_Battlefield\OOSE_LABOR_PROJECT\Runtime\libRuntime.a(ADConverter.o)
                0x00000c02                __vector_29
 .text._ZN11ADConverterC2EhhPFijE
                0x00000d68       0xa8 C:\Users\Me\Desktop\Coolyeah\Beres\OoSe\Code_Battlefield\OOSE_LABOR_PROJECT\Runtime\libRuntime.a(ADConverter.o)
                0x00000d68                _ZN11ADConverterC2EhhPFijE
                0x00000d68                _ZN11ADConverterC1EhhPFijE
 .text._ZN11ADConverter9get_valueEv
                0x00000e10       0xb4 C:\Users\Me\Desktop\Coolyeah\Beres\OoSe\Code_Battlefield\OOSE_LABOR_PROJECT\Runtime\libRuntime.a(ADConverter.o)
                0x00000e10                _ZN11ADConverter9get_valueEv
 .text._ZN11DigiPortRaw5writeEh
                0x00000ec4       0x26 C:\Users\Me\Desktop\Coolyeah\Beres\OoSe\Code_Battlefield\OOSE_LABOR_PROJECT\Runtime\libRuntime.a(DigiPort.o)
                0x00000ec4                _ZN11DigiPortRaw5writeEh
 .text._ZN11DigiPortRaw2onEh
                0x00000eea       0x3c C:\Users\Me\Desktop\Coolyeah\Beres\OoSe\Code_Battlefield\OOSE_LABOR_PROJECT\Runtime\libRuntime.a(DigiPort.o)
                0x00000eea                _ZN11DigiPortRaw2onEh
 .text._ZN11DigiPortRaw3offEh
                0x00000f26       0x3c C:\Users\Me\Desktop\Coolyeah\Beres\OoSe\Code_Battlefield\OOSE_LABOR_PROJECT\Runtime\libRuntime.a(DigiPort.o)
                0x00000f26                _ZN11DigiPortRaw3offEh
 .text._ZN11DigiPortRaw6toggleEh
                0x00000f62       0x1e C:\Users\Me\Desktop\Coolyeah\Beres\OoSe\Code_Battlefield\OOSE_LABOR_PROJECT\Runtime\libRuntime.a(DigiPort.o)
                0x00000f62                _ZN11DigiPortRaw6toggleEh
 .text._ZN11DigiPortRaw8read_rawEh
                0x00000f80       0x2e C:\Users\Me\Desktop\Coolyeah\Beres\OoSe\Code_Battlefield\OOSE_LABOR_PROJECT\Runtime\libRuntime.a(DigiPort.o)
                0x00000f80                _ZN11DigiPortRaw8read_rawEh
 .text._ZN12DigiPortIRPT6notifyEv
                0x00000fae       0x40 C:\Users\Me\Desktop\Coolyeah\Beres\OoSe\Code_Battlefield\OOSE_LABOR_PROJECT\Runtime\libRuntime.a(DigiPort.o)
                0x00000fae                _ZN12DigiPortIRPT6notifyEv
 .text._ZN11DigiPortRaw13read_blockingEh
                0x00000fee       0x4a C:\Users\Me\Desktop\Coolyeah\Beres\OoSe\Code_Battlefield\OOSE_LABOR_PROJECT\Runtime\libRuntime.a(DigiPort.o)
                0x00000fee                _ZN11DigiPortRaw13read_blockingEh
 .text._ZN11DigiPortRawC2Ehhh
                0x00001038       0x48 C:\Users\Me\Desktop\Coolyeah\Beres\OoSe\Code_Battlefield\OOSE_LABOR_PROJECT\Runtime\libRuntime.a(DigiPort.o)
                0x00001038                _ZN11DigiPortRawC1Ehhh
                0x00001038                _ZN11DigiPortRawC2Ehhh
 .text.__vector_9
                0x00001080       0x66 C:\Users\Me\Desktop\Coolyeah\Beres\OoSe\Code_Battlefield\OOSE_LABOR_PROJECT\Runtime\libRuntime.a(DigiPort.o)
                0x00001080                __vector_9
 .text.__vector_10
                0x000010e6       0x66 C:\Users\Me\Desktop\Coolyeah\Beres\OoSe\Code_Battlefield\OOSE_LABOR_PROJECT\Runtime\libRuntime.a(DigiPort.o)
                0x000010e6                __vector_10
 .text.__vector_11
                0x0000114c       0x66 C:\Users\Me\Desktop\Coolyeah\Beres\OoSe\Code_Battlefield\OOSE_LABOR_PROJECT\Runtime\libRuntime.a(DigiPort.o)
                0x0000114c                __vector_11
 .text._ZN12DigiPortIRPTC2EhhhPFvvE
                0x000011b2       0x94 C:\Users\Me\Desktop\Coolyeah\Beres\OoSe\Code_Battlefield\OOSE_LABOR_PROJECT\Runtime\libRuntime.a(DigiPort.o)
                0x000011b2                _ZN12DigiPortIRPTC1EhhhPFvvE
                0x000011b2                _ZN12DigiPortIRPTC2EhhhPFvvE
 .text._ZN3LCD10wait_readyEv
                0x00001246       0xd4 C:\Users\Me\Desktop\Coolyeah\Beres\OoSe\Code_Battlefield\OOSE_LABOR_PROJECT\Runtime\libRuntime.a(LCD.o)
                0x00001246                _ZN3LCD10wait_readyEv
 .text._ZN3LCD6enableEv
                0x0000131a       0x44 C:\Users\Me\Desktop\Coolyeah\Beres\OoSe\Code_Battlefield\OOSE_LABOR_PROJECT\Runtime\libRuntime.a(LCD.o)
                0x0000131a                _ZN3LCD6enableEv
 .text._ZN3LCD7commandEh
                0x0000135e       0xb6 C:\Users\Me\Desktop\Coolyeah\Beres\OoSe\Code_Battlefield\OOSE_LABOR_PROJECT\Runtime\libRuntime.a(LCD.o)
                0x0000135e                _ZN3LCD7commandEh
 .text._ZN3LCD7set_posEhh
                0x00001414       0x58 C:\Users\Me\Desktop\Coolyeah\Beres\OoSe\Code_Battlefield\OOSE_LABOR_PROJECT\Runtime\libRuntime.a(LCD.o)
                0x00001414                _ZN3LCD7set_posEhh
 .text._ZN3LCD14advance_cursorEv
                0x0000146c       0x3c C:\Users\Me\Desktop\Coolyeah\Beres\OoSe\Code_Battlefield\OOSE_LABOR_PROJECT\Runtime\libRuntime.a(LCD.o)
                0x0000146c                _ZN3LCD14advance_cursorEv
 .text._ZN3LCD4initEh
                0x000014a8      0x134 C:\Users\Me\Desktop\Coolyeah\Beres\OoSe\Code_Battlefield\OOSE_LABOR_PROJECT\Runtime\libRuntime.a(LCD.o)
                0x000014a8                _ZN3LCD4initEh
 .text._ZN3LCDC2Eh10LCD_Type_th
                0x000015dc       0x66 C:\Users\Me\Desktop\Coolyeah\Beres\OoSe\Code_Battlefield\OOSE_LABOR_PROJECT\Runtime\libRuntime.a(LCD.o)
                0x000015dc                _ZN3LCDC2Eh10LCD_Type_th
                0x000015dc                _ZN3LCDC1Eh10LCD_Type_th
 .text._ZN3LCD10write_charEc
                0x00001642       0x62 C:\Users\Me\Desktop\Coolyeah\Beres\OoSe\Code_Battlefield\OOSE_LABOR_PROJECT\Runtime\libRuntime.a(LCD.o)
                0x00001642                _ZN3LCD10write_charEc
 .text._ZN3LCD15write_SRAM_textEPKch
                0x000016a4       0x44 C:\Users\Me\Desktop\Coolyeah\Beres\OoSe\Code_Battlefield\OOSE_LABOR_PROJECT\Runtime\libRuntime.a(LCD.o)
                0x000016a4                _ZN3LCD15write_SRAM_textEPKch
 .text._ZN3LCD16write_FLASH_textEPKch
                0x000016e8       0x48 C:\Users\Me\Desktop\Coolyeah\Beres\OoSe\Code_Battlefield\OOSE_LABOR_PROJECT\Runtime\libRuntime.a(LCD.o)
                0x000016e8                _ZN3LCD16write_FLASH_textEPKch
 .text._ZN3LCD4itoaEPcihc
                0x00001730       0xea C:\Users\Me\Desktop\Coolyeah\Beres\OoSe\Code_Battlefield\OOSE_LABOR_PROJECT\Runtime\libRuntime.a(LCD.o)
                0x00001730                _ZN3LCD4itoaEPcihc
 .text._ZN3LCD12write_numberEihc
                0x0000181a       0x1a C:\Users\Me\Desktop\Coolyeah\Beres\OoSe\Code_Battlefield\OOSE_LABOR_PROJECT\Runtime\libRuntime.a(LCD.o)
                0x0000181a                _ZN3LCD12write_numberEihc
 .text._Z5yieldv
                0x00001834       0x58 C:\Users\Me\Desktop\Coolyeah\Beres\OoSe\Code_Battlefield\OOSE_LABOR_PROJECT\Runtime\libRuntime.a(OSKernel.o)
                0x00001834                _Z5yieldv
 .text._Z11sem_waitingv
                0x0000188c       0x36 C:\Users\Me\Desktop\Coolyeah\Beres\OoSe\Code_Battlefield\OOSE_LABOR_PROJECT\Runtime\libRuntime.a(OSKernel.o)
                0x0000188c                _Z11sem_waitingv
 .text.__vector_23
                0x000018c2      0x202 C:\Users\Me\Desktop\Coolyeah\Beres\OoSe\Code_Battlefield\OOSE_LABOR_PROJECT\Runtime\libRuntime.a(OSKernel.o)
                0x000018c2                __vector_23
 .text._GLOBAL__sub_I__Z11task_insertPFvvE8Priority
                0x00001ac4        0xa C:\Users\Me\Desktop\Coolyeah\Beres\OoSe\Code_Battlefield\OOSE_LABOR_PROJECT\Runtime\libRuntime.a(OSKernel.o)
 .text._ZN11QuadEncoder2onEh
                0x00001ace       0x14 C:\Users\Me\Desktop\Coolyeah\Beres\OoSe\Code_Battlefield\OOSE_LABOR_PROJECT\Runtime\libRuntime.a(QuadEncoder.o)
                0x00001ace                _ZN11QuadEncoder2onEh
 .text._ZN11QuadEncoder3offEh
                0x00001ae2       0x12 C:\Users\Me\Desktop\Coolyeah\Beres\OoSe\Code_Battlefield\OOSE_LABOR_PROJECT\Runtime\libRuntime.a(QuadEncoder.o)
                0x00001ae2                _ZN11QuadEncoder3offEh
 .text._ZN11QuadEncoder6toggleEh
                0x00001af4       0x12 C:\Users\Me\Desktop\Coolyeah\Beres\OoSe\Code_Battlefield\OOSE_LABOR_PROJECT\Runtime\libRuntime.a(QuadEncoder.o)
                0x00001af4                _ZN11QuadEncoder6toggleEh
 .text._ZN11QuadEncoder6notifyEv
                0x00001b06       0xf2 C:\Users\Me\Desktop\Coolyeah\Beres\OoSe\Code_Battlefield\OOSE_LABOR_PROJECT\Runtime\libRuntime.a(QuadEncoder.o)
                0x00001b06                _ZN11QuadEncoder6notifyEv
 .text._ZN11QuadEncoderC2Eh
                0x00001bf8       0x62 C:\Users\Me\Desktop\Coolyeah\Beres\OoSe\Code_Battlefield\OOSE_LABOR_PROJECT\Runtime\libRuntime.a(QuadEncoder.o)
                0x00001bf8                _ZN11QuadEncoderC1Eh
                0x00001bf8                _ZN11QuadEncoderC2Eh
 .text._ZN11QuadEncoder5startEiii
                0x00001c5a       0xac C:\Users\Me\Desktop\Coolyeah\Beres\OoSe\Code_Battlefield\OOSE_LABOR_PROJECT\Runtime\libRuntime.a(QuadEncoder.o)
                0x00001c5a                _ZN11QuadEncoder5startEiii
 .text._ZN6Timer88notify_AEv
                0x00001d06       0x2c C:\Users\Me\Desktop\Coolyeah\Beres\OoSe\Code_Battlefield\OOSE_LABOR_PROJECT\Runtime\libRuntime.a(Timer.o)
                0x00001d06                _ZN6Timer88notify_AEv
 .text._ZN6Timer88notify_BEv
                0x00001d32       0x2c C:\Users\Me\Desktop\Coolyeah\Beres\OoSe\Code_Battlefield\OOSE_LABOR_PROJECT\Runtime\libRuntime.a(Timer.o)
                0x00001d32                _ZN6Timer88notify_BEv
 .text._ZN6Timer88notify_CEv
                0x00001d5e        0x2 C:\Users\Me\Desktop\Coolyeah\Beres\OoSe\Code_Battlefield\OOSE_LABOR_PROJECT\Runtime\libRuntime.a(Timer.o)
                0x00001d5e                _ZN6Timer88notify_CEv
 .text._ZN6Timer88notify_OEv
                0x00001d60       0x24 C:\Users\Me\Desktop\Coolyeah\Beres\OoSe\Code_Battlefield\OOSE_LABOR_PROJECT\Runtime\libRuntime.a(Timer.o)
                0x00001d60                _ZN6Timer88notify_OEv
 .text._ZN7OSTimer5resetEv
                0x00001d84       0x4c C:\Users\Me\Desktop\Coolyeah\Beres\OoSe\Code_Battlefield\OOSE_LABOR_PROJECT\Runtime\libRuntime.a(Timer.o)
                0x00001d84                _ZN7OSTimer5resetEv
 .text._ZN7Timer168notify_AEv
                0x00001dd0       0x2c C:\Users\Me\Desktop\Coolyeah\Beres\OoSe\Code_Battlefield\OOSE_LABOR_PROJECT\Runtime\libRuntime.a(Timer.o)
                0x00001dd0                _ZN7Timer168notify_AEv
 .text._ZN7Timer168notify_BEv
                0x00001dfc       0x2c C:\Users\Me\Desktop\Coolyeah\Beres\OoSe\Code_Battlefield\OOSE_LABOR_PROJECT\Runtime\libRuntime.a(Timer.o)
                0x00001dfc                _ZN7Timer168notify_BEv
 .text._ZN7Timer168notify_CEv
                0x00001e28       0x2c C:\Users\Me\Desktop\Coolyeah\Beres\OoSe\Code_Battlefield\OOSE_LABOR_PROJECT\Runtime\libRuntime.a(Timer.o)
                0x00001e28                _ZN7Timer168notify_CEv
 .text._ZN7Timer168notify_OEv
                0x00001e54       0x24 C:\Users\Me\Desktop\Coolyeah\Beres\OoSe\Code_Battlefield\OOSE_LABOR_PROJECT\Runtime\libRuntime.a(Timer.o)
                0x00001e54                _ZN7Timer168notify_OEv
 .text.__cxa_pure_virtual
                0x00001e78        0x2 C:\Users\Me\Desktop\Coolyeah\Beres\OoSe\Code_Battlefield\OOSE_LABOR_PROJECT\Runtime\libRuntime.a(Timer.o)
                0x00001e78                __cxa_pure_virtual
 .text.__vector_21
                0x00001e7a       0x66 C:\Users\Me\Desktop\Coolyeah\Beres\OoSe\Code_Battlefield\OOSE_LABOR_PROJECT\Runtime\libRuntime.a(Timer.o)
                0x00001e7a                __vector_21
 .text.__vector_22
                0x00001ee0       0x66 C:\Users\Me\Desktop\Coolyeah\Beres\OoSe\Code_Battlefield\OOSE_LABOR_PROJECT\Runtime\libRuntime.a(Timer.o)
                0x00001ee0                __vector_22
 .text.__vector_13
                0x00001f46       0x66 C:\Users\Me\Desktop\Coolyeah\Beres\OoSe\Code_Battlefield\OOSE_LABOR_PROJECT\Runtime\libRuntime.a(Timer.o)
                0x00001f46                __vector_13
 .text.__vector_14
                0x00001fac       0x66 C:\Users\Me\Desktop\Coolyeah\Beres\OoSe\Code_Battlefield\OOSE_LABOR_PROJECT\Runtime\libRuntime.a(Timer.o)
                0x00001fac                __vector_14
 .text.__vector_17
                0x00002012       0x66 C:\Users\Me\Desktop\Coolyeah\Beres\OoSe\Code_Battlefield\OOSE_LABOR_PROJECT\Runtime\libRuntime.a(Timer.o)
                0x00002012                __vector_17
 .text.__vector_18
                0x00002078       0x66 C:\Users\Me\Desktop\Coolyeah\Beres\OoSe\Code_Battlefield\OOSE_LABOR_PROJECT\Runtime\libRuntime.a(Timer.o)
                0x00002078                __vector_18
 .text.__vector_19
                0x000020de       0x66 C:\Users\Me\Desktop\Coolyeah\Beres\OoSe\Code_Battlefield\OOSE_LABOR_PROJECT\Runtime\libRuntime.a(Timer.o)
                0x000020de                __vector_19
 .text.__vector_20
                0x00002144       0x66 C:\Users\Me\Desktop\Coolyeah\Beres\OoSe\Code_Battlefield\OOSE_LABOR_PROJECT\Runtime\libRuntime.a(Timer.o)
                0x00002144                __vector_20
 .text.__vector_32
                0x000021aa       0x66 C:\Users\Me\Desktop\Coolyeah\Beres\OoSe\Code_Battlefield\OOSE_LABOR_PROJECT\Runtime\libRuntime.a(Timer.o)
                0x000021aa                __vector_32
 .text.__vector_33
                0x00002210       0x66 C:\Users\Me\Desktop\Coolyeah\Beres\OoSe\Code_Battlefield\OOSE_LABOR_PROJECT\Runtime\libRuntime.a(Timer.o)
                0x00002210                __vector_33
 .text.__vector_34
                0x00002276       0x66 C:\Users\Me\Desktop\Coolyeah\Beres\OoSe\Code_Battlefield\OOSE_LABOR_PROJECT\Runtime\libRuntime.a(Timer.o)
                0x00002276                __vector_34
 .text.__vector_35
                0x000022dc       0x66 C:\Users\Me\Desktop\Coolyeah\Beres\OoSe\Code_Battlefield\OOSE_LABOR_PROJECT\Runtime\libRuntime.a(Timer.o)
                0x000022dc                __vector_35
 .text.__vector_42
                0x00002342       0x66 C:\Users\Me\Desktop\Coolyeah\Beres\OoSe\Code_Battlefield\OOSE_LABOR_PROJECT\Runtime\libRuntime.a(Timer.o)
                0x00002342                __vector_42
 .text.__vector_43
                0x000023a8       0x66 C:\Users\Me\Desktop\Coolyeah\Beres\OoSe\Code_Battlefield\OOSE_LABOR_PROJECT\Runtime\libRuntime.a(Timer.o)
                0x000023a8                __vector_43
 .text.__vector_44
                0x0000240e       0x66 C:\Users\Me\Desktop\Coolyeah\Beres\OoSe\Code_Battlefield\OOSE_LABOR_PROJECT\Runtime\libRuntime.a(Timer.o)
                0x0000240e                __vector_44
 .text.__vector_45
                0x00002474       0x66 C:\Users\Me\Desktop\Coolyeah\Beres\OoSe\Code_Battlefield\OOSE_LABOR_PROJECT\Runtime\libRuntime.a(Timer.o)
                0x00002474                __vector_45
 .text.__vector_47
                0x000024da       0x66 C:\Users\Me\Desktop\Coolyeah\Beres\OoSe\Code_Battlefield\OOSE_LABOR_PROJECT\Runtime\libRuntime.a(Timer.o)
                0x000024da                __vector_47
 .text.__vector_48
                0x00002540       0x66 C:\Users\Me\Desktop\Coolyeah\Beres\OoSe\Code_Battlefield\OOSE_LABOR_PROJECT\Runtime\libRuntime.a(Timer.o)
                0x00002540                __vector_48
 .text.__vector_49
                0x000025a6       0x66 C:\Users\Me\Desktop\Coolyeah\Beres\OoSe\Code_Battlefield\OOSE_LABOR_PROJECT\Runtime\libRuntime.a(Timer.o)
                0x000025a6                __vector_49
 .text.__vector_50
                0x0000260c       0x66 C:\Users\Me\Desktop\Coolyeah\Beres\OoSe\Code_Battlefield\OOSE_LABOR_PROJECT\Runtime\libRuntime.a(Timer.o)
                0x0000260c                __vector_50
 .text._ZN7Timer16C2EhPFvvES1_S1_S1_
                0x00002672      0x1ba C:\Users\Me\Desktop\Coolyeah\Beres\OoSe\Code_Battlefield\OOSE_LABOR_PROJECT\Runtime\libRuntime.a(Timer.o)
                0x00002672                _ZN7Timer16C2EhPFvvES1_S1_S1_
                0x00002672                _ZN7Timer16C1EhPFvvES1_S1_S1_
 .text._ZN7Timer168start_msEjjjjh
                0x0000282c      0x164 C:\Users\Me\Desktop\Coolyeah\Beres\OoSe\Code_Battlefield\OOSE_LABOR_PROJECT\Runtime\libRuntime.a(Timer.o)
                0x0000282c                _ZN7Timer168start_msEjjjjh
 .text._ZN6Timer8C2EhPFvvES1_S1_
                0x00002990       0xec C:\Users\Me\Desktop\Coolyeah\Beres\OoSe\Code_Battlefield\OOSE_LABOR_PROJECT\Runtime\libRuntime.a(Timer.o)
                0x00002990                _ZN6Timer8C1EhPFvvES1_S1_
                0x00002990                _ZN6Timer8C2EhPFvvES1_S1_
 .text._ZN7OSTimerC2Eh
                0x00002a7c       0x48 C:\Users\Me\Desktop\Coolyeah\Beres\OoSe\Code_Battlefield\OOSE_LABOR_PROJECT\Runtime\libRuntime.a(Timer.o)
                0x00002a7c                _ZN7OSTimerC2Eh
                0x00002a7c                _ZN7OSTimerC1Eh
 .text._ZN7OSTimer13force_timeoutEv
                0x00002ac4       0x58 C:\Users\Me\Desktop\Coolyeah\Beres\OoSe\Code_Battlefield\OOSE_LABOR_PROJECT\Runtime\libRuntime.a(Timer.o)
                0x00002ac4                _ZN7OSTimer13force_timeoutEv
 .text._ZN5Timer4stopEv
                0x00002b1c       0x18 C:\Users\Me\Desktop\Coolyeah\Beres\OoSe\Code_Battlefield\OOSE_LABOR_PROJECT\Runtime\libRuntime.a(Timer.o)
                0x00002b1c                _ZN5Timer4stopEv
 .text._ZN7Timer165resetEv
                0x00002b34       0x7c C:\Users\Me\Desktop\Coolyeah\Beres\OoSe\Code_Battlefield\OOSE_LABOR_PROJECT\Runtime\libRuntime.a(Timer.o)
                0x00002b34                _ZN7Timer165resetEv
 .text._ZN6Timer85resetEv
                0x00002bb0       0x36 C:\Users\Me\Desktop\Coolyeah\Beres\OoSe\Code_Battlefield\OOSE_LABOR_PROJECT\Runtime\libRuntime.a(Timer.o)
                0x00002bb0                _ZN6Timer85resetEv
 .text._Z22port_handle_to_addressh
                0x00002be6       0x48 C:\Users\Me\Desktop\Coolyeah\Beres\OoSe\Code_Battlefield\OOSE_LABOR_PROJECT\Runtime\libRuntime.a(Basics.o)
                0x00002be6                _Z22port_handle_to_addressh
 .text._Z20tc_handle_to_addressh
                0x00002c2e       0x4a C:\Users\Me\Desktop\Coolyeah\Beres\OoSe\Code_Battlefield\OOSE_LABOR_PROJECT\Runtime\libRuntime.a(Basics.o)
                0x00002c2e                _Z20tc_handle_to_addressh
 .text.libgcc.div
                0x00002c78       0x28 c:/program files (x86)/atmel/studio/7.0/toolchain/avr8/avr8-gnu-toolchain/bin/../lib/gcc/avr/5.4.0/avr6\libgcc.a(_udivmodhi4.o)
                0x00002c78                __udivmodhi4
 .text.libgcc.div
                0x00002ca0       0x26 c:/program files (x86)/atmel/studio/7.0/toolchain/avr8/avr8-gnu-toolchain/bin/../lib/gcc/avr/5.4.0/avr6\libgcc.a(_divmodhi4.o)
                0x00002ca0                _div
                0x00002ca0                __divmodhi4
 .text.libgcc.mul
                0x00002cc6       0x1e c:/program files (x86)/atmel/studio/7.0/toolchain/avr8/avr8-gnu-toolchain/bin/../lib/gcc/avr/5.4.0/avr6\libgcc.a(_umulhisi3.o)
                0x00002cc6                __umulhisi3
 .text.libgcc   0x00002ce4       0x10 c:/program files (x86)/atmel/studio/7.0/toolchain/avr8/avr8-gnu-toolchain/bin/../lib/gcc/avr/5.4.0/avr6\libgcc.a(_tablejump2.o)
                0x00002ce4                __tablejump2__
 .text.avr-libc
                0x00002cf4       0x10 C:/Program Files (x86)/Atmel/Studio/7.0/Packs/atmel/ATmega_DFP/1.6.364/gcc/dev/atmega2560/avr6\libatmega2560.a(eerd_byte.o)
                0x00002cf4                eeprom_read_byte
 .text.avr-libc
                0x00002d04       0x1c C:/Program Files (x86)/Atmel/Studio/7.0/Packs/atmel/ATmega_DFP/1.6.364/gcc/dev/atmega2560/avr6\libatmega2560.a(eewr_byte.o)
                0x00002d04                eeprom_write_byte
                0x00002d06                eeprom_write_r18
                0x00002d20                . = ALIGN (0x2)
 *(.fini9)
 .fini9         0x00002d20        0x0 c:/program files (x86)/atmel/studio/7.0/toolchain/avr8/avr8-gnu-toolchain/bin/../lib/gcc/avr/5.4.0/avr6\libgcc.a(_exit.o)
                0x00002d20                _exit
                0x00002d20                exit
 *(.fini9)
 *(.fini8)
 *(.fini8)
 *(.fini7)
 *(.fini7)
 *(.fini6)
 *(.fini6)
 *(.fini5)
 *(.fini5)
 *(.fini4)
 *(.fini4)
 *(.fini3)
 *(.fini3)
 *(.fini2)
 *(.fini2)
 *(.fini1)
 *(.fini1)
 *(.fini0)
 .fini0         0x00002d20        0x4 c:/program files (x86)/atmel/studio/7.0/toolchain/avr8/avr8-gnu-toolchain/bin/../lib/gcc/avr/5.4.0/avr6\libgcc.a(_exit.o)
 *(.fini0)
                0x00002d24                _etext = .

.data           0x00800200       0xe6 load address 0x00002d24
                0x00800200                PROVIDE (__data_start, .)
 *(.data)
 *(.data*)
 .data.led_delay
                0x00800200        0x1 main.o
                0x00800200                led_delay
 .data.sensor_delay
                0x00800201        0x1 main.o
                0x00800201                sensor_delay
 .data._ZL16sem_waiting_list
                0x00800202        0x8 C:\Users\Me\Desktop\Coolyeah\Beres\OoSe\Code_Battlefield\OOSE_LABOR_PROJECT\Runtime\libRuntime.a(OSKernel.o)
 .data._ZL14active_task_id
                0x0080020a        0x1 C:\Users\Me\Desktop\Coolyeah\Beres\OoSe\Code_Battlefield\OOSE_LABOR_PROJECT\Runtime\libRuntime.a(OSKernel.o)
 .data._ZN11QuadEncoder15sub_state_tableE
                0x0080020b       0x10 C:\Users\Me\Desktop\Coolyeah\Beres\OoSe\Code_Battlefield\OOSE_LABOR_PROJECT\Runtime\libRuntime.a(QuadEncoder.o)
                0x0080020b                _ZN11QuadEncoder15sub_state_tableE
 *(.gnu.linkonce.d*)
 *(.rodata)
 *(.rodata*)
 .rodata._ZN11ADConverter4modeE
                0x0080021b        0x1 C:\Users\Me\Desktop\Coolyeah\Beres\OoSe\Code_Battlefield\OOSE_LABOR_PROJECT\Runtime\libRuntime.a(ADConverter.o)
                0x0080021b                _ZN11ADConverter4modeE
 .rodata._ZTV12DigiPortIRPT
                0x0080021c       0x12 C:\Users\Me\Desktop\Coolyeah\Beres\OoSe\Code_Battlefield\OOSE_LABOR_PROJECT\Runtime\libRuntime.a(DigiPort.o)
                0x0080021c                _ZTV12DigiPortIRPT
 .rodata._ZTV11DigiPortRaw
                0x0080022e       0x10 C:\Users\Me\Desktop\Coolyeah\Beres\OoSe\Code_Battlefield\OOSE_LABOR_PROJECT\Runtime\libRuntime.a(DigiPort.o)
                0x0080022e                _ZTV11DigiPortRaw
 .rodata.lcdTypes
                0x0080023e       0x3c C:\Users\Me\Desktop\Coolyeah\Beres\OoSe\Code_Battlefield\OOSE_LABOR_PROJECT\Runtime\libRuntime.a(LCD.o)
                0x0080023e                lcdTypes
 .rodata._ZTV11QuadEncoder
                0x0080027a       0x12 C:\Users\Me\Desktop\Coolyeah\Beres\OoSe\Code_Battlefield\OOSE_LABOR_PROJECT\Runtime\libRuntime.a(QuadEncoder.o)
                0x0080027a                _ZTV11QuadEncoder
 .rodata._ZTV5Timer
                0x0080028c        0xe C:\Users\Me\Desktop\Coolyeah\Beres\OoSe\Code_Battlefield\OOSE_LABOR_PROJECT\Runtime\libRuntime.a(Timer.o)
                0x0080028c                _ZTV5Timer
 .rodata._ZTV6Timer8
                0x0080029a        0xe C:\Users\Me\Desktop\Coolyeah\Beres\OoSe\Code_Battlefield\OOSE_LABOR_PROJECT\Runtime\libRuntime.a(Timer.o)
                0x0080029a                _ZTV6Timer8
 .rodata._ZTV7OSTimer
                0x008002a8        0xe C:\Users\Me\Desktop\Coolyeah\Beres\OoSe\Code_Battlefield\OOSE_LABOR_PROJECT\Runtime\libRuntime.a(Timer.o)
                0x008002a8                _ZTV7OSTimer
 .rodata._ZTV7Timer16
                0x008002b6        0xe C:\Users\Me\Desktop\Coolyeah\Beres\OoSe\Code_Battlefield\OOSE_LABOR_PROJECT\Runtime\libRuntime.a(Timer.o)
                0x008002b6                _ZTV7Timer16
 .rodata.tc_vect
                0x008002c4        0xc C:\Users\Me\Desktop\Coolyeah\Beres\OoSe\Code_Battlefield\OOSE_LABOR_PROJECT\Runtime\libRuntime.a(Basics.o)
                0x008002c4                tc_vect
 .rodata.port_vect
                0x008002d0       0x16 C:\Users\Me\Desktop\Coolyeah\Beres\OoSe\Code_Battlefield\OOSE_LABOR_PROJECT\Runtime\libRuntime.a(Basics.o)
                0x008002d0                port_vect
 *(.gnu.linkonce.r*)
                0x008002e6                . = ALIGN (0x2)
                0x008002e6                _edata = .
                0x008002e6                PROVIDE (__data_end, .)

.bss            0x008002e6     0x1a1e
                0x008002e6                PROVIDE (__bss_start, .)
 *(.bss)
 *(.bss*)
 .bss._ZL10theSensors
                0x008002e6       0x13 main.o
 .bss._ZL8theClock
                0x008002f9        0xb main.o
 .bss._ZL6ticker
                0x00800304       0x12 main.o
 .bss.do_update
                0x00800316        0x1 main.o
                0x00800316                do_update
 .bss.do_blink  0x00800317        0x1 main.o
                0x00800317                do_blink
 .bss._ZL15tempADConverter
                0x00800318        0xa main.o
 .bss._ZL16humidADConverter
                0x00800322        0xa main.o
 .bss._ZL7display
                0x0080032c        0xa main.o
 .bss._ZL5quenc
                0x00800336       0x18 main.o
 .bss._ZL4keys  0x0080034e        0x6 main.o
 .bss._ZL4leds  0x00800354        0x6 main.o
 .bss._ZZN11ADConverter7adc_isrEvE4next
                0x0080035a        0x1 C:\Users\Me\Desktop\Coolyeah\Beres\OoSe\Code_Battlefield\OOSE_LABOR_PROJECT\Runtime\libRuntime.a(ADConverter.o)
 .bss._ZN11ADConverter10adc_objectE
                0x0080035b       0x20 C:\Users\Me\Desktop\Coolyeah\Beres\OoSe\Code_Battlefield\OOSE_LABOR_PROJECT\Runtime\libRuntime.a(ADConverter.o)
                0x0080035b                _ZN11ADConverter10adc_objectE
 .bss._ZN11ADConverter8inst_cntE
                0x0080037b        0x1 C:\Users\Me\Desktop\Coolyeah\Beres\OoSe\Code_Battlefield\OOSE_LABOR_PROJECT\Runtime\libRuntime.a(ADConverter.o)
                0x0080037b                _ZN11ADConverter8inst_cntE
 .bss.dp_obj    0x0080037c        0x6 C:\Users\Me\Desktop\Coolyeah\Beres\OoSe\Code_Battlefield\OOSE_LABOR_PROJECT\Runtime\libRuntime.a(DigiPort.o)
                0x0080037c                dp_obj
 .bss._ZZN3LCD4itoaEPcihcE3num
                0x00800382        0x7 C:\Users\Me\Desktop\Coolyeah\Beres\OoSe\Code_Battlefield\OOSE_LABOR_PROJECT\Runtime\libRuntime.a(LCD.o)
 .bss._ZL18sem_waiting_oldest
                0x00800389        0x1 C:\Users\Me\Desktop\Coolyeah\Beres\OoSe\Code_Battlefield\OOSE_LABOR_PROJECT\Runtime\libRuntime.a(OSKernel.o)
 .bss._ZL17sem_waiting_count
                0x0080038a        0x1 C:\Users\Me\Desktop\Coolyeah\Beres\OoSe\Code_Battlefield\OOSE_LABOR_PROJECT\Runtime\libRuntime.a(OSKernel.o)
 .bss._ZL10sched_type
                0x0080038b        0x1 C:\Users\Me\Desktop\Coolyeah\Beres\OoSe\Code_Battlefield\OOSE_LABOR_PROJECT\Runtime\libRuntime.a(OSKernel.o)
 .bss._ZL8OS_timer
                0x0080038c       0x11 C:\Users\Me\Desktop\Coolyeah\Beres\OoSe\Code_Battlefield\OOSE_LABOR_PROJECT\Runtime\libRuntime.a(OSKernel.o)
 .bss._ZL7taskset
                0x0080039d     0x1958 C:\Users\Me\Desktop\Coolyeah\Beres\OoSe\Code_Battlefield\OOSE_LABOR_PROJECT\Runtime\libRuntime.a(OSKernel.o)
 .bss.timer_obj
                0x00801cf5        0xc C:\Users\Me\Desktop\Coolyeah\Beres\OoSe\Code_Battlefield\OOSE_LABOR_PROJECT\Runtime\libRuntime.a(Timer.o)
                0x00801cf5                timer_obj
 .bss._ZL8tc_usage
                0x00801d01        0x1 C:\Users\Me\Desktop\Coolyeah\Beres\OoSe\Code_Battlefield\OOSE_LABOR_PROJECT\Runtime\libRuntime.a(Basics.o)
 .bss._ZL10port_usage
                0x00801d02        0x2 C:\Users\Me\Desktop\Coolyeah\Beres\OoSe\Code_Battlefield\OOSE_LABOR_PROJECT\Runtime\libRuntime.a(Basics.o)
 *(COMMON)
                0x00801d04                PROVIDE (__bss_end, .)
                0x00002d24                __data_load_start = LOADADDR (.data)
                0x00002e0a                __data_load_end = (__data_load_start + SIZEOF (.data))

.noinit         0x00801d04        0x0
                [!provide]                PROVIDE (__noinit_start, .)
 *(.noinit*)
                [!provide]                PROVIDE (__noinit_end, .)
                0x00801d04                _end = .
                [!provide]                PROVIDE (__heap_start, .)

.eeprom         0x00810000        0x4
 *(.eeprom*)
 .eeprom        0x00810000        0x4 main.o
                0x00810000                e_sum
                0x00810004                __eeprom_end = .

.fuse
 *(.fuse)
 *(.lfuse)
 *(.hfuse)
 *(.efuse)

.lock
 *(.lock*)

.signature
 *(.signature*)

.user_signatures
 *(.user_signatures*)

.stab
 *(.stab)

.stabstr
 *(.stabstr)

.stab.excl
 *(.stab.excl)

.stab.exclstr
 *(.stab.exclstr)

.stab.index
 *(.stab.index)

.stab.indexstr
 *(.stab.indexstr)

.comment        0x00000000       0x30
 *(.comment)
 .comment       0x00000000       0x30 main.o
                                 0x31 (size before relaxing)
 .comment       0x00000030       0x31 C:\Users\Me\Desktop\Coolyeah\Beres\OoSe\Code_Battlefield\OOSE_LABOR_PROJECT\Runtime\libRuntime.a(ADConverter.o)
 .comment       0x00000030       0x31 C:\Users\Me\Desktop\Coolyeah\Beres\OoSe\Code_Battlefield\OOSE_LABOR_PROJECT\Runtime\libRuntime.a(DigiPort.o)
 .comment       0x00000030       0x31 C:\Users\Me\Desktop\Coolyeah\Beres\OoSe\Code_Battlefield\OOSE_LABOR_PROJECT\Runtime\libRuntime.a(LCD.o)
 .comment       0x00000030       0x31 C:\Users\Me\Desktop\Coolyeah\Beres\OoSe\Code_Battlefield\OOSE_LABOR_PROJECT\Runtime\libRuntime.a(OSKernel.o)
 .comment       0x00000030       0x31 C:\Users\Me\Desktop\Coolyeah\Beres\OoSe\Code_Battlefield\OOSE_LABOR_PROJECT\Runtime\libRuntime.a(QuadEncoder.o)
 .comment       0x00000030       0x31 C:\Users\Me\Desktop\Coolyeah\Beres\OoSe\Code_Battlefield\OOSE_LABOR_PROJECT\Runtime\libRuntime.a(Timer.o)
 .comment       0x00000030       0x31 C:\Users\Me\Desktop\Coolyeah\Beres\OoSe\Code_Battlefield\OOSE_LABOR_PROJECT\Runtime\libRuntime.a(Basics.o)

.note.gnu.avr.deviceinfo
                0x00000000       0x40
 .note.gnu.avr.deviceinfo
                0x00000000       0x40 C:/Program Files (x86)/Atmel/Studio/7.0/Packs/atmel/ATmega_DFP/1.6.364/gcc/dev/atmega2560/avr6/crtatmega2560.o

.note.gnu.build-id
 *(.note.gnu.build-id)

.debug
 *(.debug)

.line
 *(.line)

.debug_srcinfo
 *(.debug_srcinfo)

.debug_sfnames
 *(.debug_sfnames)

.debug_aranges  0x00000000      0x4e0
 *(.debug_aranges)
 .debug_aranges
                0x00000000       0x70 main.o
 .debug_aranges
                0x00000070       0x30 C:\Users\Me\Desktop\Coolyeah\Beres\OoSe\Code_Battlefield\OOSE_LABOR_PROJECT\Runtime\libRuntime.a(ADConverter.o)
 .debug_aranges
                0x000000a0       0x88 C:\Users\Me\Desktop\Coolyeah\Beres\OoSe\Code_Battlefield\OOSE_LABOR_PROJECT\Runtime\libRuntime.a(DigiPort.o)
 .debug_aranges
                0x00000128       0xe0 C:\Users\Me\Desktop\Coolyeah\Beres\OoSe\Code_Battlefield\OOSE_LABOR_PROJECT\Runtime\libRuntime.a(LCD.o)
 .debug_aranges
                0x00000208       0x98 C:\Users\Me\Desktop\Coolyeah\Beres\OoSe\Code_Battlefield\OOSE_LABOR_PROJECT\Runtime\libRuntime.a(OSKernel.o)
 .debug_aranges
                0x000002a0       0x60 C:\Users\Me\Desktop\Coolyeah\Beres\OoSe\Code_Battlefield\OOSE_LABOR_PROJECT\Runtime\libRuntime.a(QuadEncoder.o)
 .debug_aranges
                0x00000300      0x170 C:\Users\Me\Desktop\Coolyeah\Beres\OoSe\Code_Battlefield\OOSE_LABOR_PROJECT\Runtime\libRuntime.a(Timer.o)
 .debug_aranges
                0x00000470       0x30 C:\Users\Me\Desktop\Coolyeah\Beres\OoSe\Code_Battlefield\OOSE_LABOR_PROJECT\Runtime\libRuntime.a(Basics.o)
 .debug_aranges
                0x000004a0       0x20 C:/Program Files (x86)/Atmel/Studio/7.0/Packs/atmel/ATmega_DFP/1.6.364/gcc/dev/atmega2560/avr6\libatmega2560.a(eerd_byte.o)
 .debug_aranges
                0x000004c0       0x20 C:/Program Files (x86)/Atmel/Studio/7.0/Packs/atmel/ATmega_DFP/1.6.364/gcc/dev/atmega2560/avr6\libatmega2560.a(eewr_byte.o)

.debug_pubnames
 *(.debug_pubnames)

.debug_info     0x00000000     0x8ca0
 *(.debug_info .gnu.linkonce.wi.*)
 .debug_info    0x00000000      0xbbc C:/Program Files (x86)/Atmel/Studio/7.0/Packs/atmel/ATmega_DFP/1.6.364/gcc/dev/atmega2560/avr6/crtatmega2560.o
 .debug_info    0x00000bbc     0x27b7 main.o
 .debug_info    0x00003373      0x37b C:\Users\Me\Desktop\Coolyeah\Beres\OoSe\Code_Battlefield\OOSE_LABOR_PROJECT\Runtime\libRuntime.a(ADConverter.o)
 .debug_info    0x000036ee      0xb41 C:\Users\Me\Desktop\Coolyeah\Beres\OoSe\Code_Battlefield\OOSE_LABOR_PROJECT\Runtime\libRuntime.a(DigiPort.o)
 .debug_info    0x0000422f     0x1c76 C:\Users\Me\Desktop\Coolyeah\Beres\OoSe\Code_Battlefield\OOSE_LABOR_PROJECT\Runtime\libRuntime.a(LCD.o)
 .debug_info    0x00005ea5      0xb92 C:\Users\Me\Desktop\Coolyeah\Beres\OoSe\Code_Battlefield\OOSE_LABOR_PROJECT\Runtime\libRuntime.a(OSKernel.o)
 .debug_info    0x00006a37      0xaab C:\Users\Me\Desktop\Coolyeah\Beres\OoSe\Code_Battlefield\OOSE_LABOR_PROJECT\Runtime\libRuntime.a(QuadEncoder.o)
 .debug_info    0x000074e2     0x14d3 C:\Users\Me\Desktop\Coolyeah\Beres\OoSe\Code_Battlefield\OOSE_LABOR_PROJECT\Runtime\libRuntime.a(Timer.o)
 .debug_info    0x000089b5      0x1b7 C:\Users\Me\Desktop\Coolyeah\Beres\OoSe\Code_Battlefield\OOSE_LABOR_PROJECT\Runtime\libRuntime.a(Basics.o)
 .debug_info    0x00008b6c       0x9a C:/Program Files (x86)/Atmel/Studio/7.0/Packs/atmel/ATmega_DFP/1.6.364/gcc/dev/atmega2560/avr6\libatmega2560.a(eerd_byte.o)
 .debug_info    0x00008c06       0x9a C:/Program Files (x86)/Atmel/Studio/7.0/Packs/atmel/ATmega_DFP/1.6.364/gcc/dev/atmega2560/avr6\libatmega2560.a(eewr_byte.o)

.debug_abbrev   0x00000000     0x29d2
 *(.debug_abbrev)
 .debug_abbrev  0x00000000      0xb1a C:/Program Files (x86)/Atmel/Studio/7.0/Packs/atmel/ATmega_DFP/1.6.364/gcc/dev/atmega2560/avr6/crtatmega2560.o
 .debug_abbrev  0x00000b1a      0x5e3 main.o
 .debug_abbrev  0x000010fd      0x210 C:\Users\Me\Desktop\Coolyeah\Beres\OoSe\Code_Battlefield\OOSE_LABOR_PROJECT\Runtime\libRuntime.a(ADConverter.o)
 .debug_abbrev  0x0000130d      0x418 C:\Users\Me\Desktop\Coolyeah\Beres\OoSe\Code_Battlefield\OOSE_LABOR_PROJECT\Runtime\libRuntime.a(DigiPort.o)
 .debug_abbrev  0x00001725      0x4d4 C:\Users\Me\Desktop\Coolyeah\Beres\OoSe\Code_Battlefield\OOSE_LABOR_PROJECT\Runtime\libRuntime.a(LCD.o)
 .debug_abbrev  0x00001bf9      0x4cf C:\Users\Me\Desktop\Coolyeah\Beres\OoSe\Code_Battlefield\OOSE_LABOR_PROJECT\Runtime\libRuntime.a(OSKernel.o)
 .debug_abbrev  0x000020c8      0x3a1 C:\Users\Me\Desktop\Coolyeah\Beres\OoSe\Code_Battlefield\OOSE_LABOR_PROJECT\Runtime\libRuntime.a(QuadEncoder.o)
 .debug_abbrev  0x00002469      0x43d C:\Users\Me\Desktop\Coolyeah\Beres\OoSe\Code_Battlefield\OOSE_LABOR_PROJECT\Runtime\libRuntime.a(Timer.o)
 .debug_abbrev  0x000028a6      0x104 C:\Users\Me\Desktop\Coolyeah\Beres\OoSe\Code_Battlefield\OOSE_LABOR_PROJECT\Runtime\libRuntime.a(Basics.o)
 .debug_abbrev  0x000029aa       0x14 C:/Program Files (x86)/Atmel/Studio/7.0/Packs/atmel/ATmega_DFP/1.6.364/gcc/dev/atmega2560/avr6\libatmega2560.a(eerd_byte.o)
 .debug_abbrev  0x000029be       0x14 C:/Program Files (x86)/Atmel/Studio/7.0/Packs/atmel/ATmega_DFP/1.6.364/gcc/dev/atmega2560/avr6\libatmega2560.a(eewr_byte.o)

.debug_line     0x00000000     0x3ab9
 *(.debug_line .debug_line.* .debug_line_end)
 .debug_line    0x00000000      0x1fa C:/Program Files (x86)/Atmel/Studio/7.0/Packs/atmel/ATmega_DFP/1.6.364/gcc/dev/atmega2560/avr6/crtatmega2560.o
 .debug_line    0x000001fa      0x904 main.o
 .debug_line    0x00000afe      0x234 C:\Users\Me\Desktop\Coolyeah\Beres\OoSe\Code_Battlefield\OOSE_LABOR_PROJECT\Runtime\libRuntime.a(ADConverter.o)
 .debug_line    0x00000d32      0x514 C:\Users\Me\Desktop\Coolyeah\Beres\OoSe\Code_Battlefield\OOSE_LABOR_PROJECT\Runtime\libRuntime.a(DigiPort.o)
 .debug_line    0x00001246      0xbbb C:\Users\Me\Desktop\Coolyeah\Beres\OoSe\Code_Battlefield\OOSE_LABOR_PROJECT\Runtime\libRuntime.a(LCD.o)
 .debug_line    0x00001e01      0x7b7 C:\Users\Me\Desktop\Coolyeah\Beres\OoSe\Code_Battlefield\OOSE_LABOR_PROJECT\Runtime\libRuntime.a(OSKernel.o)
 .debug_line    0x000025b8      0x42a C:\Users\Me\Desktop\Coolyeah\Beres\OoSe\Code_Battlefield\OOSE_LABOR_PROJECT\Runtime\libRuntime.a(QuadEncoder.o)
 .debug_line    0x000029e2      0xe39 C:\Users\Me\Desktop\Coolyeah\Beres\OoSe\Code_Battlefield\OOSE_LABOR_PROJECT\Runtime\libRuntime.a(Timer.o)
 .debug_line    0x0000381b      0x186 C:\Users\Me\Desktop\Coolyeah\Beres\OoSe\Code_Battlefield\OOSE_LABOR_PROJECT\Runtime\libRuntime.a(Basics.o)
 .debug_line    0x000039a1       0x7a C:/Program Files (x86)/Atmel/Studio/7.0/Packs/atmel/ATmega_DFP/1.6.364/gcc/dev/atmega2560/avr6\libatmega2560.a(eerd_byte.o)
 .debug_line    0x00003a1b       0x9e C:/Program Files (x86)/Atmel/Studio/7.0/Packs/atmel/ATmega_DFP/1.6.364/gcc/dev/atmega2560/avr6\libatmega2560.a(eewr_byte.o)

.debug_frame    0x00000000     0x1338
 *(.debug_frame)
 .debug_frame   0x00000000      0x124 main.o
 .debug_frame   0x00000124       0x98 C:\Users\Me\Desktop\Coolyeah\Beres\OoSe\Code_Battlefield\OOSE_LABOR_PROJECT\Runtime\libRuntime.a(ADConverter.o)
 .debug_frame   0x000001bc      0x234 C:\Users\Me\Desktop\Coolyeah\Beres\OoSe\Code_Battlefield\OOSE_LABOR_PROJECT\Runtime\libRuntime.a(DigiPort.o)
 .debug_frame   0x000003f0      0x374 C:\Users\Me\Desktop\Coolyeah\Beres\OoSe\Code_Battlefield\OOSE_LABOR_PROJECT\Runtime\libRuntime.a(LCD.o)
 .debug_frame   0x00000764      0x114 C:\Users\Me\Desktop\Coolyeah\Beres\OoSe\Code_Battlefield\OOSE_LABOR_PROJECT\Runtime\libRuntime.a(OSKernel.o)
 .debug_frame   0x00000878       0xe0 C:\Users\Me\Desktop\Coolyeah\Beres\OoSe\Code_Battlefield\OOSE_LABOR_PROJECT\Runtime\libRuntime.a(QuadEncoder.o)
 .debug_frame   0x00000958      0x99c C:\Users\Me\Desktop\Coolyeah\Beres\OoSe\Code_Battlefield\OOSE_LABOR_PROJECT\Runtime\libRuntime.a(Timer.o)
 .debug_frame   0x000012f4       0x44 C:\Users\Me\Desktop\Coolyeah\Beres\OoSe\Code_Battlefield\OOSE_LABOR_PROJECT\Runtime\libRuntime.a(Basics.o)

.debug_str      0x00000000     0x25e4
 *(.debug_str)
 .debug_str     0x00000000      0x3e6 C:/Program Files (x86)/Atmel/Studio/7.0/Packs/atmel/ATmega_DFP/1.6.364/gcc/dev/atmega2560/avr6/crtatmega2560.o
 .debug_str     0x000003e6      0xf85 main.o
                               0x106b (size before relaxing)
 .debug_str     0x0000136b      0x1e7 C:\Users\Me\Desktop\Coolyeah\Beres\OoSe\Code_Battlefield\OOSE_LABOR_PROJECT\Runtime\libRuntime.a(ADConverter.o)
                                0x3de (size before relaxing)
 .debug_str     0x00001552      0x377 C:\Users\Me\Desktop\Coolyeah\Beres\OoSe\Code_Battlefield\OOSE_LABOR_PROJECT\Runtime\libRuntime.a(DigiPort.o)
                                0x673 (size before relaxing)
 .debug_str     0x000018c9      0x22c C:\Users\Me\Desktop\Coolyeah\Beres\OoSe\Code_Battlefield\OOSE_LABOR_PROJECT\Runtime\libRuntime.a(LCD.o)
                                0x886 (size before relaxing)
 .debug_str     0x00001af5      0x3f6 C:\Users\Me\Desktop\Coolyeah\Beres\OoSe\Code_Battlefield\OOSE_LABOR_PROJECT\Runtime\libRuntime.a(OSKernel.o)
                                0x740 (size before relaxing)
 .debug_str     0x00001eeb      0x244 C:\Users\Me\Desktop\Coolyeah\Beres\OoSe\Code_Battlefield\OOSE_LABOR_PROJECT\Runtime\libRuntime.a(QuadEncoder.o)
                                0x7c5 (size before relaxing)
 .debug_str     0x0000212f      0x487 C:\Users\Me\Desktop\Coolyeah\Beres\OoSe\Code_Battlefield\OOSE_LABOR_PROJECT\Runtime\libRuntime.a(Timer.o)
                                0x8fe (size before relaxing)
 .debug_str     0x000025b6       0x2e C:\Users\Me\Desktop\Coolyeah\Beres\OoSe\Code_Battlefield\OOSE_LABOR_PROJECT\Runtime\libRuntime.a(Basics.o)
                                0x288 (size before relaxing)

.debug_loc      0x00000000     0x5905
 *(.debug_loc)
 .debug_loc     0x00000000      0x88d main.o
 .debug_loc     0x0000088d      0x1e1 C:\Users\Me\Desktop\Coolyeah\Beres\OoSe\Code_Battlefield\OOSE_LABOR_PROJECT\Runtime\libRuntime.a(ADConverter.o)
 .debug_loc     0x00000a6e      0xa3c C:\Users\Me\Desktop\Coolyeah\Beres\OoSe\Code_Battlefield\OOSE_LABOR_PROJECT\Runtime\libRuntime.a(DigiPort.o)
 .debug_loc     0x000014aa     0x1a7a C:\Users\Me\Desktop\Coolyeah\Beres\OoSe\Code_Battlefield\OOSE_LABOR_PROJECT\Runtime\libRuntime.a(LCD.o)
 .debug_loc     0x00002f24      0x416 C:\Users\Me\Desktop\Coolyeah\Beres\OoSe\Code_Battlefield\OOSE_LABOR_PROJECT\Runtime\libRuntime.a(OSKernel.o)
 .debug_loc     0x0000333a      0x498 C:\Users\Me\Desktop\Coolyeah\Beres\OoSe\Code_Battlefield\OOSE_LABOR_PROJECT\Runtime\libRuntime.a(QuadEncoder.o)
 .debug_loc     0x000037d2     0x20c5 C:\Users\Me\Desktop\Coolyeah\Beres\OoSe\Code_Battlefield\OOSE_LABOR_PROJECT\Runtime\libRuntime.a(Timer.o)
 .debug_loc     0x00005897       0x6e C:\Users\Me\Desktop\Coolyeah\Beres\OoSe\Code_Battlefield\OOSE_LABOR_PROJECT\Runtime\libRuntime.a(Basics.o)

.debug_macinfo
 *(.debug_macinfo)

.debug_weaknames
 *(.debug_weaknames)

.debug_funcnames
 *(.debug_funcnames)

.debug_typenames
 *(.debug_typenames)

.debug_varnames
 *(.debug_varnames)

.debug_pubtypes
 *(.debug_pubtypes)

.debug_ranges   0x00000000      0x480
 *(.debug_ranges)
 .debug_ranges  0x00000000       0x60 main.o
 .debug_ranges  0x00000060       0x20 C:\Users\Me\Desktop\Coolyeah\Beres\OoSe\Code_Battlefield\OOSE_LABOR_PROJECT\Runtime\libRuntime.a(ADConverter.o)
 .debug_ranges  0x00000080       0x78 C:\Users\Me\Desktop\Coolyeah\Beres\OoSe\Code_Battlefield\OOSE_LABOR_PROJECT\Runtime\libRuntime.a(DigiPort.o)
 .debug_ranges  0x000000f8      0x100 C:\Users\Me\Desktop\Coolyeah\Beres\OoSe\Code_Battlefield\OOSE_LABOR_PROJECT\Runtime\libRuntime.a(LCD.o)
 .debug_ranges  0x000001f8       0xb8 C:\Users\Me\Desktop\Coolyeah\Beres\OoSe\Code_Battlefield\OOSE_LABOR_PROJECT\Runtime\libRuntime.a(OSKernel.o)
 .debug_ranges  0x000002b0       0x50 C:\Users\Me\Desktop\Coolyeah\Beres\OoSe\Code_Battlefield\OOSE_LABOR_PROJECT\Runtime\libRuntime.a(QuadEncoder.o)
 .debug_ranges  0x00000300      0x160 C:\Users\Me\Desktop\Coolyeah\Beres\OoSe\Code_Battlefield\OOSE_LABOR_PROJECT\Runtime\libRuntime.a(Timer.o)
 .debug_ranges  0x00000460       0x20 C:\Users\Me\Desktop\Coolyeah\Beres\OoSe\Code_Battlefield\OOSE_LABOR_PROJECT\Runtime\libRuntime.a(Basics.o)

.debug_macro
 *(.debug_macro)
OUTPUT(A6.1.elf elf32-avr)
LOAD linker stubs
