Archive member included to satisfy reference by file (symbol)

C:\Users\Me\Desktop\Coolyeah\OoSe\Code_Battlefield\OOSE_LABOR_PROJECT\Runtime\libRuntime.a(DigiPort.o)
                              main.o (_ZN11DigiPortRawC1Ehhh)
C:\Users\Me\Desktop\Coolyeah\OoSe\Code_Battlefield\OOSE_LABOR_PROJECT\Runtime\libRuntime.a(LCD.o)
                              main.o (_ZN3LCD7set_posEhh)
C:\Users\Me\Desktop\Coolyeah\OoSe\Code_Battlefield\OOSE_LABOR_PROJECT\Runtime\libRuntime.a(OSKernel.o)
                              C:\Users\Me\Desktop\Coolyeah\OoSe\Code_Battlefield\OOSE_LABOR_PROJECT\Runtime\libRuntime.a(DigiPort.o) (_Z5yieldv)
C:\Users\Me\Desktop\Coolyeah\OoSe\Code_Battlefield\OOSE_LABOR_PROJECT\Runtime\libRuntime.a(Timer.o)
                              main.o (_ZN7Timer16C1EhPFvvES1_S1_S1_)
C:\Users\Me\Desktop\Coolyeah\OoSe\Code_Battlefield\OOSE_LABOR_PROJECT\Runtime\libRuntime.a(Basics.o)
                              C:\Users\Me\Desktop\Coolyeah\OoSe\Code_Battlefield\OOSE_LABOR_PROJECT\Runtime\libRuntime.a(DigiPort.o) (_Z22port_handle_to_addressh)
c:/program files (x86)/atmel/studio/7.0/toolchain/avr8/avr8-gnu-toolchain/bin/../lib/gcc/avr/5.4.0/avr6\libgcc.a(_divmodhi4.o)
                              C:\Users\Me\Desktop\Coolyeah\OoSe\Code_Battlefield\OOSE_LABOR_PROJECT\Runtime\libRuntime.a(LCD.o) (__divmodhi4)
c:/program files (x86)/atmel/studio/7.0/toolchain/avr8/avr8-gnu-toolchain/bin/../lib/gcc/avr/5.4.0/avr6\libgcc.a(_udivmodsi4.o)
                              C:\Users\Me\Desktop\Coolyeah\OoSe\Code_Battlefield\OOSE_LABOR_PROJECT\Runtime\libRuntime.a(OSKernel.o) (__udivmodsi4)
c:/program files (x86)/atmel/studio/7.0/toolchain/avr8/avr8-gnu-toolchain/bin/../lib/gcc/avr/5.4.0/avr6\libgcc.a(_exit.o)
                              C:/Program Files (x86)/Atmel/Studio/7.0/Packs/atmel/ATmega_DFP/1.6.364/gcc/dev/atmega2560/avr6/crtatmega2560.o (exit)
c:/program files (x86)/atmel/studio/7.0/toolchain/avr8/avr8-gnu-toolchain/bin/../lib/gcc/avr/5.4.0/avr6\libgcc.a(_copy_data.o)
                              main.o (__do_copy_data)
c:/program files (x86)/atmel/studio/7.0/toolchain/avr8/avr8-gnu-toolchain/bin/../lib/gcc/avr/5.4.0/avr6\libgcc.a(_clear_bss.o)
                              main.o (__do_clear_bss)
c:/program files (x86)/atmel/studio/7.0/toolchain/avr8/avr8-gnu-toolchain/bin/../lib/gcc/avr/5.4.0/avr6\libgcc.a(_ctors.o)
                              main.o (__do_global_ctors)
c:/program files (x86)/atmel/studio/7.0/toolchain/avr8/avr8-gnu-toolchain/bin/../lib/gcc/avr/5.4.0/avr6\libgcc.a(_udivmodhi4.o)
                              c:/program files (x86)/atmel/studio/7.0/toolchain/avr8/avr8-gnu-toolchain/bin/../lib/gcc/avr/5.4.0/avr6\libgcc.a(_divmodhi4.o) (__udivmodhi4)
c:/program files (x86)/atmel/studio/7.0/toolchain/avr8/avr8-gnu-toolchain/bin/../lib/gcc/avr/5.4.0/avr6\libgcc.a(_tablejump2.o)
                              c:/program files (x86)/atmel/studio/7.0/toolchain/avr8/avr8-gnu-toolchain/bin/../lib/gcc/avr/5.4.0/avr6\libgcc.a(_ctors.o) (__tablejump2__)

Discarded input sections

 .data          0x00000000        0x0 C:/Program Files (x86)/Atmel/Studio/7.0/Packs/atmel/ATmega_DFP/1.6.364/gcc/dev/atmega2560/avr6/crtatmega2560.o
 .bss           0x00000000        0x0 C:/Program Files (x86)/Atmel/Studio/7.0/Packs/atmel/ATmega_DFP/1.6.364/gcc/dev/atmega2560/avr6/crtatmega2560.o
 .text          0x00000000        0x0 main.o
 .data          0x00000000        0x0 main.o
 .bss           0x00000000        0x0 main.o
 .group         0x00000000        0x8 C:\Users\Me\Desktop\Coolyeah\OoSe\Code_Battlefield\OOSE_LABOR_PROJECT\Runtime\libRuntime.a(DigiPort.o)
 .group         0x00000000        0x8 C:\Users\Me\Desktop\Coolyeah\OoSe\Code_Battlefield\OOSE_LABOR_PROJECT\Runtime\libRuntime.a(DigiPort.o)
 .text          0x00000000        0x0 C:\Users\Me\Desktop\Coolyeah\OoSe\Code_Battlefield\OOSE_LABOR_PROJECT\Runtime\libRuntime.a(DigiPort.o)
 .data          0x00000000        0x0 C:\Users\Me\Desktop\Coolyeah\OoSe\Code_Battlefield\OOSE_LABOR_PROJECT\Runtime\libRuntime.a(DigiPort.o)
 .bss           0x00000000        0x0 C:\Users\Me\Desktop\Coolyeah\OoSe\Code_Battlefield\OOSE_LABOR_PROJECT\Runtime\libRuntime.a(DigiPort.o)
 .text._ZN12DigiPortIRPT6notifyEv
                0x00000000       0x50 C:\Users\Me\Desktop\Coolyeah\OoSe\Code_Battlefield\OOSE_LABOR_PROJECT\Runtime\libRuntime.a(DigiPort.o)
 .text._ZN11DigiPortRaw14read_busy_waitEh
                0x00000000       0x36 C:\Users\Me\Desktop\Coolyeah\OoSe\Code_Battlefield\OOSE_LABOR_PROJECT\Runtime\libRuntime.a(DigiPort.o)
 .text._ZN11DigiPortRaw13read_blockingEh
                0x00000000       0x68 C:\Users\Me\Desktop\Coolyeah\OoSe\Code_Battlefield\OOSE_LABOR_PROJECT\Runtime\libRuntime.a(DigiPort.o)
 .text._ZN12DigiPortIRPTC2EhhhPFvvE
                0x00000000       0x98 C:\Users\Me\Desktop\Coolyeah\OoSe\Code_Battlefield\OOSE_LABOR_PROJECT\Runtime\libRuntime.a(DigiPort.o)
 .rodata._ZTV12DigiPortIRPT
                0x00000000        0x6 C:\Users\Me\Desktop\Coolyeah\OoSe\Code_Battlefield\OOSE_LABOR_PROJECT\Runtime\libRuntime.a(DigiPort.o)
 .text          0x00000000        0x0 C:\Users\Me\Desktop\Coolyeah\OoSe\Code_Battlefield\OOSE_LABOR_PROJECT\Runtime\libRuntime.a(LCD.o)
 .data          0x00000000        0x0 C:\Users\Me\Desktop\Coolyeah\OoSe\Code_Battlefield\OOSE_LABOR_PROJECT\Runtime\libRuntime.a(LCD.o)
 .bss           0x00000000        0x0 C:\Users\Me\Desktop\Coolyeah\OoSe\Code_Battlefield\OOSE_LABOR_PROJECT\Runtime\libRuntime.a(LCD.o)
 .text._ZN3LCD4homeEv
                0x00000000       0x2c C:\Users\Me\Desktop\Coolyeah\OoSe\Code_Battlefield\OOSE_LABOR_PROJECT\Runtime\libRuntime.a(LCD.o)
 .rodata.str1.1
                0x00000000       0x10 C:\Users\Me\Desktop\Coolyeah\OoSe\Code_Battlefield\OOSE_LABOR_PROJECT\Runtime\libRuntime.a(LCD.o)
 .text._ZN3LCD8describeEv
                0x00000000       0x9e C:\Users\Me\Desktop\Coolyeah\OoSe\Code_Battlefield\OOSE_LABOR_PROJECT\Runtime\libRuntime.a(LCD.o)
 .text._ZN4LCDSC2Eh10LCD_Type_th
                0x00000000       0x4a C:\Users\Me\Desktop\Coolyeah\OoSe\Code_Battlefield\OOSE_LABOR_PROJECT\Runtime\libRuntime.a(LCD.o)
 .text._ZN4LCDS5clearEv
                0x00000000       0x32 C:\Users\Me\Desktop\Coolyeah\OoSe\Code_Battlefield\OOSE_LABOR_PROJECT\Runtime\libRuntime.a(LCD.o)
 .text._ZN4LCDS7refreshEv
                0x00000000       0xb0 C:\Users\Me\Desktop\Coolyeah\OoSe\Code_Battlefield\OOSE_LABOR_PROJECT\Runtime\libRuntime.a(LCD.o)
 .text._ZN4LCDS14buffer_roll_upEv
                0x00000000       0xc2 C:\Users\Me\Desktop\Coolyeah\OoSe\Code_Battlefield\OOSE_LABOR_PROJECT\Runtime\libRuntime.a(LCD.o)
 .text._ZN4LCDS10write_charEc
                0x00000000       0xb0 C:\Users\Me\Desktop\Coolyeah\OoSe\Code_Battlefield\OOSE_LABOR_PROJECT\Runtime\libRuntime.a(LCD.o)
 .text._ZN4LCDS15write_SRAM_textEPKch
                0x00000000       0x46 C:\Users\Me\Desktop\Coolyeah\OoSe\Code_Battlefield\OOSE_LABOR_PROJECT\Runtime\libRuntime.a(LCD.o)
 .text._ZN4LCDS16write_FLASH_textEPKch
                0x00000000       0x4a C:\Users\Me\Desktop\Coolyeah\OoSe\Code_Battlefield\OOSE_LABOR_PROJECT\Runtime\libRuntime.a(LCD.o)
 .text._ZN4LCDS9scroll_upEh
                0x00000000       0x20 C:\Users\Me\Desktop\Coolyeah\OoSe\Code_Battlefield\OOSE_LABOR_PROJECT\Runtime\libRuntime.a(LCD.o)
 .text._ZN4LCDS11scroll_downEh
                0x00000000       0x4e C:\Users\Me\Desktop\Coolyeah\OoSe\Code_Battlefield\OOSE_LABOR_PROJECT\Runtime\libRuntime.a(LCD.o)
 .text          0x00000000        0x0 C:\Users\Me\Desktop\Coolyeah\OoSe\Code_Battlefield\OOSE_LABOR_PROJECT\Runtime\libRuntime.a(OSKernel.o)
 .data          0x00000000        0x0 C:\Users\Me\Desktop\Coolyeah\OoSe\Code_Battlefield\OOSE_LABOR_PROJECT\Runtime\libRuntime.a(OSKernel.o)
 .bss           0x00000000        0x0 C:\Users\Me\Desktop\Coolyeah\OoSe\Code_Battlefield\OOSE_LABOR_PROJECT\Runtime\libRuntime.a(OSKernel.o)
 .text._ZL4idlev
                0x00000000       0x18 C:\Users\Me\Desktop\Coolyeah\OoSe\Code_Battlefield\OOSE_LABOR_PROJECT\Runtime\libRuntime.a(OSKernel.o)
 .text._Z11task_insertPFvvE8Priority
                0x00000000       0xd6 C:\Users\Me\Desktop\Coolyeah\OoSe\Code_Battlefield\OOSE_LABOR_PROJECT\Runtime\libRuntime.a(OSKernel.o)
 .text._Z8activateh
                0x00000000       0x48 C:\Users\Me\Desktop\Coolyeah\OoSe\Code_Battlefield\OOSE_LABOR_PROJECT\Runtime\libRuntime.a(OSKernel.o)
 .text._Z9is_activeh
                0x00000000       0x2a C:\Users\Me\Desktop\Coolyeah\OoSe\Code_Battlefield\OOSE_LABOR_PROJECT\Runtime\libRuntime.a(OSKernel.o)
 .text._Z10elapsed_msh
                0x00000000       0x3c C:\Users\Me\Desktop\Coolyeah\OoSe\Code_Battlefield\OOSE_LABOR_PROJECT\Runtime\libRuntime.a(OSKernel.o)
 .text._Z6kernel14SchedulingTypePFvhE
                0x00000000       0x2c C:\Users\Me\Desktop\Coolyeah\OoSe\Code_Battlefield\OOSE_LABOR_PROJECT\Runtime\libRuntime.a(OSKernel.o)
 .text._Z11stop_kernelh
                0x00000000       0x1e C:\Users\Me\Desktop\Coolyeah\OoSe\Code_Battlefield\OOSE_LABOR_PROJECT\Runtime\libRuntime.a(OSKernel.o)
 .text._Z5yieldv
                0x00000000       0x58 C:\Users\Me\Desktop\Coolyeah\OoSe\Code_Battlefield\OOSE_LABOR_PROJECT\Runtime\libRuntime.a(OSKernel.o)
 .text._Z10deactivateh
                0x00000000       0x52 C:\Users\Me\Desktop\Coolyeah\OoSe\Code_Battlefield\OOSE_LABOR_PROJECT\Runtime\libRuntime.a(OSKernel.o)
 .text._Z15current_task_idv
                0x00000000        0x6 C:\Users\Me\Desktop\Coolyeah\OoSe\Code_Battlefield\OOSE_LABOR_PROJECT\Runtime\libRuntime.a(OSKernel.o)
 .text._Z13task_set_prio8Priority
                0x00000000       0x1c C:\Users\Me\Desktop\Coolyeah\OoSe\Code_Battlefield\OOSE_LABOR_PROJECT\Runtime\libRuntime.a(OSKernel.o)
 .text._Z8sem_waith
                0x00000000       0x70 C:\Users\Me\Desktop\Coolyeah\OoSe\Code_Battlefield\OOSE_LABOR_PROJECT\Runtime\libRuntime.a(OSKernel.o)
 .bss._ZL22sem_waiting_free_index
                0x00000000        0x1 C:\Users\Me\Desktop\Coolyeah\OoSe\Code_Battlefield\OOSE_LABOR_PROJECT\Runtime\libRuntime.a(OSKernel.o)
 .bss._ZL8exitproc
                0x00000000        0x2 C:\Users\Me\Desktop\Coolyeah\OoSe\Code_Battlefield\OOSE_LABOR_PROJECT\Runtime\libRuntime.a(OSKernel.o)
 .bss._ZL10sched_type
                0x00000000        0x1 C:\Users\Me\Desktop\Coolyeah\OoSe\Code_Battlefield\OOSE_LABOR_PROJECT\Runtime\libRuntime.a(OSKernel.o)
 .group         0x00000000        0x8 C:\Users\Me\Desktop\Coolyeah\OoSe\Code_Battlefield\OOSE_LABOR_PROJECT\Runtime\libRuntime.a(Timer.o)
 .group         0x00000000        0x8 C:\Users\Me\Desktop\Coolyeah\OoSe\Code_Battlefield\OOSE_LABOR_PROJECT\Runtime\libRuntime.a(Timer.o)
 .group         0x00000000        0x8 C:\Users\Me\Desktop\Coolyeah\OoSe\Code_Battlefield\OOSE_LABOR_PROJECT\Runtime\libRuntime.a(Timer.o)
 .group         0x00000000        0x8 C:\Users\Me\Desktop\Coolyeah\OoSe\Code_Battlefield\OOSE_LABOR_PROJECT\Runtime\libRuntime.a(Timer.o)
 .group         0x00000000        0x8 C:\Users\Me\Desktop\Coolyeah\OoSe\Code_Battlefield\OOSE_LABOR_PROJECT\Runtime\libRuntime.a(Timer.o)
 .group         0x00000000        0x8 C:\Users\Me\Desktop\Coolyeah\OoSe\Code_Battlefield\OOSE_LABOR_PROJECT\Runtime\libRuntime.a(Timer.o)
 .group         0x00000000        0x8 C:\Users\Me\Desktop\Coolyeah\OoSe\Code_Battlefield\OOSE_LABOR_PROJECT\Runtime\libRuntime.a(Timer.o)
 .group         0x00000000        0x8 C:\Users\Me\Desktop\Coolyeah\OoSe\Code_Battlefield\OOSE_LABOR_PROJECT\Runtime\libRuntime.a(Timer.o)
 .group         0x00000000        0x8 C:\Users\Me\Desktop\Coolyeah\OoSe\Code_Battlefield\OOSE_LABOR_PROJECT\Runtime\libRuntime.a(Timer.o)
 .group         0x00000000        0x8 C:\Users\Me\Desktop\Coolyeah\OoSe\Code_Battlefield\OOSE_LABOR_PROJECT\Runtime\libRuntime.a(Timer.o)
 .group         0x00000000        0x8 C:\Users\Me\Desktop\Coolyeah\OoSe\Code_Battlefield\OOSE_LABOR_PROJECT\Runtime\libRuntime.a(Timer.o)
 .group         0x00000000        0x8 C:\Users\Me\Desktop\Coolyeah\OoSe\Code_Battlefield\OOSE_LABOR_PROJECT\Runtime\libRuntime.a(Timer.o)
 .group         0x00000000        0x8 C:\Users\Me\Desktop\Coolyeah\OoSe\Code_Battlefield\OOSE_LABOR_PROJECT\Runtime\libRuntime.a(Timer.o)
 .group         0x00000000        0x8 C:\Users\Me\Desktop\Coolyeah\OoSe\Code_Battlefield\OOSE_LABOR_PROJECT\Runtime\libRuntime.a(Timer.o)
 .group         0x00000000        0x8 C:\Users\Me\Desktop\Coolyeah\OoSe\Code_Battlefield\OOSE_LABOR_PROJECT\Runtime\libRuntime.a(Timer.o)
 .text          0x00000000        0x0 C:\Users\Me\Desktop\Coolyeah\OoSe\Code_Battlefield\OOSE_LABOR_PROJECT\Runtime\libRuntime.a(Timer.o)
 .data          0x00000000        0x0 C:\Users\Me\Desktop\Coolyeah\OoSe\Code_Battlefield\OOSE_LABOR_PROJECT\Runtime\libRuntime.a(Timer.o)
 .bss           0x00000000        0x0 C:\Users\Me\Desktop\Coolyeah\OoSe\Code_Battlefield\OOSE_LABOR_PROJECT\Runtime\libRuntime.a(Timer.o)
 .text._ZN7Timer168start_usEjjjjh
                0x00000000      0x144 C:\Users\Me\Desktop\Coolyeah\OoSe\Code_Battlefield\OOSE_LABOR_PROJECT\Runtime\libRuntime.a(Timer.o)
 .text._ZN6Timer88start_msEjjjh
                0x00000000       0xe6 C:\Users\Me\Desktop\Coolyeah\OoSe\Code_Battlefield\OOSE_LABOR_PROJECT\Runtime\libRuntime.a(Timer.o)
 .text._ZN6Timer88start_usEjjjh
                0x00000000       0xc6 C:\Users\Me\Desktop\Coolyeah\OoSe\Code_Battlefield\OOSE_LABOR_PROJECT\Runtime\libRuntime.a(Timer.o)
 .text._ZN7OSTimer13force_timeoutEv
                0x00000000       0x58 C:\Users\Me\Desktop\Coolyeah\OoSe\Code_Battlefield\OOSE_LABOR_PROJECT\Runtime\libRuntime.a(Timer.o)
 .text._ZN7OSTimer5startEj
                0x00000000       0x6e C:\Users\Me\Desktop\Coolyeah\OoSe\Code_Battlefield\OOSE_LABOR_PROJECT\Runtime\libRuntime.a(Timer.o)
 .text          0x00000000        0x0 C:\Users\Me\Desktop\Coolyeah\OoSe\Code_Battlefield\OOSE_LABOR_PROJECT\Runtime\libRuntime.a(Basics.o)
 .data          0x00000000        0x0 C:\Users\Me\Desktop\Coolyeah\OoSe\Code_Battlefield\OOSE_LABOR_PROJECT\Runtime\libRuntime.a(Basics.o)
 .bss           0x00000000        0x0 C:\Users\Me\Desktop\Coolyeah\OoSe\Code_Battlefield\OOSE_LABOR_PROJECT\Runtime\libRuntime.a(Basics.o)
 .text          0x00000000        0x0 c:/program files (x86)/atmel/studio/7.0/toolchain/avr8/avr8-gnu-toolchain/bin/../lib/gcc/avr/5.4.0/avr6\libgcc.a(_divmodhi4.o)
 .data          0x00000000        0x0 c:/program files (x86)/atmel/studio/7.0/toolchain/avr8/avr8-gnu-toolchain/bin/../lib/gcc/avr/5.4.0/avr6\libgcc.a(_divmodhi4.o)
 .bss           0x00000000        0x0 c:/program files (x86)/atmel/studio/7.0/toolchain/avr8/avr8-gnu-toolchain/bin/../lib/gcc/avr/5.4.0/avr6\libgcc.a(_divmodhi4.o)
 .text.libgcc.mul
                0x00000000        0x0 c:/program files (x86)/atmel/studio/7.0/toolchain/avr8/avr8-gnu-toolchain/bin/../lib/gcc/avr/5.4.0/avr6\libgcc.a(_divmodhi4.o)
 .text.libgcc   0x00000000        0x0 c:/program files (x86)/atmel/studio/7.0/toolchain/avr8/avr8-gnu-toolchain/bin/../lib/gcc/avr/5.4.0/avr6\libgcc.a(_divmodhi4.o)
 .text.libgcc.prologue
                0x00000000        0x0 c:/program files (x86)/atmel/studio/7.0/toolchain/avr8/avr8-gnu-toolchain/bin/../lib/gcc/avr/5.4.0/avr6\libgcc.a(_divmodhi4.o)
 .text.libgcc.builtins
                0x00000000        0x0 c:/program files (x86)/atmel/studio/7.0/toolchain/avr8/avr8-gnu-toolchain/bin/../lib/gcc/avr/5.4.0/avr6\libgcc.a(_divmodhi4.o)
 .text.libgcc.fmul
                0x00000000        0x0 c:/program files (x86)/atmel/studio/7.0/toolchain/avr8/avr8-gnu-toolchain/bin/../lib/gcc/avr/5.4.0/avr6\libgcc.a(_divmodhi4.o)
 .text.libgcc.fixed
                0x00000000        0x0 c:/program files (x86)/atmel/studio/7.0/toolchain/avr8/avr8-gnu-toolchain/bin/../lib/gcc/avr/5.4.0/avr6\libgcc.a(_divmodhi4.o)
 .text          0x00000000        0x0 c:/program files (x86)/atmel/studio/7.0/toolchain/avr8/avr8-gnu-toolchain/bin/../lib/gcc/avr/5.4.0/avr6\libgcc.a(_udivmodsi4.o)
 .data          0x00000000        0x0 c:/program files (x86)/atmel/studio/7.0/toolchain/avr8/avr8-gnu-toolchain/bin/../lib/gcc/avr/5.4.0/avr6\libgcc.a(_udivmodsi4.o)
 .bss           0x00000000        0x0 c:/program files (x86)/atmel/studio/7.0/toolchain/avr8/avr8-gnu-toolchain/bin/../lib/gcc/avr/5.4.0/avr6\libgcc.a(_udivmodsi4.o)
 .text.libgcc.mul
                0x00000000        0x0 c:/program files (x86)/atmel/studio/7.0/toolchain/avr8/avr8-gnu-toolchain/bin/../lib/gcc/avr/5.4.0/avr6\libgcc.a(_udivmodsi4.o)
 .text.libgcc.div
                0x00000000       0x44 c:/program files (x86)/atmel/studio/7.0/toolchain/avr8/avr8-gnu-toolchain/bin/../lib/gcc/avr/5.4.0/avr6\libgcc.a(_udivmodsi4.o)
 .text.libgcc   0x00000000        0x0 c:/program files (x86)/atmel/studio/7.0/toolchain/avr8/avr8-gnu-toolchain/bin/../lib/gcc/avr/5.4.0/avr6\libgcc.a(_udivmodsi4.o)
 .text.libgcc.prologue
                0x00000000        0x0 c:/program files (x86)/atmel/studio/7.0/toolchain/avr8/avr8-gnu-toolchain/bin/../lib/gcc/avr/5.4.0/avr6\libgcc.a(_udivmodsi4.o)
 .text.libgcc.builtins
                0x00000000        0x0 c:/program files (x86)/atmel/studio/7.0/toolchain/avr8/avr8-gnu-toolchain/bin/../lib/gcc/avr/5.4.0/avr6\libgcc.a(_udivmodsi4.o)
 .text.libgcc.fmul
                0x00000000        0x0 c:/program files (x86)/atmel/studio/7.0/toolchain/avr8/avr8-gnu-toolchain/bin/../lib/gcc/avr/5.4.0/avr6\libgcc.a(_udivmodsi4.o)
 .text.libgcc.fixed
                0x00000000        0x0 c:/program files (x86)/atmel/studio/7.0/toolchain/avr8/avr8-gnu-toolchain/bin/../lib/gcc/avr/5.4.0/avr6\libgcc.a(_udivmodsi4.o)
 .text          0x00000000        0x0 c:/program files (x86)/atmel/studio/7.0/toolchain/avr8/avr8-gnu-toolchain/bin/../lib/gcc/avr/5.4.0/avr6\libgcc.a(_exit.o)
 .data          0x00000000        0x0 c:/program files (x86)/atmel/studio/7.0/toolchain/avr8/avr8-gnu-toolchain/bin/../lib/gcc/avr/5.4.0/avr6\libgcc.a(_exit.o)
 .bss           0x00000000        0x0 c:/program files (x86)/atmel/studio/7.0/toolchain/avr8/avr8-gnu-toolchain/bin/../lib/gcc/avr/5.4.0/avr6\libgcc.a(_exit.o)
 .text.libgcc.mul
                0x00000000        0x0 c:/program files (x86)/atmel/studio/7.0/toolchain/avr8/avr8-gnu-toolchain/bin/../lib/gcc/avr/5.4.0/avr6\libgcc.a(_exit.o)
 .text.libgcc.div
                0x00000000        0x0 c:/program files (x86)/atmel/studio/7.0/toolchain/avr8/avr8-gnu-toolchain/bin/../lib/gcc/avr/5.4.0/avr6\libgcc.a(_exit.o)
 .text.libgcc   0x00000000        0x0 c:/program files (x86)/atmel/studio/7.0/toolchain/avr8/avr8-gnu-toolchain/bin/../lib/gcc/avr/5.4.0/avr6\libgcc.a(_exit.o)
 .text.libgcc.prologue
                0x00000000        0x0 c:/program files (x86)/atmel/studio/7.0/toolchain/avr8/avr8-gnu-toolchain/bin/../lib/gcc/avr/5.4.0/avr6\libgcc.a(_exit.o)
 .text.libgcc.builtins
                0x00000000        0x0 c:/program files (x86)/atmel/studio/7.0/toolchain/avr8/avr8-gnu-toolchain/bin/../lib/gcc/avr/5.4.0/avr6\libgcc.a(_exit.o)
 .text.libgcc.fmul
                0x00000000        0x0 c:/program files (x86)/atmel/studio/7.0/toolchain/avr8/avr8-gnu-toolchain/bin/../lib/gcc/avr/5.4.0/avr6\libgcc.a(_exit.o)
 .text.libgcc.fixed
                0x00000000        0x0 c:/program files (x86)/atmel/studio/7.0/toolchain/avr8/avr8-gnu-toolchain/bin/../lib/gcc/avr/5.4.0/avr6\libgcc.a(_exit.o)
 .text          0x00000000        0x0 c:/program files (x86)/atmel/studio/7.0/toolchain/avr8/avr8-gnu-toolchain/bin/../lib/gcc/avr/5.4.0/avr6\libgcc.a(_copy_data.o)
 .data          0x00000000        0x0 c:/program files (x86)/atmel/studio/7.0/toolchain/avr8/avr8-gnu-toolchain/bin/../lib/gcc/avr/5.4.0/avr6\libgcc.a(_copy_data.o)
 .bss           0x00000000        0x0 c:/program files (x86)/atmel/studio/7.0/toolchain/avr8/avr8-gnu-toolchain/bin/../lib/gcc/avr/5.4.0/avr6\libgcc.a(_copy_data.o)
 .text.libgcc.mul
                0x00000000        0x0 c:/program files (x86)/atmel/studio/7.0/toolchain/avr8/avr8-gnu-toolchain/bin/../lib/gcc/avr/5.4.0/avr6\libgcc.a(_copy_data.o)
 .text.libgcc.div
                0x00000000        0x0 c:/program files (x86)/atmel/studio/7.0/toolchain/avr8/avr8-gnu-toolchain/bin/../lib/gcc/avr/5.4.0/avr6\libgcc.a(_copy_data.o)
 .text.libgcc   0x00000000        0x0 c:/program files (x86)/atmel/studio/7.0/toolchain/avr8/avr8-gnu-toolchain/bin/../lib/gcc/avr/5.4.0/avr6\libgcc.a(_copy_data.o)
 .text.libgcc.prologue
                0x00000000        0x0 c:/program files (x86)/atmel/studio/7.0/toolchain/avr8/avr8-gnu-toolchain/bin/../lib/gcc/avr/5.4.0/avr6\libgcc.a(_copy_data.o)
 .text.libgcc.builtins
                0x00000000        0x0 c:/program files (x86)/atmel/studio/7.0/toolchain/avr8/avr8-gnu-toolchain/bin/../lib/gcc/avr/5.4.0/avr6\libgcc.a(_copy_data.o)
 .text.libgcc.fmul
                0x00000000        0x0 c:/program files (x86)/atmel/studio/7.0/toolchain/avr8/avr8-gnu-toolchain/bin/../lib/gcc/avr/5.4.0/avr6\libgcc.a(_copy_data.o)
 .text.libgcc.fixed
                0x00000000        0x0 c:/program files (x86)/atmel/studio/7.0/toolchain/avr8/avr8-gnu-toolchain/bin/../lib/gcc/avr/5.4.0/avr6\libgcc.a(_copy_data.o)
 .text          0x00000000        0x0 c:/program files (x86)/atmel/studio/7.0/toolchain/avr8/avr8-gnu-toolchain/bin/../lib/gcc/avr/5.4.0/avr6\libgcc.a(_clear_bss.o)
 .data          0x00000000        0x0 c:/program files (x86)/atmel/studio/7.0/toolchain/avr8/avr8-gnu-toolchain/bin/../lib/gcc/avr/5.4.0/avr6\libgcc.a(_clear_bss.o)
 .bss           0x00000000        0x0 c:/program files (x86)/atmel/studio/7.0/toolchain/avr8/avr8-gnu-toolchain/bin/../lib/gcc/avr/5.4.0/avr6\libgcc.a(_clear_bss.o)
 .text.libgcc.mul
                0x00000000        0x0 c:/program files (x86)/atmel/studio/7.0/toolchain/avr8/avr8-gnu-toolchain/bin/../lib/gcc/avr/5.4.0/avr6\libgcc.a(_clear_bss.o)
 .text.libgcc.div
                0x00000000        0x0 c:/program files (x86)/atmel/studio/7.0/toolchain/avr8/avr8-gnu-toolchain/bin/../lib/gcc/avr/5.4.0/avr6\libgcc.a(_clear_bss.o)
 .text.libgcc   0x00000000        0x0 c:/program files (x86)/atmel/studio/7.0/toolchain/avr8/avr8-gnu-toolchain/bin/../lib/gcc/avr/5.4.0/avr6\libgcc.a(_clear_bss.o)
 .text.libgcc.prologue
                0x00000000        0x0 c:/program files (x86)/atmel/studio/7.0/toolchain/avr8/avr8-gnu-toolchain/bin/../lib/gcc/avr/5.4.0/avr6\libgcc.a(_clear_bss.o)
 .text.libgcc.builtins
                0x00000000        0x0 c:/program files (x86)/atmel/studio/7.0/toolchain/avr8/avr8-gnu-toolchain/bin/../lib/gcc/avr/5.4.0/avr6\libgcc.a(_clear_bss.o)
 .text.libgcc.fmul
                0x00000000        0x0 c:/program files (x86)/atmel/studio/7.0/toolchain/avr8/avr8-gnu-toolchain/bin/../lib/gcc/avr/5.4.0/avr6\libgcc.a(_clear_bss.o)
 .text.libgcc.fixed
                0x00000000        0x0 c:/program files (x86)/atmel/studio/7.0/toolchain/avr8/avr8-gnu-toolchain/bin/../lib/gcc/avr/5.4.0/avr6\libgcc.a(_clear_bss.o)
 .text          0x00000000        0x0 c:/program files (x86)/atmel/studio/7.0/toolchain/avr8/avr8-gnu-toolchain/bin/../lib/gcc/avr/5.4.0/avr6\libgcc.a(_ctors.o)
 .data          0x00000000        0x0 c:/program files (x86)/atmel/studio/7.0/toolchain/avr8/avr8-gnu-toolchain/bin/../lib/gcc/avr/5.4.0/avr6\libgcc.a(_ctors.o)
 .bss           0x00000000        0x0 c:/program files (x86)/atmel/studio/7.0/toolchain/avr8/avr8-gnu-toolchain/bin/../lib/gcc/avr/5.4.0/avr6\libgcc.a(_ctors.o)
 .text.libgcc.mul
                0x00000000        0x0 c:/program files (x86)/atmel/studio/7.0/toolchain/avr8/avr8-gnu-toolchain/bin/../lib/gcc/avr/5.4.0/avr6\libgcc.a(_ctors.o)
 .text.libgcc.div
                0x00000000        0x0 c:/program files (x86)/atmel/studio/7.0/toolchain/avr8/avr8-gnu-toolchain/bin/../lib/gcc/avr/5.4.0/avr6\libgcc.a(_ctors.o)
 .text.libgcc   0x00000000        0x0 c:/program files (x86)/atmel/studio/7.0/toolchain/avr8/avr8-gnu-toolchain/bin/../lib/gcc/avr/5.4.0/avr6\libgcc.a(_ctors.o)
 .text.libgcc.prologue
                0x00000000        0x0 c:/program files (x86)/atmel/studio/7.0/toolchain/avr8/avr8-gnu-toolchain/bin/../lib/gcc/avr/5.4.0/avr6\libgcc.a(_ctors.o)
 .text.libgcc.builtins
                0x00000000        0x0 c:/program files (x86)/atmel/studio/7.0/toolchain/avr8/avr8-gnu-toolchain/bin/../lib/gcc/avr/5.4.0/avr6\libgcc.a(_ctors.o)
 .text.libgcc.fmul
                0x00000000        0x0 c:/program files (x86)/atmel/studio/7.0/toolchain/avr8/avr8-gnu-toolchain/bin/../lib/gcc/avr/5.4.0/avr6\libgcc.a(_ctors.o)
 .text.libgcc.fixed
                0x00000000        0x0 c:/program files (x86)/atmel/studio/7.0/toolchain/avr8/avr8-gnu-toolchain/bin/../lib/gcc/avr/5.4.0/avr6\libgcc.a(_ctors.o)
 .text          0x00000000        0x0 c:/program files (x86)/atmel/studio/7.0/toolchain/avr8/avr8-gnu-toolchain/bin/../lib/gcc/avr/5.4.0/avr6\libgcc.a(_udivmodhi4.o)
 .data          0x00000000        0x0 c:/program files (x86)/atmel/studio/7.0/toolchain/avr8/avr8-gnu-toolchain/bin/../lib/gcc/avr/5.4.0/avr6\libgcc.a(_udivmodhi4.o)
 .bss           0x00000000        0x0 c:/program files (x86)/atmel/studio/7.0/toolchain/avr8/avr8-gnu-toolchain/bin/../lib/gcc/avr/5.4.0/avr6\libgcc.a(_udivmodhi4.o)
 .text.libgcc.mul
                0x00000000        0x0 c:/program files (x86)/atmel/studio/7.0/toolchain/avr8/avr8-gnu-toolchain/bin/../lib/gcc/avr/5.4.0/avr6\libgcc.a(_udivmodhi4.o)
 .text.libgcc   0x00000000        0x0 c:/program files (x86)/atmel/studio/7.0/toolchain/avr8/avr8-gnu-toolchain/bin/../lib/gcc/avr/5.4.0/avr6\libgcc.a(_udivmodhi4.o)
 .text.libgcc.prologue
                0x00000000        0x0 c:/program files (x86)/atmel/studio/7.0/toolchain/avr8/avr8-gnu-toolchain/bin/../lib/gcc/avr/5.4.0/avr6\libgcc.a(_udivmodhi4.o)
 .text.libgcc.builtins
                0x00000000        0x0 c:/program files (x86)/atmel/studio/7.0/toolchain/avr8/avr8-gnu-toolchain/bin/../lib/gcc/avr/5.4.0/avr6\libgcc.a(_udivmodhi4.o)
 .text.libgcc.fmul
                0x00000000        0x0 c:/program files (x86)/atmel/studio/7.0/toolchain/avr8/avr8-gnu-toolchain/bin/../lib/gcc/avr/5.4.0/avr6\libgcc.a(_udivmodhi4.o)
 .text.libgcc.fixed
                0x00000000        0x0 c:/program files (x86)/atmel/studio/7.0/toolchain/avr8/avr8-gnu-toolchain/bin/../lib/gcc/avr/5.4.0/avr6\libgcc.a(_udivmodhi4.o)
 .text          0x00000000        0x0 c:/program files (x86)/atmel/studio/7.0/toolchain/avr8/avr8-gnu-toolchain/bin/../lib/gcc/avr/5.4.0/avr6\libgcc.a(_tablejump2.o)
 .data          0x00000000        0x0 c:/program files (x86)/atmel/studio/7.0/toolchain/avr8/avr8-gnu-toolchain/bin/../lib/gcc/avr/5.4.0/avr6\libgcc.a(_tablejump2.o)
 .bss           0x00000000        0x0 c:/program files (x86)/atmel/studio/7.0/toolchain/avr8/avr8-gnu-toolchain/bin/../lib/gcc/avr/5.4.0/avr6\libgcc.a(_tablejump2.o)
 .text.libgcc.mul
                0x00000000        0x0 c:/program files (x86)/atmel/studio/7.0/toolchain/avr8/avr8-gnu-toolchain/bin/../lib/gcc/avr/5.4.0/avr6\libgcc.a(_tablejump2.o)
 .text.libgcc.div
                0x00000000        0x0 c:/program files (x86)/atmel/studio/7.0/toolchain/avr8/avr8-gnu-toolchain/bin/../lib/gcc/avr/5.4.0/avr6\libgcc.a(_tablejump2.o)
 .text.libgcc.prologue
                0x00000000        0x0 c:/program files (x86)/atmel/studio/7.0/toolchain/avr8/avr8-gnu-toolchain/bin/../lib/gcc/avr/5.4.0/avr6\libgcc.a(_tablejump2.o)
 .text.libgcc.builtins
                0x00000000        0x0 c:/program files (x86)/atmel/studio/7.0/toolchain/avr8/avr8-gnu-toolchain/bin/../lib/gcc/avr/5.4.0/avr6\libgcc.a(_tablejump2.o)
 .text.libgcc.fmul
                0x00000000        0x0 c:/program files (x86)/atmel/studio/7.0/toolchain/avr8/avr8-gnu-toolchain/bin/../lib/gcc/avr/5.4.0/avr6\libgcc.a(_tablejump2.o)
 .text.libgcc.fixed
                0x00000000        0x0 c:/program files (x86)/atmel/studio/7.0/toolchain/avr8/avr8-gnu-toolchain/bin/../lib/gcc/avr/5.4.0/avr6\libgcc.a(_tablejump2.o)

Memory Configuration

Name             Origin             Length             Attributes
text             0x00000000         0x00040000         xr
data             0x00800200         0x00002000         rw !x
eeprom           0x00810000         0x00001000         rw !x
fuse             0x00820000         0x00000003         rw !x
lock             0x00830000         0x00000400         rw !x
signature        0x00840000         0x00000400         rw !x
user_signatures  0x00850000         0x00000400         rw !x
*default*        0x00000000         0xffffffff

Linker script and memory map

Address of section .data set to 0x800200
LOAD C:/Program Files (x86)/Atmel/Studio/7.0/Packs/atmel/ATmega_DFP/1.6.364/gcc/dev/atmega2560/avr6/crtatmega2560.o
LOAD main.o
START GROUP
LOAD c:/program files (x86)/atmel/studio/7.0/toolchain/avr8/avr8-gnu-toolchain/bin/../lib/gcc/avr/5.4.0/../../../../avr/lib/avr6\libm.a
LOAD C:\Users\Me\Desktop\Coolyeah\OoSe\Code_Battlefield\OOSE_LABOR_PROJECT\Runtime\libRuntime.a
END GROUP
LOAD c:/program files (x86)/atmel/studio/7.0/toolchain/avr8/avr8-gnu-toolchain/bin/../lib/gcc/avr/5.4.0/avr6\libgcc.a
LOAD c:/program files (x86)/atmel/studio/7.0/toolchain/avr8/avr8-gnu-toolchain/bin/../lib/gcc/avr/5.4.0/../../../../avr/lib/avr6\libm.a
START GROUP
LOAD c:/program files (x86)/atmel/studio/7.0/toolchain/avr8/avr8-gnu-toolchain/bin/../lib/gcc/avr/5.4.0/avr6\libgcc.a
LOAD c:/program files (x86)/atmel/studio/7.0/toolchain/avr8/avr8-gnu-toolchain/bin/../lib/gcc/avr/5.4.0/../../../../avr/lib/avr6\libm.a
LOAD c:/program files (x86)/atmel/studio/7.0/toolchain/avr8/avr8-gnu-toolchain/bin/../lib/gcc/avr/5.4.0/../../../../avr/lib/avr6\libc.a
LOAD C:/Program Files (x86)/Atmel/Studio/7.0/Packs/atmel/ATmega_DFP/1.6.364/gcc/dev/atmega2560/avr6\libatmega2560.a
END GROUP
                0x00000000                __TEXT_REGION_ORIGIN__ = DEFINED (__TEXT_REGION_ORIGIN__)?__TEXT_REGION_ORIGIN__:0x0
                [0x00800200]                __DATA_REGION_ORIGIN__ = DEFINED (__DATA_REGION_ORIGIN__)?__DATA_REGION_ORIGIN__:0x800200
                [0x00040000]                __TEXT_REGION_LENGTH__ = DEFINED (__TEXT_REGION_LENGTH__)?__TEXT_REGION_LENGTH__:0x100000
                [0x00002000]                __DATA_REGION_LENGTH__ = DEFINED (__DATA_REGION_LENGTH__)?__DATA_REGION_LENGTH__:0xfe00
                [0x00001000]                __EEPROM_REGION_LENGTH__ = DEFINED (__EEPROM_REGION_LENGTH__)?__EEPROM_REGION_LENGTH__:0x10000
                [0x00000003]                __FUSE_REGION_LENGTH__ = DEFINED (__FUSE_REGION_LENGTH__)?__FUSE_REGION_LENGTH__:0x400
                0x00000400                __LOCK_REGION_LENGTH__ = DEFINED (__LOCK_REGION_LENGTH__)?__LOCK_REGION_LENGTH__:0x400
                0x00000400                __SIGNATURE_REGION_LENGTH__ = DEFINED (__SIGNATURE_REGION_LENGTH__)?__SIGNATURE_REGION_LENGTH__:0x400
                0x00000400                __USER_SIGNATURE_REGION_LENGTH__ = DEFINED (__USER_SIGNATURE_REGION_LENGTH__)?__USER_SIGNATURE_REGION_LENGTH__:0x400

.hash
 *(.hash)

.dynsym
 *(.dynsym)

.dynstr
 *(.dynstr)

.gnu.version
 *(.gnu.version)

.gnu.version_d
 *(.gnu.version_d)

.gnu.version_r
 *(.gnu.version_r)

.rel.init
 *(.rel.init)

.rela.init
 *(.rela.init)

.rel.text
 *(.rel.text)
 *(.rel.text.*)
 *(.rel.gnu.linkonce.t*)

.rela.text
 *(.rela.text)
 *(.rela.text.*)
 *(.rela.gnu.linkonce.t*)

.rel.fini
 *(.rel.fini)

.rela.fini
 *(.rela.fini)

.rel.rodata
 *(.rel.rodata)
 *(.rel.rodata.*)
 *(.rel.gnu.linkonce.r*)

.rela.rodata
 *(.rela.rodata)
 *(.rela.rodata.*)
 *(.rela.gnu.linkonce.r*)

.rel.data
 *(.rel.data)
 *(.rel.data.*)
 *(.rel.gnu.linkonce.d*)

.rela.data
 *(.rela.data)
 *(.rela.data.*)
 *(.rela.gnu.linkonce.d*)

.rel.ctors
 *(.rel.ctors)

.rela.ctors
 *(.rela.ctors)

.rel.dtors
 *(.rel.dtors)

.rela.dtors
 *(.rela.dtors)

.rel.got
 *(.rel.got)

.rela.got
 *(.rela.got)

.rel.bss
 *(.rel.bss)

.rela.bss
 *(.rela.bss)

.rel.plt
 *(.rel.plt)

.rela.plt
 *(.rela.plt)

.text           0x00000000     0x20b8
 *(.vectors)
 .vectors       0x00000000       0xe4 C:/Program Files (x86)/Atmel/Studio/7.0/Packs/atmel/ATmega_DFP/1.6.364/gcc/dev/atmega2560/avr6/crtatmega2560.o
                0x00000000                __vector_default
                0x00000000                __vectors
 *(.vectors)
 *(.progmem.gcc*)
                0x000000e4                . = ALIGN (0x2)
                0x000000e4                __trampolines_start = .
 *(.trampolines)
 .trampolines   0x000000e4        0x0 linker stubs
 *(.trampolines*)
                0x000000e4                __trampolines_end = .
 *libprintf_flt.a:*(.progmem.data)
 *libc.a:*(.progmem.data)
 *(.progmem*)
 .progmem.data._ZL8disp_end
                0x000000e4        0x7 main.o
 .progmem.data._ZL10disp_start
                0x000000eb        0x7 main.o
 .progmem.data._ZL11disp_normal
                0x000000f2        0x7 main.o
 .progmem.data._ZL11init_bottom
                0x000000f9        0x8 main.o
 .progmem.data._ZL8init_top
                0x00000101        0x8 main.o
                0x0000010a                . = ALIGN (0x2)
 *fill*         0x00000109        0x1 
 *(.jumptables)
 *(.jumptables*)
 *(.lowtext)
 *(.lowtext*)
                0x0000010a                __ctors_start = .
 *(.ctors)
 .ctors         0x0000010a        0x2 main.o
 .ctors         0x0000010c        0x2 C:\Users\Me\Desktop\Coolyeah\OoSe\Code_Battlefield\OOSE_LABOR_PROJECT\Runtime\libRuntime.a(OSKernel.o)
                0x0000010e                __ctors_end = .
                0x0000010e                __dtors_start = .
 *(.dtors)
                0x0000010e                __dtors_end = .
 SORT(*)(.ctors)
 SORT(*)(.dtors)
 *(.init0)
 .init0         0x0000010e        0x0 C:/Program Files (x86)/Atmel/Studio/7.0/Packs/atmel/ATmega_DFP/1.6.364/gcc/dev/atmega2560/avr6/crtatmega2560.o
                0x0000010e                __init
 .init0         0x0000010e       0x18 main.o
 .init0         0x00000126       0x18 C:\Users\Me\Desktop\Coolyeah\OoSe\Code_Battlefield\OOSE_LABOR_PROJECT\Runtime\libRuntime.a(DigiPort.o)
 .init0         0x0000013e       0x18 C:\Users\Me\Desktop\Coolyeah\OoSe\Code_Battlefield\OOSE_LABOR_PROJECT\Runtime\libRuntime.a(LCD.o)
 .init0         0x00000156       0x18 C:\Users\Me\Desktop\Coolyeah\OoSe\Code_Battlefield\OOSE_LABOR_PROJECT\Runtime\libRuntime.a(OSKernel.o)
 .init0         0x0000016e       0x18 C:\Users\Me\Desktop\Coolyeah\OoSe\Code_Battlefield\OOSE_LABOR_PROJECT\Runtime\libRuntime.a(Timer.o)
 .init0         0x00000186       0x18 C:\Users\Me\Desktop\Coolyeah\OoSe\Code_Battlefield\OOSE_LABOR_PROJECT\Runtime\libRuntime.a(Basics.o)
 *(.init0)
 *(.init1)
 *(.init1)
 *(.init2)
 .init2         0x0000019e       0x10 C:/Program Files (x86)/Atmel/Studio/7.0/Packs/atmel/ATmega_DFP/1.6.364/gcc/dev/atmega2560/avr6/crtatmega2560.o
 *(.init2)
 *(.init3)
 *(.init3)
 *(.init4)
 .init4         0x000001ae       0x1a c:/program files (x86)/atmel/studio/7.0/toolchain/avr8/avr8-gnu-toolchain/bin/../lib/gcc/avr/5.4.0/avr6\libgcc.a(_copy_data.o)
                0x000001ae                __do_copy_data
 .init4         0x000001c8       0x10 c:/program files (x86)/atmel/studio/7.0/toolchain/avr8/avr8-gnu-toolchain/bin/../lib/gcc/avr/5.4.0/avr6\libgcc.a(_clear_bss.o)
                0x000001c8                __do_clear_bss
 *(.init4)
 *(.init5)
 *(.init5)
 *(.init6)
 .init6         0x000001d8       0x20 c:/program files (x86)/atmel/studio/7.0/toolchain/avr8/avr8-gnu-toolchain/bin/../lib/gcc/avr/5.4.0/avr6\libgcc.a(_ctors.o)
                0x000001d8                __do_global_ctors
 *(.init6)
 *(.init7)
 *(.init7)
 *(.init8)
 *(.init8)
 *(.init9)
 .init9         0x000001f8        0x6 C:/Program Files (x86)/Atmel/Studio/7.0/Packs/atmel/ATmega_DFP/1.6.364/gcc/dev/atmega2560/avr6/crtatmega2560.o
 *(.init9)
 *(.text)
 .text          0x000001fe        0x2 C:/Program Files (x86)/Atmel/Studio/7.0/Packs/atmel/ATmega_DFP/1.6.364/gcc/dev/atmega2560/avr6/crtatmega2560.o
                0x000001fe                __vector_38
                0x000001fe                __vector_28
                0x000001fe                __vector_1
                0x000001fe                __vector_24
                0x000001fe                __vector_12
                0x000001fe                __vector_55
                0x000001fe                __vector_46
                0x000001fe                __bad_interrupt
                0x000001fe                __vector_6
                0x000001fe                __vector_31
                0x000001fe                __vector_39
                0x000001fe                __vector_3
                0x000001fe                __vector_30
                0x000001fe                __vector_25
                0x000001fe                __vector_54
                0x000001fe                __vector_56
                0x000001fe                __vector_7
                0x000001fe                __vector_41
                0x000001fe                __vector_27
                0x000001fe                __vector_5
                0x000001fe                __vector_52
                0x000001fe                __vector_37
                0x000001fe                __vector_4
                0x000001fe                __vector_51
                0x000001fe                __vector_2
                0x000001fe                __vector_15
                0x000001fe                __vector_36
                0x000001fe                __vector_29
                0x000001fe                __vector_40
                0x000001fe                __vector_8
                0x000001fe                __vector_26
                0x000001fe                __vector_53
                0x000001fe                __vector_16
                0x00000200                . = ALIGN (0x2)
 *(.text.*)
 .text._Z41__static_initialization_and_destruction_0ii
                0x00000200       0xb4 main.o
 .text._Z10next_statev
                0x000002b4      0x2ae main.o
                0x000002b4                _Z10next_statev
 .text.main     0x00000562      0x1fe main.o
                0x00000562                main
 .text._GLOBAL__sub_I_keys
                0x00000760        0xc main.o
 .text._ZN11DigiPortRawC2Ehhh
                0x0000076c       0x44 C:\Users\Me\Desktop\Coolyeah\OoSe\Code_Battlefield\OOSE_LABOR_PROJECT\Runtime\libRuntime.a(DigiPort.o)
                0x0000076c                _ZN11DigiPortRawC1Ehhh
                0x0000076c                _ZN11DigiPortRawC2Ehhh
 .text.__vector_9
                0x000007b0       0x66 C:\Users\Me\Desktop\Coolyeah\OoSe\Code_Battlefield\OOSE_LABOR_PROJECT\Runtime\libRuntime.a(DigiPort.o)
                0x000007b0                __vector_9
 .text.__vector_10
                0x00000816       0x66 C:\Users\Me\Desktop\Coolyeah\OoSe\Code_Battlefield\OOSE_LABOR_PROJECT\Runtime\libRuntime.a(DigiPort.o)
                0x00000816                __vector_10
 .text.__vector_11
                0x0000087c       0x66 C:\Users\Me\Desktop\Coolyeah\OoSe\Code_Battlefield\OOSE_LABOR_PROJECT\Runtime\libRuntime.a(DigiPort.o)
                0x0000087c                __vector_11
 .text._ZN3LCD10wait_readyEv
                0x000008e2       0xd4 C:\Users\Me\Desktop\Coolyeah\OoSe\Code_Battlefield\OOSE_LABOR_PROJECT\Runtime\libRuntime.a(LCD.o)
                0x000008e2                _ZN3LCD10wait_readyEv
 .text._ZN3LCD6enableEv
                0x000009b6       0x44 C:\Users\Me\Desktop\Coolyeah\OoSe\Code_Battlefield\OOSE_LABOR_PROJECT\Runtime\libRuntime.a(LCD.o)
                0x000009b6                _ZN3LCD6enableEv
 .text._ZN3LCD7commandEh
                0x000009fa       0xb6 C:\Users\Me\Desktop\Coolyeah\OoSe\Code_Battlefield\OOSE_LABOR_PROJECT\Runtime\libRuntime.a(LCD.o)
                0x000009fa                _ZN3LCD7commandEh
 .text._ZN3LCD7set_posEhh
                0x00000ab0       0x58 C:\Users\Me\Desktop\Coolyeah\OoSe\Code_Battlefield\OOSE_LABOR_PROJECT\Runtime\libRuntime.a(LCD.o)
                0x00000ab0                _ZN3LCD7set_posEhh
 .text._ZN3LCD14advance_cursorEv
                0x00000b08       0x3c C:\Users\Me\Desktop\Coolyeah\OoSe\Code_Battlefield\OOSE_LABOR_PROJECT\Runtime\libRuntime.a(LCD.o)
                0x00000b08                _ZN3LCD14advance_cursorEv
 .text._ZN3LCD4initEh
                0x00000b44      0x134 C:\Users\Me\Desktop\Coolyeah\OoSe\Code_Battlefield\OOSE_LABOR_PROJECT\Runtime\libRuntime.a(LCD.o)
                0x00000b44                _ZN3LCD4initEh
 .text._ZN3LCDC2Eh10LCD_Type_th
                0x00000c78       0x66 C:\Users\Me\Desktop\Coolyeah\OoSe\Code_Battlefield\OOSE_LABOR_PROJECT\Runtime\libRuntime.a(LCD.o)
                0x00000c78                _ZN3LCDC2Eh10LCD_Type_th
                0x00000c78                _ZN3LCDC1Eh10LCD_Type_th
 .text._ZN3LCD10write_charEc
                0x00000cde       0x62 C:\Users\Me\Desktop\Coolyeah\OoSe\Code_Battlefield\OOSE_LABOR_PROJECT\Runtime\libRuntime.a(LCD.o)
                0x00000cde                _ZN3LCD10write_charEc
 .text._ZN3LCD15write_SRAM_textEPKch
                0x00000d40       0x44 C:\Users\Me\Desktop\Coolyeah\OoSe\Code_Battlefield\OOSE_LABOR_PROJECT\Runtime\libRuntime.a(LCD.o)
                0x00000d40                _ZN3LCD15write_SRAM_textEPKch
 .text._ZN3LCD16write_FLASH_textEPKch
                0x00000d84       0x48 C:\Users\Me\Desktop\Coolyeah\OoSe\Code_Battlefield\OOSE_LABOR_PROJECT\Runtime\libRuntime.a(LCD.o)
                0x00000d84                _ZN3LCD16write_FLASH_textEPKch
 .text._ZN3LCD5clearEv
                0x00000dcc       0x2a C:\Users\Me\Desktop\Coolyeah\OoSe\Code_Battlefield\OOSE_LABOR_PROJECT\Runtime\libRuntime.a(LCD.o)
                0x00000dcc                _ZN3LCD5clearEv
 .text._ZN3LCD4itoaEPcihc
                0x00000df6       0xea C:\Users\Me\Desktop\Coolyeah\OoSe\Code_Battlefield\OOSE_LABOR_PROJECT\Runtime\libRuntime.a(LCD.o)
                0x00000df6                _ZN3LCD4itoaEPcihc
 .text._ZN3LCD12write_numberEihc
                0x00000ee0       0x1a C:\Users\Me\Desktop\Coolyeah\OoSe\Code_Battlefield\OOSE_LABOR_PROJECT\Runtime\libRuntime.a(LCD.o)
                0x00000ee0                _ZN3LCD12write_numberEihc
 .text._Z11sem_waitingv
                0x00000efa       0x36 C:\Users\Me\Desktop\Coolyeah\OoSe\Code_Battlefield\OOSE_LABOR_PROJECT\Runtime\libRuntime.a(OSKernel.o)
                0x00000efa                _Z11sem_waitingv
 .text.__vector_23
                0x00000f30      0x202 C:\Users\Me\Desktop\Coolyeah\OoSe\Code_Battlefield\OOSE_LABOR_PROJECT\Runtime\libRuntime.a(OSKernel.o)
                0x00000f30                __vector_23
 .text._GLOBAL__sub_I__Z11task_insertPFvvE8Priority
                0x00001132        0xa C:\Users\Me\Desktop\Coolyeah\OoSe\Code_Battlefield\OOSE_LABOR_PROJECT\Runtime\libRuntime.a(OSKernel.o)
 .text._ZN6Timer88notify_AEv
                0x0000113c       0x2c C:\Users\Me\Desktop\Coolyeah\OoSe\Code_Battlefield\OOSE_LABOR_PROJECT\Runtime\libRuntime.a(Timer.o)
                0x0000113c                _ZN6Timer88notify_AEv
 .text._ZN6Timer88notify_BEv
                0x00001168       0x2c C:\Users\Me\Desktop\Coolyeah\OoSe\Code_Battlefield\OOSE_LABOR_PROJECT\Runtime\libRuntime.a(Timer.o)
                0x00001168                _ZN6Timer88notify_BEv
 .text._ZN6Timer88notify_CEv
                0x00001194        0x2 C:\Users\Me\Desktop\Coolyeah\OoSe\Code_Battlefield\OOSE_LABOR_PROJECT\Runtime\libRuntime.a(Timer.o)
                0x00001194                _ZN6Timer88notify_CEv
 .text._ZN6Timer88notify_OEv
                0x00001196       0x24 C:\Users\Me\Desktop\Coolyeah\OoSe\Code_Battlefield\OOSE_LABOR_PROJECT\Runtime\libRuntime.a(Timer.o)
                0x00001196                _ZN6Timer88notify_OEv
 .text._ZN7OSTimer5resetEv
                0x000011ba       0x4c C:\Users\Me\Desktop\Coolyeah\OoSe\Code_Battlefield\OOSE_LABOR_PROJECT\Runtime\libRuntime.a(Timer.o)
                0x000011ba                _ZN7OSTimer5resetEv
 .text._ZN7Timer168notify_AEv
                0x00001206       0x2c C:\Users\Me\Desktop\Coolyeah\OoSe\Code_Battlefield\OOSE_LABOR_PROJECT\Runtime\libRuntime.a(Timer.o)
                0x00001206                _ZN7Timer168notify_AEv
 .text._ZN7Timer168notify_BEv
                0x00001232       0x2c C:\Users\Me\Desktop\Coolyeah\OoSe\Code_Battlefield\OOSE_LABOR_PROJECT\Runtime\libRuntime.a(Timer.o)
                0x00001232                _ZN7Timer168notify_BEv
 .text._ZN7Timer168notify_CEv
                0x0000125e       0x2c C:\Users\Me\Desktop\Coolyeah\OoSe\Code_Battlefield\OOSE_LABOR_PROJECT\Runtime\libRuntime.a(Timer.o)
                0x0000125e                _ZN7Timer168notify_CEv
 .text._ZN7Timer168notify_OEv
                0x0000128a       0x24 C:\Users\Me\Desktop\Coolyeah\OoSe\Code_Battlefield\OOSE_LABOR_PROJECT\Runtime\libRuntime.a(Timer.o)
                0x0000128a                _ZN7Timer168notify_OEv
 .text.__cxa_pure_virtual
                0x000012ae        0x2 C:\Users\Me\Desktop\Coolyeah\OoSe\Code_Battlefield\OOSE_LABOR_PROJECT\Runtime\libRuntime.a(Timer.o)
                0x000012ae                __cxa_pure_virtual
 .text.__vector_21
                0x000012b0       0x66 C:\Users\Me\Desktop\Coolyeah\OoSe\Code_Battlefield\OOSE_LABOR_PROJECT\Runtime\libRuntime.a(Timer.o)
                0x000012b0                __vector_21
 .text.__vector_22
                0x00001316       0x66 C:\Users\Me\Desktop\Coolyeah\OoSe\Code_Battlefield\OOSE_LABOR_PROJECT\Runtime\libRuntime.a(Timer.o)
                0x00001316                __vector_22
 .text.__vector_13
                0x0000137c       0x66 C:\Users\Me\Desktop\Coolyeah\OoSe\Code_Battlefield\OOSE_LABOR_PROJECT\Runtime\libRuntime.a(Timer.o)
                0x0000137c                __vector_13
 .text.__vector_14
                0x000013e2       0x66 C:\Users\Me\Desktop\Coolyeah\OoSe\Code_Battlefield\OOSE_LABOR_PROJECT\Runtime\libRuntime.a(Timer.o)
                0x000013e2                __vector_14
 .text.__vector_17
                0x00001448       0x66 C:\Users\Me\Desktop\Coolyeah\OoSe\Code_Battlefield\OOSE_LABOR_PROJECT\Runtime\libRuntime.a(Timer.o)
                0x00001448                __vector_17
 .text.__vector_18
                0x000014ae       0x66 C:\Users\Me\Desktop\Coolyeah\OoSe\Code_Battlefield\OOSE_LABOR_PROJECT\Runtime\libRuntime.a(Timer.o)
                0x000014ae                __vector_18
 .text.__vector_19
                0x00001514       0x66 C:\Users\Me\Desktop\Coolyeah\OoSe\Code_Battlefield\OOSE_LABOR_PROJECT\Runtime\libRuntime.a(Timer.o)
                0x00001514                __vector_19
 .text.__vector_20
                0x0000157a       0x66 C:\Users\Me\Desktop\Coolyeah\OoSe\Code_Battlefield\OOSE_LABOR_PROJECT\Runtime\libRuntime.a(Timer.o)
                0x0000157a                __vector_20
 .text.__vector_32
                0x000015e0       0x66 C:\Users\Me\Desktop\Coolyeah\OoSe\Code_Battlefield\OOSE_LABOR_PROJECT\Runtime\libRuntime.a(Timer.o)
                0x000015e0                __vector_32
 .text.__vector_33
                0x00001646       0x66 C:\Users\Me\Desktop\Coolyeah\OoSe\Code_Battlefield\OOSE_LABOR_PROJECT\Runtime\libRuntime.a(Timer.o)
                0x00001646                __vector_33
 .text.__vector_34
                0x000016ac       0x66 C:\Users\Me\Desktop\Coolyeah\OoSe\Code_Battlefield\OOSE_LABOR_PROJECT\Runtime\libRuntime.a(Timer.o)
                0x000016ac                __vector_34
 .text.__vector_35
                0x00001712       0x66 C:\Users\Me\Desktop\Coolyeah\OoSe\Code_Battlefield\OOSE_LABOR_PROJECT\Runtime\libRuntime.a(Timer.o)
                0x00001712                __vector_35
 .text.__vector_42
                0x00001778       0x66 C:\Users\Me\Desktop\Coolyeah\OoSe\Code_Battlefield\OOSE_LABOR_PROJECT\Runtime\libRuntime.a(Timer.o)
                0x00001778                __vector_42
 .text.__vector_43
                0x000017de       0x66 C:\Users\Me\Desktop\Coolyeah\OoSe\Code_Battlefield\OOSE_LABOR_PROJECT\Runtime\libRuntime.a(Timer.o)
                0x000017de                __vector_43
 .text.__vector_44
                0x00001844       0x66 C:\Users\Me\Desktop\Coolyeah\OoSe\Code_Battlefield\OOSE_LABOR_PROJECT\Runtime\libRuntime.a(Timer.o)
                0x00001844                __vector_44
 .text.__vector_45
                0x000018aa       0x66 C:\Users\Me\Desktop\Coolyeah\OoSe\Code_Battlefield\OOSE_LABOR_PROJECT\Runtime\libRuntime.a(Timer.o)
                0x000018aa                __vector_45
 .text.__vector_47
                0x00001910       0x66 C:\Users\Me\Desktop\Coolyeah\OoSe\Code_Battlefield\OOSE_LABOR_PROJECT\Runtime\libRuntime.a(Timer.o)
                0x00001910                __vector_47
 .text.__vector_48
                0x00001976       0x66 C:\Users\Me\Desktop\Coolyeah\OoSe\Code_Battlefield\OOSE_LABOR_PROJECT\Runtime\libRuntime.a(Timer.o)
                0x00001976                __vector_48
 .text.__vector_49
                0x000019dc       0x66 C:\Users\Me\Desktop\Coolyeah\OoSe\Code_Battlefield\OOSE_LABOR_PROJECT\Runtime\libRuntime.a(Timer.o)
                0x000019dc                __vector_49
 .text.__vector_50
                0x00001a42       0x66 C:\Users\Me\Desktop\Coolyeah\OoSe\Code_Battlefield\OOSE_LABOR_PROJECT\Runtime\libRuntime.a(Timer.o)
                0x00001a42                __vector_50
 .text._ZN7Timer16C2EhPFvvES1_S1_S1_
                0x00001aa8      0x1ba C:\Users\Me\Desktop\Coolyeah\OoSe\Code_Battlefield\OOSE_LABOR_PROJECT\Runtime\libRuntime.a(Timer.o)
                0x00001aa8                _ZN7Timer16C2EhPFvvES1_S1_S1_
                0x00001aa8                _ZN7Timer16C1EhPFvvES1_S1_S1_
 .text._ZN7Timer168start_msEjjjjh
                0x00001c62      0x164 C:\Users\Me\Desktop\Coolyeah\OoSe\Code_Battlefield\OOSE_LABOR_PROJECT\Runtime\libRuntime.a(Timer.o)
                0x00001c62                _ZN7Timer168start_msEjjjjh
 .text._ZN6Timer8C2EhPFvvES1_S1_
                0x00001dc6       0xec C:\Users\Me\Desktop\Coolyeah\OoSe\Code_Battlefield\OOSE_LABOR_PROJECT\Runtime\libRuntime.a(Timer.o)
                0x00001dc6                _ZN6Timer8C1EhPFvvES1_S1_
                0x00001dc6                _ZN6Timer8C2EhPFvvES1_S1_
 .text._ZN7OSTimerC2Eh
                0x00001eb2       0x48 C:\Users\Me\Desktop\Coolyeah\OoSe\Code_Battlefield\OOSE_LABOR_PROJECT\Runtime\libRuntime.a(Timer.o)
                0x00001eb2                _ZN7OSTimerC2Eh
                0x00001eb2                _ZN7OSTimerC1Eh
 .text._ZN5Timer4stopEv
                0x00001efa       0x18 C:\Users\Me\Desktop\Coolyeah\OoSe\Code_Battlefield\OOSE_LABOR_PROJECT\Runtime\libRuntime.a(Timer.o)
                0x00001efa                _ZN5Timer4stopEv
 .text._ZN7Timer165resetEv
                0x00001f12       0x7c C:\Users\Me\Desktop\Coolyeah\OoSe\Code_Battlefield\OOSE_LABOR_PROJECT\Runtime\libRuntime.a(Timer.o)
                0x00001f12                _ZN7Timer165resetEv
 .text._ZN6Timer85resetEv
                0x00001f8e       0x36 C:\Users\Me\Desktop\Coolyeah\OoSe\Code_Battlefield\OOSE_LABOR_PROJECT\Runtime\libRuntime.a(Timer.o)
                0x00001f8e                _ZN6Timer85resetEv
 .text._Z22port_handle_to_addressh
                0x00001fc4       0x48 C:\Users\Me\Desktop\Coolyeah\OoSe\Code_Battlefield\OOSE_LABOR_PROJECT\Runtime\libRuntime.a(Basics.o)
                0x00001fc4                _Z22port_handle_to_addressh
 .text._Z20tc_handle_to_addressh
                0x0000200c       0x4a C:\Users\Me\Desktop\Coolyeah\OoSe\Code_Battlefield\OOSE_LABOR_PROJECT\Runtime\libRuntime.a(Basics.o)
                0x0000200c                _Z20tc_handle_to_addressh
 .text.libgcc.div
                0x00002056       0x26 c:/program files (x86)/atmel/studio/7.0/toolchain/avr8/avr8-gnu-toolchain/bin/../lib/gcc/avr/5.4.0/avr6\libgcc.a(_divmodhi4.o)
                0x00002056                _div
                0x00002056                __divmodhi4
 .text.libgcc.div
                0x0000207c       0x28 c:/program files (x86)/atmel/studio/7.0/toolchain/avr8/avr8-gnu-toolchain/bin/../lib/gcc/avr/5.4.0/avr6\libgcc.a(_udivmodhi4.o)
                0x0000207c                __udivmodhi4
 .text.libgcc   0x000020a4       0x10 c:/program files (x86)/atmel/studio/7.0/toolchain/avr8/avr8-gnu-toolchain/bin/../lib/gcc/avr/5.4.0/avr6\libgcc.a(_tablejump2.o)
                0x000020a4                __tablejump2__
                0x000020b4                . = ALIGN (0x2)
 *(.fini9)
 .fini9         0x000020b4        0x0 c:/program files (x86)/atmel/studio/7.0/toolchain/avr8/avr8-gnu-toolchain/bin/../lib/gcc/avr/5.4.0/avr6\libgcc.a(_exit.o)
                0x000020b4                _exit
                0x000020b4                exit
 *(.fini9)
 *(.fini8)
 *(.fini8)
 *(.fini7)
 *(.fini7)
 *(.fini6)
 *(.fini6)
 *(.fini5)
 *(.fini5)
 *(.fini4)
 *(.fini4)
 *(.fini3)
 *(.fini3)
 *(.fini2)
 *(.fini2)
 *(.fini1)
 *(.fini1)
 *(.fini0)
 .fini0         0x000020b4        0x4 c:/program files (x86)/atmel/studio/7.0/toolchain/avr8/avr8-gnu-toolchain/bin/../lib/gcc/avr/5.4.0/avr6\libgcc.a(_exit.o)
 *(.fini0)
                0x000020b8                _etext = .

.data           0x00800200       0xf4 load address 0x000020b8
                0x00800200                PROVIDE (__data_start, .)
 *(.data)
 *(.data*)
 .data._ZL16sem_waiting_list
                0x00800200        0x8 C:\Users\Me\Desktop\Coolyeah\OoSe\Code_Battlefield\OOSE_LABOR_PROJECT\Runtime\libRuntime.a(OSKernel.o)
 .data._ZL14active_task_id
                0x00800208        0x1 C:\Users\Me\Desktop\Coolyeah\OoSe\Code_Battlefield\OOSE_LABOR_PROJECT\Runtime\libRuntime.a(OSKernel.o)
 *(.gnu.linkonce.d*)
 *(.rodata)
 *(.rodata*)
 .rodata._ZN5Ampel11state_tableE
                0x00800209       0x54 main.o
                0x00800209                _ZN5Ampel11state_tableE
 .rodata.lcdTypes
                0x0080025d       0x3c C:\Users\Me\Desktop\Coolyeah\OoSe\Code_Battlefield\OOSE_LABOR_PROJECT\Runtime\libRuntime.a(LCD.o)
                0x0080025d                lcdTypes
 .rodata._ZTV5Timer
                0x00800299        0xe C:\Users\Me\Desktop\Coolyeah\OoSe\Code_Battlefield\OOSE_LABOR_PROJECT\Runtime\libRuntime.a(Timer.o)
                0x00800299                _ZTV5Timer
 .rodata._ZTV6Timer8
                0x008002a7        0xe C:\Users\Me\Desktop\Coolyeah\OoSe\Code_Battlefield\OOSE_LABOR_PROJECT\Runtime\libRuntime.a(Timer.o)
                0x008002a7                _ZTV6Timer8
 .rodata._ZTV7OSTimer
                0x008002b5        0xe C:\Users\Me\Desktop\Coolyeah\OoSe\Code_Battlefield\OOSE_LABOR_PROJECT\Runtime\libRuntime.a(Timer.o)
                0x008002b5                _ZTV7OSTimer
 .rodata._ZTV7Timer16
                0x008002c3        0xe C:\Users\Me\Desktop\Coolyeah\OoSe\Code_Battlefield\OOSE_LABOR_PROJECT\Runtime\libRuntime.a(Timer.o)
                0x008002c3                _ZTV7Timer16
 .rodata.tc_vect
                0x008002d1        0xc C:\Users\Me\Desktop\Coolyeah\OoSe\Code_Battlefield\OOSE_LABOR_PROJECT\Runtime\libRuntime.a(Basics.o)
                0x008002d1                tc_vect
 .rodata.port_vect
                0x008002dd       0x16 C:\Users\Me\Desktop\Coolyeah\OoSe\Code_Battlefield\OOSE_LABOR_PROJECT\Runtime\libRuntime.a(Basics.o)
                0x008002dd                port_vect
 *(.gnu.linkonce.r*)
                0x008002f4                . = ALIGN (0x2)
 *fill*         0x008002f3        0x1 
                0x008002f4                _edata = .
                0x008002f4                PROVIDE (__data_end, .)

.bss            0x008002f4     0x19cb
                0x008002f4                PROVIDE (__bss_start, .)
 *(.bss)
 *(.bss*)
 .bss.dieAmpel3
                0x008002f4        0x8 main.o
                0x008002f4                dieAmpel3
 .bss.dieAmpel2
                0x008002fc        0x8 main.o
                0x008002fc                dieAmpel2
 .bss.dieAmpel  0x00800304        0x8 main.o
                0x00800304                dieAmpel
 .bss.ticker    0x0080030c       0x12 main.o
                0x0080030c                ticker
 .bss.display   0x0080031e        0xa main.o
                0x0080031e                display
 .bss.leds3     0x00800328        0x4 main.o
                0x00800328                leds3
 .bss.leds2     0x0080032c        0x4 main.o
                0x0080032c                leds2
 .bss.leds      0x00800330        0x4 main.o
                0x00800330                leds
 .bss.keys      0x00800334        0x4 main.o
                0x00800334                keys
 .bss.dp_obj    0x00800338        0x6 C:\Users\Me\Desktop\Coolyeah\OoSe\Code_Battlefield\OOSE_LABOR_PROJECT\Runtime\libRuntime.a(DigiPort.o)
                0x00800338                dp_obj
 .bss._ZZN3LCD4itoaEPcihcE3num
                0x0080033e        0x7 C:\Users\Me\Desktop\Coolyeah\OoSe\Code_Battlefield\OOSE_LABOR_PROJECT\Runtime\libRuntime.a(LCD.o)
 .bss._ZL18sem_waiting_oldest
                0x00800345        0x1 C:\Users\Me\Desktop\Coolyeah\OoSe\Code_Battlefield\OOSE_LABOR_PROJECT\Runtime\libRuntime.a(OSKernel.o)
 .bss._ZL17sem_waiting_count
                0x00800346        0x1 C:\Users\Me\Desktop\Coolyeah\OoSe\Code_Battlefield\OOSE_LABOR_PROJECT\Runtime\libRuntime.a(OSKernel.o)
 .bss._ZL8OS_timer
                0x00800347       0x11 C:\Users\Me\Desktop\Coolyeah\OoSe\Code_Battlefield\OOSE_LABOR_PROJECT\Runtime\libRuntime.a(OSKernel.o)
 .bss._ZL7taskset
                0x00800358     0x1958 C:\Users\Me\Desktop\Coolyeah\OoSe\Code_Battlefield\OOSE_LABOR_PROJECT\Runtime\libRuntime.a(OSKernel.o)
 .bss.timer_obj
                0x00801cb0        0xc C:\Users\Me\Desktop\Coolyeah\OoSe\Code_Battlefield\OOSE_LABOR_PROJECT\Runtime\libRuntime.a(Timer.o)
                0x00801cb0                timer_obj
 .bss._ZL8tc_usage
                0x00801cbc        0x1 C:\Users\Me\Desktop\Coolyeah\OoSe\Code_Battlefield\OOSE_LABOR_PROJECT\Runtime\libRuntime.a(Basics.o)
 .bss._ZL10port_usage
                0x00801cbd        0x2 C:\Users\Me\Desktop\Coolyeah\OoSe\Code_Battlefield\OOSE_LABOR_PROJECT\Runtime\libRuntime.a(Basics.o)
 *(COMMON)
                0x00801cbf                PROVIDE (__bss_end, .)
                0x000020b8                __data_load_start = LOADADDR (.data)
                0x000021ac                __data_load_end = (__data_load_start + SIZEOF (.data))

.noinit         0x00801cbf        0x0
                [!provide]                PROVIDE (__noinit_start, .)
 *(.noinit*)
                [!provide]                PROVIDE (__noinit_end, .)
                0x00801cbf                _end = .
                [!provide]                PROVIDE (__heap_start, .)

.eeprom         0x00810000        0x0
 *(.eeprom*)
                0x00810000                __eeprom_end = .

.fuse
 *(.fuse)
 *(.lfuse)
 *(.hfuse)
 *(.efuse)

.lock
 *(.lock*)

.signature
 *(.signature*)

.user_signatures
 *(.user_signatures*)

.stab
 *(.stab)

.stabstr
 *(.stabstr)

.stab.excl
 *(.stab.excl)

.stab.exclstr
 *(.stab.exclstr)

.stab.index
 *(.stab.index)

.stab.indexstr
 *(.stab.indexstr)

.comment        0x00000000       0x30
 *(.comment)
 .comment       0x00000000       0x30 main.o
                                 0x31 (size before relaxing)
 .comment       0x00000030       0x31 C:\Users\Me\Desktop\Coolyeah\OoSe\Code_Battlefield\OOSE_LABOR_PROJECT\Runtime\libRuntime.a(DigiPort.o)
 .comment       0x00000030       0x31 C:\Users\Me\Desktop\Coolyeah\OoSe\Code_Battlefield\OOSE_LABOR_PROJECT\Runtime\libRuntime.a(LCD.o)
 .comment       0x00000030       0x31 C:\Users\Me\Desktop\Coolyeah\OoSe\Code_Battlefield\OOSE_LABOR_PROJECT\Runtime\libRuntime.a(OSKernel.o)
 .comment       0x00000030       0x31 C:\Users\Me\Desktop\Coolyeah\OoSe\Code_Battlefield\OOSE_LABOR_PROJECT\Runtime\libRuntime.a(Timer.o)
 .comment       0x00000030       0x31 C:\Users\Me\Desktop\Coolyeah\OoSe\Code_Battlefield\OOSE_LABOR_PROJECT\Runtime\libRuntime.a(Basics.o)

.note.gnu.avr.deviceinfo
                0x00000000       0x40
 .note.gnu.avr.deviceinfo
                0x00000000       0x40 C:/Program Files (x86)/Atmel/Studio/7.0/Packs/atmel/ATmega_DFP/1.6.364/gcc/dev/atmega2560/avr6/crtatmega2560.o

.note.gnu.build-id
 *(.note.gnu.build-id)

.debug
 *(.debug)

.line
 *(.line)

.debug_srcinfo
 *(.debug_srcinfo)

.debug_sfnames
 *(.debug_sfnames)

.debug_aranges  0x00000000      0x3b8
 *(.debug_aranges)
 .debug_aranges
                0x00000000       0x40 main.o
 .debug_aranges
                0x00000040       0x60 C:\Users\Me\Desktop\Coolyeah\OoSe\Code_Battlefield\OOSE_LABOR_PROJECT\Runtime\libRuntime.a(DigiPort.o)
 .debug_aranges
                0x000000a0       0xe0 C:\Users\Me\Desktop\Coolyeah\OoSe\Code_Battlefield\OOSE_LABOR_PROJECT\Runtime\libRuntime.a(LCD.o)
 .debug_aranges
                0x00000180       0x98 C:\Users\Me\Desktop\Coolyeah\OoSe\Code_Battlefield\OOSE_LABOR_PROJECT\Runtime\libRuntime.a(OSKernel.o)
 .debug_aranges
                0x00000218      0x170 C:\Users\Me\Desktop\Coolyeah\OoSe\Code_Battlefield\OOSE_LABOR_PROJECT\Runtime\libRuntime.a(Timer.o)
 .debug_aranges
                0x00000388       0x30 C:\Users\Me\Desktop\Coolyeah\OoSe\Code_Battlefield\OOSE_LABOR_PROJECT\Runtime\libRuntime.a(Basics.o)

.debug_pubnames
 *(.debug_pubnames)

.debug_info     0x00000000     0x6732
 *(.debug_info .gnu.linkonce.wi.*)
 .debug_info    0x00000000      0xbbc C:/Program Files (x86)/Atmel/Studio/7.0/Packs/atmel/ATmega_DFP/1.6.364/gcc/dev/atmega2560/avr6/crtatmega2560.o
 .debug_info    0x00000bbc     0x1395 main.o
 .debug_info    0x00001f51      0x94f C:\Users\Me\Desktop\Coolyeah\OoSe\Code_Battlefield\OOSE_LABOR_PROJECT\Runtime\libRuntime.a(DigiPort.o)
 .debug_info    0x000028a0     0x1c76 C:\Users\Me\Desktop\Coolyeah\OoSe\Code_Battlefield\OOSE_LABOR_PROJECT\Runtime\libRuntime.a(LCD.o)
 .debug_info    0x00004516      0xb92 C:\Users\Me\Desktop\Coolyeah\OoSe\Code_Battlefield\OOSE_LABOR_PROJECT\Runtime\libRuntime.a(OSKernel.o)
 .debug_info    0x000050a8     0x14d3 C:\Users\Me\Desktop\Coolyeah\OoSe\Code_Battlefield\OOSE_LABOR_PROJECT\Runtime\libRuntime.a(Timer.o)
 .debug_info    0x0000657b      0x1b7 C:\Users\Me\Desktop\Coolyeah\OoSe\Code_Battlefield\OOSE_LABOR_PROJECT\Runtime\libRuntime.a(Basics.o)

.debug_abbrev   0x00000000     0x2224
 *(.debug_abbrev)
 .debug_abbrev  0x00000000      0xb1a C:/Program Files (x86)/Atmel/Studio/7.0/Packs/atmel/ATmega_DFP/1.6.364/gcc/dev/atmega2560/avr6/crtatmega2560.o
 .debug_abbrev  0x00000b1a      0x443 main.o
 .debug_abbrev  0x00000f5d      0x3e3 C:\Users\Me\Desktop\Coolyeah\OoSe\Code_Battlefield\OOSE_LABOR_PROJECT\Runtime\libRuntime.a(DigiPort.o)
 .debug_abbrev  0x00001340      0x4d4 C:\Users\Me\Desktop\Coolyeah\OoSe\Code_Battlefield\OOSE_LABOR_PROJECT\Runtime\libRuntime.a(LCD.o)
 .debug_abbrev  0x00001814      0x4cf C:\Users\Me\Desktop\Coolyeah\OoSe\Code_Battlefield\OOSE_LABOR_PROJECT\Runtime\libRuntime.a(OSKernel.o)
 .debug_abbrev  0x00001ce3      0x43d C:\Users\Me\Desktop\Coolyeah\OoSe\Code_Battlefield\OOSE_LABOR_PROJECT\Runtime\libRuntime.a(Timer.o)
 .debug_abbrev  0x00002120      0x104 C:\Users\Me\Desktop\Coolyeah\OoSe\Code_Battlefield\OOSE_LABOR_PROJECT\Runtime\libRuntime.a(Basics.o)

.debug_line     0x00000000     0x2ede
 *(.debug_line .debug_line.* .debug_line_end)
 .debug_line    0x00000000      0x1fa C:/Program Files (x86)/Atmel/Studio/7.0/Packs/atmel/ATmega_DFP/1.6.364/gcc/dev/atmega2560/avr6/crtatmega2560.o
 .debug_line    0x000001fa      0x58e main.o
 .debug_line    0x00000788      0x425 C:\Users\Me\Desktop\Coolyeah\OoSe\Code_Battlefield\OOSE_LABOR_PROJECT\Runtime\libRuntime.a(DigiPort.o)
 .debug_line    0x00000bad      0xbbb C:\Users\Me\Desktop\Coolyeah\OoSe\Code_Battlefield\OOSE_LABOR_PROJECT\Runtime\libRuntime.a(LCD.o)
 .debug_line    0x00001768      0x7b7 C:\Users\Me\Desktop\Coolyeah\OoSe\Code_Battlefield\OOSE_LABOR_PROJECT\Runtime\libRuntime.a(OSKernel.o)
 .debug_line    0x00001f1f      0xe39 C:\Users\Me\Desktop\Coolyeah\OoSe\Code_Battlefield\OOSE_LABOR_PROJECT\Runtime\libRuntime.a(Timer.o)
 .debug_line    0x00002d58      0x186 C:\Users\Me\Desktop\Coolyeah\OoSe\Code_Battlefield\OOSE_LABOR_PROJECT\Runtime\libRuntime.a(Basics.o)

.debug_frame    0x00000000     0x10a8
 *(.debug_frame)
 .debug_frame   0x00000000       0x78 main.o
 .debug_frame   0x00000078      0x1c8 C:\Users\Me\Desktop\Coolyeah\OoSe\Code_Battlefield\OOSE_LABOR_PROJECT\Runtime\libRuntime.a(DigiPort.o)
 .debug_frame   0x00000240      0x374 C:\Users\Me\Desktop\Coolyeah\OoSe\Code_Battlefield\OOSE_LABOR_PROJECT\Runtime\libRuntime.a(LCD.o)
 .debug_frame   0x000005b4      0x114 C:\Users\Me\Desktop\Coolyeah\OoSe\Code_Battlefield\OOSE_LABOR_PROJECT\Runtime\libRuntime.a(OSKernel.o)
 .debug_frame   0x000006c8      0x99c C:\Users\Me\Desktop\Coolyeah\OoSe\Code_Battlefield\OOSE_LABOR_PROJECT\Runtime\libRuntime.a(Timer.o)
 .debug_frame   0x00001064       0x44 C:\Users\Me\Desktop\Coolyeah\OoSe\Code_Battlefield\OOSE_LABOR_PROJECT\Runtime\libRuntime.a(Basics.o)

.debug_str      0x00000000     0x1bf5
 *(.debug_str)
 .debug_str     0x00000000      0x3e6 C:/Program Files (x86)/Atmel/Studio/7.0/Packs/atmel/ATmega_DFP/1.6.364/gcc/dev/atmega2560/avr6/crtatmega2560.o
 .debug_str     0x000003e6      0x9a9 main.o
                                0xa1e (size before relaxing)
 .debug_str     0x00000d8f      0x3d4 C:\Users\Me\Desktop\Coolyeah\OoSe\Code_Battlefield\OOSE_LABOR_PROJECT\Runtime\libRuntime.a(DigiPort.o)
                                0x61e (size before relaxing)
 .debug_str     0x00001163      0x22c C:\Users\Me\Desktop\Coolyeah\OoSe\Code_Battlefield\OOSE_LABOR_PROJECT\Runtime\libRuntime.a(LCD.o)
                                0x886 (size before relaxing)
 .debug_str     0x0000138f      0x3fb C:\Users\Me\Desktop\Coolyeah\OoSe\Code_Battlefield\OOSE_LABOR_PROJECT\Runtime\libRuntime.a(OSKernel.o)
                                0x740 (size before relaxing)
 .debug_str     0x0000178a      0x43d C:\Users\Me\Desktop\Coolyeah\OoSe\Code_Battlefield\OOSE_LABOR_PROJECT\Runtime\libRuntime.a(Timer.o)
                                0x8fe (size before relaxing)
 .debug_str     0x00001bc7       0x2e C:\Users\Me\Desktop\Coolyeah\OoSe\Code_Battlefield\OOSE_LABOR_PROJECT\Runtime\libRuntime.a(Basics.o)
                                0x288 (size before relaxing)

.debug_loc      0x00000000     0x4b8a
 *(.debug_loc)
 .debug_loc     0x00000000      0x3ea main.o
 .debug_loc     0x000003ea      0x7dd C:\Users\Me\Desktop\Coolyeah\OoSe\Code_Battlefield\OOSE_LABOR_PROJECT\Runtime\libRuntime.a(DigiPort.o)
 .debug_loc     0x00000bc7     0x1a7a C:\Users\Me\Desktop\Coolyeah\OoSe\Code_Battlefield\OOSE_LABOR_PROJECT\Runtime\libRuntime.a(LCD.o)
 .debug_loc     0x00002641      0x416 C:\Users\Me\Desktop\Coolyeah\OoSe\Code_Battlefield\OOSE_LABOR_PROJECT\Runtime\libRuntime.a(OSKernel.o)
 .debug_loc     0x00002a57     0x20c5 C:\Users\Me\Desktop\Coolyeah\OoSe\Code_Battlefield\OOSE_LABOR_PROJECT\Runtime\libRuntime.a(Timer.o)
 .debug_loc     0x00004b1c       0x6e C:\Users\Me\Desktop\Coolyeah\OoSe\Code_Battlefield\OOSE_LABOR_PROJECT\Runtime\libRuntime.a(Basics.o)

.debug_macinfo
 *(.debug_macinfo)

.debug_weaknames
 *(.debug_weaknames)

.debug_funcnames
 *(.debug_funcnames)

.debug_typenames
 *(.debug_typenames)

.debug_varnames
 *(.debug_varnames)

.debug_pubtypes
 *(.debug_pubtypes)

.debug_ranges   0x00000000      0x3d0
 *(.debug_ranges)
 .debug_ranges  0x00000000       0x30 main.o
 .debug_ranges  0x00000030       0x68 C:\Users\Me\Desktop\Coolyeah\OoSe\Code_Battlefield\OOSE_LABOR_PROJECT\Runtime\libRuntime.a(DigiPort.o)
 .debug_ranges  0x00000098      0x100 C:\Users\Me\Desktop\Coolyeah\OoSe\Code_Battlefield\OOSE_LABOR_PROJECT\Runtime\libRuntime.a(LCD.o)
 .debug_ranges  0x00000198       0xb8 C:\Users\Me\Desktop\Coolyeah\OoSe\Code_Battlefield\OOSE_LABOR_PROJECT\Runtime\libRuntime.a(OSKernel.o)
 .debug_ranges  0x00000250      0x160 C:\Users\Me\Desktop\Coolyeah\OoSe\Code_Battlefield\OOSE_LABOR_PROJECT\Runtime\libRuntime.a(Timer.o)
 .debug_ranges  0x000003b0       0x20 C:\Users\Me\Desktop\Coolyeah\OoSe\Code_Battlefield\OOSE_LABOR_PROJECT\Runtime\libRuntime.a(Basics.o)

.debug_macro
 *(.debug_macro)
OUTPUT(A4.elf elf32-avr)
LOAD linker stubs
