Archive member included to satisfy reference by file (symbol)

C:\Users\Me\Desktop\Coolyeah\Beres\OoSe\Code_Battlefield\OOSE_LABOR_PROJECT\Runtime\libRuntime.a(ADConverter.o)
                              main.o (_ZN11ADConverterC1EhhPFijE)
C:\Users\Me\Desktop\Coolyeah\Beres\OoSe\Code_Battlefield\OOSE_LABOR_PROJECT\Runtime\libRuntime.a(DigiPort.o)
                              main.o (_ZN11DigiPortRawC1Ehhh)
C:\Users\Me\Desktop\Coolyeah\Beres\OoSe\Code_Battlefield\OOSE_LABOR_PROJECT\Runtime\libRuntime.a(LCD.o)
                              main.o (_ZN3LCD7set_posEhh)
C:\Users\Me\Desktop\Coolyeah\Beres\OoSe\Code_Battlefield\OOSE_LABOR_PROJECT\Runtime\libRuntime.a(OSKernel.o)
                              C:\Users\Me\Desktop\Coolyeah\Beres\OoSe\Code_Battlefield\OOSE_LABOR_PROJECT\Runtime\libRuntime.a(DigiPort.o) (_Z5yieldv)
C:\Users\Me\Desktop\Coolyeah\Beres\OoSe\Code_Battlefield\OOSE_LABOR_PROJECT\Runtime\libRuntime.a(QuadEncoder.o)
                              main.o (_ZN11QuadEncoderC1Eh)
C:\Users\Me\Desktop\Coolyeah\Beres\OoSe\Code_Battlefield\OOSE_LABOR_PROJECT\Runtime\libRuntime.a(Timer.o)
                              main.o (_ZN7Timer16C1EhPFvvES1_S1_S1_)
C:\Users\Me\Desktop\Coolyeah\Beres\OoSe\Code_Battlefield\OOSE_LABOR_PROJECT\Runtime\libRuntime.a(Basics.o)
                              C:\Users\Me\Desktop\Coolyeah\Beres\OoSe\Code_Battlefield\OOSE_LABOR_PROJECT\Runtime\libRuntime.a(DigiPort.o) (_Z22port_handle_to_addressh)
c:/program files (x86)/atmel/studio/7.0/toolchain/avr8/avr8-gnu-toolchain/bin/../lib/gcc/avr/5.4.0/avr6\libgcc.a(_udivmodhi4.o)
                              C:\Users\Me\Desktop\Coolyeah\Beres\OoSe\Code_Battlefield\OOSE_LABOR_PROJECT\Runtime\libRuntime.a(ADConverter.o) (__udivmodhi4)
c:/program files (x86)/atmel/studio/7.0/toolchain/avr8/avr8-gnu-toolchain/bin/../lib/gcc/avr/5.4.0/avr6\libgcc.a(_divmodhi4.o)
                              C:\Users\Me\Desktop\Coolyeah\Beres\OoSe\Code_Battlefield\OOSE_LABOR_PROJECT\Runtime\libRuntime.a(LCD.o) (__divmodhi4)
c:/program files (x86)/atmel/studio/7.0/toolchain/avr8/avr8-gnu-toolchain/bin/../lib/gcc/avr/5.4.0/avr6\libgcc.a(_udivmodsi4.o)
                              C:\Users\Me\Desktop\Coolyeah\Beres\OoSe\Code_Battlefield\OOSE_LABOR_PROJECT\Runtime\libRuntime.a(OSKernel.o) (__udivmodsi4)
c:/program files (x86)/atmel/studio/7.0/toolchain/avr8/avr8-gnu-toolchain/bin/../lib/gcc/avr/5.4.0/avr6\libgcc.a(_exit.o)
                              C:/Program Files (x86)/Atmel/Studio/7.0/Packs/atmel/ATmega_DFP/1.6.364/gcc/dev/atmega2560/avr6/crtatmega2560.o (exit)
c:/program files (x86)/atmel/studio/7.0/toolchain/avr8/avr8-gnu-toolchain/bin/../lib/gcc/avr/5.4.0/avr6\libgcc.a(_copy_data.o)
                              C:\Users\Me\Desktop\Coolyeah\Beres\OoSe\Code_Battlefield\OOSE_LABOR_PROJECT\Runtime\libRuntime.a(ADConverter.o) (__do_copy_data)
c:/program files (x86)/atmel/studio/7.0/toolchain/avr8/avr8-gnu-toolchain/bin/../lib/gcc/avr/5.4.0/avr6\libgcc.a(_clear_bss.o)
                              main.o (__do_clear_bss)
c:/program files (x86)/atmel/studio/7.0/toolchain/avr8/avr8-gnu-toolchain/bin/../lib/gcc/avr/5.4.0/avr6\libgcc.a(_ctors.o)
                              main.o (__do_global_ctors)
c:/program files (x86)/atmel/studio/7.0/toolchain/avr8/avr8-gnu-toolchain/bin/../lib/gcc/avr/5.4.0/avr6\libgcc.a(_umulhisi3.o)
                              main.o (__umulhisi3)
c:/program files (x86)/atmel/studio/7.0/toolchain/avr8/avr8-gnu-toolchain/bin/../lib/gcc/avr/5.4.0/avr6\libgcc.a(_tablejump2.o)
                              c:/program files (x86)/atmel/studio/7.0/toolchain/avr8/avr8-gnu-toolchain/bin/../lib/gcc/avr/5.4.0/avr6\libgcc.a(_ctors.o) (__tablejump2__)

Discarded input sections

 .data          0x00000000        0x0 C:/Program Files (x86)/Atmel/Studio/7.0/Packs/atmel/ATmega_DFP/1.6.364/gcc/dev/atmega2560/avr6/crtatmega2560.o
 .bss           0x00000000        0x0 C:/Program Files (x86)/Atmel/Studio/7.0/Packs/atmel/ATmega_DFP/1.6.364/gcc/dev/atmega2560/avr6/crtatmega2560.o
 .group         0x00000000        0x8 main.o
 .text          0x00000000        0x0 main.o
 .data          0x00000000        0x0 main.o
 .bss           0x00000000        0x0 main.o
 .text          0x00000000        0x0 C:\Users\Me\Desktop\Coolyeah\Beres\OoSe\Code_Battlefield\OOSE_LABOR_PROJECT\Runtime\libRuntime.a(ADConverter.o)
 .data          0x00000000        0x0 C:\Users\Me\Desktop\Coolyeah\Beres\OoSe\Code_Battlefield\OOSE_LABOR_PROJECT\Runtime\libRuntime.a(ADConverter.o)
 .bss           0x00000000        0x0 C:\Users\Me\Desktop\Coolyeah\Beres\OoSe\Code_Battlefield\OOSE_LABOR_PROJECT\Runtime\libRuntime.a(ADConverter.o)
 .group         0x00000000        0x8 C:\Users\Me\Desktop\Coolyeah\Beres\OoSe\Code_Battlefield\OOSE_LABOR_PROJECT\Runtime\libRuntime.a(DigiPort.o)
 .group         0x00000000        0x8 C:\Users\Me\Desktop\Coolyeah\Beres\OoSe\Code_Battlefield\OOSE_LABOR_PROJECT\Runtime\libRuntime.a(DigiPort.o)
 .group         0x00000000        0x8 C:\Users\Me\Desktop\Coolyeah\Beres\OoSe\Code_Battlefield\OOSE_LABOR_PROJECT\Runtime\libRuntime.a(DigiPort.o)
 .group         0x00000000        0x8 C:\Users\Me\Desktop\Coolyeah\Beres\OoSe\Code_Battlefield\OOSE_LABOR_PROJECT\Runtime\libRuntime.a(DigiPort.o)
 .group         0x00000000        0x8 C:\Users\Me\Desktop\Coolyeah\Beres\OoSe\Code_Battlefield\OOSE_LABOR_PROJECT\Runtime\libRuntime.a(DigiPort.o)
 .group         0x00000000        0x8 C:\Users\Me\Desktop\Coolyeah\Beres\OoSe\Code_Battlefield\OOSE_LABOR_PROJECT\Runtime\libRuntime.a(DigiPort.o)
 .group         0x00000000        0x8 C:\Users\Me\Desktop\Coolyeah\Beres\OoSe\Code_Battlefield\OOSE_LABOR_PROJECT\Runtime\libRuntime.a(DigiPort.o)
 .group         0x00000000        0x8 C:\Users\Me\Desktop\Coolyeah\Beres\OoSe\Code_Battlefield\OOSE_LABOR_PROJECT\Runtime\libRuntime.a(DigiPort.o)
 .text          0x00000000        0x0 C:\Users\Me\Desktop\Coolyeah\Beres\OoSe\Code_Battlefield\OOSE_LABOR_PROJECT\Runtime\libRuntime.a(DigiPort.o)
 .data          0x00000000        0x0 C:\Users\Me\Desktop\Coolyeah\Beres\OoSe\Code_Battlefield\OOSE_LABOR_PROJECT\Runtime\libRuntime.a(DigiPort.o)
 .bss           0x00000000        0x0 C:\Users\Me\Desktop\Coolyeah\Beres\OoSe\Code_Battlefield\OOSE_LABOR_PROJECT\Runtime\libRuntime.a(DigiPort.o)
 .text._ZN11DigiPortRaw14read_busy_waitEh
                0x00000000       0x2a C:\Users\Me\Desktop\Coolyeah\Beres\OoSe\Code_Battlefield\OOSE_LABOR_PROJECT\Runtime\libRuntime.a(DigiPort.o)
 .text          0x00000000        0x0 C:\Users\Me\Desktop\Coolyeah\Beres\OoSe\Code_Battlefield\OOSE_LABOR_PROJECT\Runtime\libRuntime.a(LCD.o)
 .data          0x00000000        0x0 C:\Users\Me\Desktop\Coolyeah\Beres\OoSe\Code_Battlefield\OOSE_LABOR_PROJECT\Runtime\libRuntime.a(LCD.o)
 .bss           0x00000000        0x0 C:\Users\Me\Desktop\Coolyeah\Beres\OoSe\Code_Battlefield\OOSE_LABOR_PROJECT\Runtime\libRuntime.a(LCD.o)
 .text._ZN3LCD5clearEv
                0x00000000       0x2c C:\Users\Me\Desktop\Coolyeah\Beres\OoSe\Code_Battlefield\OOSE_LABOR_PROJECT\Runtime\libRuntime.a(LCD.o)
 .text._ZN3LCD4homeEv
                0x00000000       0x2c C:\Users\Me\Desktop\Coolyeah\Beres\OoSe\Code_Battlefield\OOSE_LABOR_PROJECT\Runtime\libRuntime.a(LCD.o)
 .rodata.str1.1
                0x00000000       0x10 C:\Users\Me\Desktop\Coolyeah\Beres\OoSe\Code_Battlefield\OOSE_LABOR_PROJECT\Runtime\libRuntime.a(LCD.o)
 .text._ZN3LCD8describeEv
                0x00000000       0x9e C:\Users\Me\Desktop\Coolyeah\Beres\OoSe\Code_Battlefield\OOSE_LABOR_PROJECT\Runtime\libRuntime.a(LCD.o)
 .text._ZN4LCDSC2Eh10LCD_Type_th
                0x00000000       0x4a C:\Users\Me\Desktop\Coolyeah\Beres\OoSe\Code_Battlefield\OOSE_LABOR_PROJECT\Runtime\libRuntime.a(LCD.o)
 .text._ZN4LCDS5clearEv
                0x00000000       0x32 C:\Users\Me\Desktop\Coolyeah\Beres\OoSe\Code_Battlefield\OOSE_LABOR_PROJECT\Runtime\libRuntime.a(LCD.o)
 .text._ZN4LCDS7refreshEv
                0x00000000       0xb0 C:\Users\Me\Desktop\Coolyeah\Beres\OoSe\Code_Battlefield\OOSE_LABOR_PROJECT\Runtime\libRuntime.a(LCD.o)
 .text._ZN4LCDS14buffer_roll_upEv
                0x00000000       0xc2 C:\Users\Me\Desktop\Coolyeah\Beres\OoSe\Code_Battlefield\OOSE_LABOR_PROJECT\Runtime\libRuntime.a(LCD.o)
 .text._ZN4LCDS10write_charEc
                0x00000000       0xb0 C:\Users\Me\Desktop\Coolyeah\Beres\OoSe\Code_Battlefield\OOSE_LABOR_PROJECT\Runtime\libRuntime.a(LCD.o)
 .text._ZN4LCDS15write_SRAM_textEPKch
                0x00000000       0x46 C:\Users\Me\Desktop\Coolyeah\Beres\OoSe\Code_Battlefield\OOSE_LABOR_PROJECT\Runtime\libRuntime.a(LCD.o)
 .text._ZN4LCDS16write_FLASH_textEPKch
                0x00000000       0x4a C:\Users\Me\Desktop\Coolyeah\Beres\OoSe\Code_Battlefield\OOSE_LABOR_PROJECT\Runtime\libRuntime.a(LCD.o)
 .text._ZN4LCDS9scroll_upEh
                0x00000000       0x20 C:\Users\Me\Desktop\Coolyeah\Beres\OoSe\Code_Battlefield\OOSE_LABOR_PROJECT\Runtime\libRuntime.a(LCD.o)
 .text._ZN4LCDS11scroll_downEh
                0x00000000       0x4e C:\Users\Me\Desktop\Coolyeah\Beres\OoSe\Code_Battlefield\OOSE_LABOR_PROJECT\Runtime\libRuntime.a(LCD.o)
 .text          0x00000000        0x0 C:\Users\Me\Desktop\Coolyeah\Beres\OoSe\Code_Battlefield\OOSE_LABOR_PROJECT\Runtime\libRuntime.a(OSKernel.o)
 .data          0x00000000        0x0 C:\Users\Me\Desktop\Coolyeah\Beres\OoSe\Code_Battlefield\OOSE_LABOR_PROJECT\Runtime\libRuntime.a(OSKernel.o)
 .bss           0x00000000        0x0 C:\Users\Me\Desktop\Coolyeah\Beres\OoSe\Code_Battlefield\OOSE_LABOR_PROJECT\Runtime\libRuntime.a(OSKernel.o)
 .text._ZL4idlev
                0x00000000       0x18 C:\Users\Me\Desktop\Coolyeah\Beres\OoSe\Code_Battlefield\OOSE_LABOR_PROJECT\Runtime\libRuntime.a(OSKernel.o)
 .text._Z11task_insertPFvvE8Priority
                0x00000000       0xd6 C:\Users\Me\Desktop\Coolyeah\Beres\OoSe\Code_Battlefield\OOSE_LABOR_PROJECT\Runtime\libRuntime.a(OSKernel.o)
 .text._Z8activateh
                0x00000000       0x48 C:\Users\Me\Desktop\Coolyeah\Beres\OoSe\Code_Battlefield\OOSE_LABOR_PROJECT\Runtime\libRuntime.a(OSKernel.o)
 .text._Z9is_activeh
                0x00000000       0x2a C:\Users\Me\Desktop\Coolyeah\Beres\OoSe\Code_Battlefield\OOSE_LABOR_PROJECT\Runtime\libRuntime.a(OSKernel.o)
 .text._Z10elapsed_msh
                0x00000000       0x3c C:\Users\Me\Desktop\Coolyeah\Beres\OoSe\Code_Battlefield\OOSE_LABOR_PROJECT\Runtime\libRuntime.a(OSKernel.o)
 .text._Z6kernel14SchedulingTypePFvhE
                0x00000000       0x2c C:\Users\Me\Desktop\Coolyeah\Beres\OoSe\Code_Battlefield\OOSE_LABOR_PROJECT\Runtime\libRuntime.a(OSKernel.o)
 .text._Z11stop_kernelh
                0x00000000       0x1e C:\Users\Me\Desktop\Coolyeah\Beres\OoSe\Code_Battlefield\OOSE_LABOR_PROJECT\Runtime\libRuntime.a(OSKernel.o)
 .text._Z10deactivateh
                0x00000000       0x52 C:\Users\Me\Desktop\Coolyeah\Beres\OoSe\Code_Battlefield\OOSE_LABOR_PROJECT\Runtime\libRuntime.a(OSKernel.o)
 .text._Z15current_task_idv
                0x00000000        0x6 C:\Users\Me\Desktop\Coolyeah\Beres\OoSe\Code_Battlefield\OOSE_LABOR_PROJECT\Runtime\libRuntime.a(OSKernel.o)
 .text._Z13task_set_prio8Priority
                0x00000000       0x1c C:\Users\Me\Desktop\Coolyeah\Beres\OoSe\Code_Battlefield\OOSE_LABOR_PROJECT\Runtime\libRuntime.a(OSKernel.o)
 .text._Z8sem_waith
                0x00000000       0x70 C:\Users\Me\Desktop\Coolyeah\Beres\OoSe\Code_Battlefield\OOSE_LABOR_PROJECT\Runtime\libRuntime.a(OSKernel.o)
 .bss._ZL22sem_waiting_free_index
                0x00000000        0x1 C:\Users\Me\Desktop\Coolyeah\Beres\OoSe\Code_Battlefield\OOSE_LABOR_PROJECT\Runtime\libRuntime.a(OSKernel.o)
 .bss._ZL8exitproc
                0x00000000        0x2 C:\Users\Me\Desktop\Coolyeah\Beres\OoSe\Code_Battlefield\OOSE_LABOR_PROJECT\Runtime\libRuntime.a(OSKernel.o)
 .group         0x00000000        0x8 C:\Users\Me\Desktop\Coolyeah\Beres\OoSe\Code_Battlefield\OOSE_LABOR_PROJECT\Runtime\libRuntime.a(QuadEncoder.o)
 .group         0x00000000        0x8 C:\Users\Me\Desktop\Coolyeah\Beres\OoSe\Code_Battlefield\OOSE_LABOR_PROJECT\Runtime\libRuntime.a(QuadEncoder.o)
 .group         0x00000000        0x8 C:\Users\Me\Desktop\Coolyeah\Beres\OoSe\Code_Battlefield\OOSE_LABOR_PROJECT\Runtime\libRuntime.a(QuadEncoder.o)
 .group         0x00000000        0x8 C:\Users\Me\Desktop\Coolyeah\Beres\OoSe\Code_Battlefield\OOSE_LABOR_PROJECT\Runtime\libRuntime.a(QuadEncoder.o)
 .group         0x00000000        0x8 C:\Users\Me\Desktop\Coolyeah\Beres\OoSe\Code_Battlefield\OOSE_LABOR_PROJECT\Runtime\libRuntime.a(QuadEncoder.o)
 .group         0x00000000        0x8 C:\Users\Me\Desktop\Coolyeah\Beres\OoSe\Code_Battlefield\OOSE_LABOR_PROJECT\Runtime\libRuntime.a(QuadEncoder.o)
 .text          0x00000000        0x0 C:\Users\Me\Desktop\Coolyeah\Beres\OoSe\Code_Battlefield\OOSE_LABOR_PROJECT\Runtime\libRuntime.a(QuadEncoder.o)
 .data          0x00000000        0x0 C:\Users\Me\Desktop\Coolyeah\Beres\OoSe\Code_Battlefield\OOSE_LABOR_PROJECT\Runtime\libRuntime.a(QuadEncoder.o)
 .bss           0x00000000        0x0 C:\Users\Me\Desktop\Coolyeah\Beres\OoSe\Code_Battlefield\OOSE_LABOR_PROJECT\Runtime\libRuntime.a(QuadEncoder.o)
 .text._ZN11DigiPortRaw5writeEh
                0x00000000       0x26 C:\Users\Me\Desktop\Coolyeah\Beres\OoSe\Code_Battlefield\OOSE_LABOR_PROJECT\Runtime\libRuntime.a(QuadEncoder.o)
 .text._ZN11DigiPortRaw8read_rawEh
                0x00000000       0x2e C:\Users\Me\Desktop\Coolyeah\Beres\OoSe\Code_Battlefield\OOSE_LABOR_PROJECT\Runtime\libRuntime.a(QuadEncoder.o)
 .text._ZN11QuadEncoder5startEiii
                0x00000000       0xac C:\Users\Me\Desktop\Coolyeah\Beres\OoSe\Code_Battlefield\OOSE_LABOR_PROJECT\Runtime\libRuntime.a(QuadEncoder.o)
 .group         0x00000000        0x8 C:\Users\Me\Desktop\Coolyeah\Beres\OoSe\Code_Battlefield\OOSE_LABOR_PROJECT\Runtime\libRuntime.a(Timer.o)
 .group         0x00000000        0x8 C:\Users\Me\Desktop\Coolyeah\Beres\OoSe\Code_Battlefield\OOSE_LABOR_PROJECT\Runtime\libRuntime.a(Timer.o)
 .group         0x00000000        0x8 C:\Users\Me\Desktop\Coolyeah\Beres\OoSe\Code_Battlefield\OOSE_LABOR_PROJECT\Runtime\libRuntime.a(Timer.o)
 .group         0x00000000        0x8 C:\Users\Me\Desktop\Coolyeah\Beres\OoSe\Code_Battlefield\OOSE_LABOR_PROJECT\Runtime\libRuntime.a(Timer.o)
 .group         0x00000000        0x8 C:\Users\Me\Desktop\Coolyeah\Beres\OoSe\Code_Battlefield\OOSE_LABOR_PROJECT\Runtime\libRuntime.a(Timer.o)
 .group         0x00000000        0x8 C:\Users\Me\Desktop\Coolyeah\Beres\OoSe\Code_Battlefield\OOSE_LABOR_PROJECT\Runtime\libRuntime.a(Timer.o)
 .group         0x00000000        0x8 C:\Users\Me\Desktop\Coolyeah\Beres\OoSe\Code_Battlefield\OOSE_LABOR_PROJECT\Runtime\libRuntime.a(Timer.o)
 .group         0x00000000        0x8 C:\Users\Me\Desktop\Coolyeah\Beres\OoSe\Code_Battlefield\OOSE_LABOR_PROJECT\Runtime\libRuntime.a(Timer.o)
 .group         0x00000000        0x8 C:\Users\Me\Desktop\Coolyeah\Beres\OoSe\Code_Battlefield\OOSE_LABOR_PROJECT\Runtime\libRuntime.a(Timer.o)
 .group         0x00000000        0x8 C:\Users\Me\Desktop\Coolyeah\Beres\OoSe\Code_Battlefield\OOSE_LABOR_PROJECT\Runtime\libRuntime.a(Timer.o)
 .group         0x00000000        0x8 C:\Users\Me\Desktop\Coolyeah\Beres\OoSe\Code_Battlefield\OOSE_LABOR_PROJECT\Runtime\libRuntime.a(Timer.o)
 .group         0x00000000        0x8 C:\Users\Me\Desktop\Coolyeah\Beres\OoSe\Code_Battlefield\OOSE_LABOR_PROJECT\Runtime\libRuntime.a(Timer.o)
 .group         0x00000000        0x8 C:\Users\Me\Desktop\Coolyeah\Beres\OoSe\Code_Battlefield\OOSE_LABOR_PROJECT\Runtime\libRuntime.a(Timer.o)
 .group         0x00000000        0x8 C:\Users\Me\Desktop\Coolyeah\Beres\OoSe\Code_Battlefield\OOSE_LABOR_PROJECT\Runtime\libRuntime.a(Timer.o)
 .group         0x00000000        0x8 C:\Users\Me\Desktop\Coolyeah\Beres\OoSe\Code_Battlefield\OOSE_LABOR_PROJECT\Runtime\libRuntime.a(Timer.o)
 .text          0x00000000        0x0 C:\Users\Me\Desktop\Coolyeah\Beres\OoSe\Code_Battlefield\OOSE_LABOR_PROJECT\Runtime\libRuntime.a(Timer.o)
 .data          0x00000000        0x0 C:\Users\Me\Desktop\Coolyeah\Beres\OoSe\Code_Battlefield\OOSE_LABOR_PROJECT\Runtime\libRuntime.a(Timer.o)
 .bss           0x00000000        0x0 C:\Users\Me\Desktop\Coolyeah\Beres\OoSe\Code_Battlefield\OOSE_LABOR_PROJECT\Runtime\libRuntime.a(Timer.o)
 .text._ZN7Timer168start_usEjjjjh
                0x00000000      0x144 C:\Users\Me\Desktop\Coolyeah\Beres\OoSe\Code_Battlefield\OOSE_LABOR_PROJECT\Runtime\libRuntime.a(Timer.o)
 .text._ZN6Timer88start_msEjjjh
                0x00000000       0xe6 C:\Users\Me\Desktop\Coolyeah\Beres\OoSe\Code_Battlefield\OOSE_LABOR_PROJECT\Runtime\libRuntime.a(Timer.o)
 .text._ZN6Timer88start_usEjjjh
                0x00000000       0xc6 C:\Users\Me\Desktop\Coolyeah\Beres\OoSe\Code_Battlefield\OOSE_LABOR_PROJECT\Runtime\libRuntime.a(Timer.o)
 .text._ZN7OSTimer5startEj
                0x00000000       0x6e C:\Users\Me\Desktop\Coolyeah\Beres\OoSe\Code_Battlefield\OOSE_LABOR_PROJECT\Runtime\libRuntime.a(Timer.o)
 .text          0x00000000        0x0 C:\Users\Me\Desktop\Coolyeah\Beres\OoSe\Code_Battlefield\OOSE_LABOR_PROJECT\Runtime\libRuntime.a(Basics.o)
 .data          0x00000000        0x0 C:\Users\Me\Desktop\Coolyeah\Beres\OoSe\Code_Battlefield\OOSE_LABOR_PROJECT\Runtime\libRuntime.a(Basics.o)
 .bss           0x00000000        0x0 C:\Users\Me\Desktop\Coolyeah\Beres\OoSe\Code_Battlefield\OOSE_LABOR_PROJECT\Runtime\libRuntime.a(Basics.o)
 .text          0x00000000        0x0 c:/program files (x86)/atmel/studio/7.0/toolchain/avr8/avr8-gnu-toolchain/bin/../lib/gcc/avr/5.4.0/avr6\libgcc.a(_udivmodhi4.o)
 .data          0x00000000        0x0 c:/program files (x86)/atmel/studio/7.0/toolchain/avr8/avr8-gnu-toolchain/bin/../lib/gcc/avr/5.4.0/avr6\libgcc.a(_udivmodhi4.o)
 .bss           0x00000000        0x0 c:/program files (x86)/atmel/studio/7.0/toolchain/avr8/avr8-gnu-toolchain/bin/../lib/gcc/avr/5.4.0/avr6\libgcc.a(_udivmodhi4.o)
 .text.libgcc.mul
                0x00000000        0x0 c:/program files (x86)/atmel/studio/7.0/toolchain/avr8/avr8-gnu-toolchain/bin/../lib/gcc/avr/5.4.0/avr6\libgcc.a(_udivmodhi4.o)
 .text.libgcc   0x00000000        0x0 c:/program files (x86)/atmel/studio/7.0/toolchain/avr8/avr8-gnu-toolchain/bin/../lib/gcc/avr/5.4.0/avr6\libgcc.a(_udivmodhi4.o)
 .text.libgcc.prologue
                0x00000000        0x0 c:/program files (x86)/atmel/studio/7.0/toolchain/avr8/avr8-gnu-toolchain/bin/../lib/gcc/avr/5.4.0/avr6\libgcc.a(_udivmodhi4.o)
 .text.libgcc.builtins
                0x00000000        0x0 c:/program files (x86)/atmel/studio/7.0/toolchain/avr8/avr8-gnu-toolchain/bin/../lib/gcc/avr/5.4.0/avr6\libgcc.a(_udivmodhi4.o)
 .text.libgcc.fmul
                0x00000000        0x0 c:/program files (x86)/atmel/studio/7.0/toolchain/avr8/avr8-gnu-toolchain/bin/../lib/gcc/avr/5.4.0/avr6\libgcc.a(_udivmodhi4.o)
 .text.libgcc.fixed
                0x00000000        0x0 c:/program files (x86)/atmel/studio/7.0/toolchain/avr8/avr8-gnu-toolchain/bin/../lib/gcc/avr/5.4.0/avr6\libgcc.a(_udivmodhi4.o)
 .text          0x00000000        0x0 c:/program files (x86)/atmel/studio/7.0/toolchain/avr8/avr8-gnu-toolchain/bin/../lib/gcc/avr/5.4.0/avr6\libgcc.a(_divmodhi4.o)
 .data          0x00000000        0x0 c:/program files (x86)/atmel/studio/7.0/toolchain/avr8/avr8-gnu-toolchain/bin/../lib/gcc/avr/5.4.0/avr6\libgcc.a(_divmodhi4.o)
 .bss           0x00000000        0x0 c:/program files (x86)/atmel/studio/7.0/toolchain/avr8/avr8-gnu-toolchain/bin/../lib/gcc/avr/5.4.0/avr6\libgcc.a(_divmodhi4.o)
 .text.libgcc.mul
                0x00000000        0x0 c:/program files (x86)/atmel/studio/7.0/toolchain/avr8/avr8-gnu-toolchain/bin/../lib/gcc/avr/5.4.0/avr6\libgcc.a(_divmodhi4.o)
 .text.libgcc   0x00000000        0x0 c:/program files (x86)/atmel/studio/7.0/toolchain/avr8/avr8-gnu-toolchain/bin/../lib/gcc/avr/5.4.0/avr6\libgcc.a(_divmodhi4.o)
 .text.libgcc.prologue
                0x00000000        0x0 c:/program files (x86)/atmel/studio/7.0/toolchain/avr8/avr8-gnu-toolchain/bin/../lib/gcc/avr/5.4.0/avr6\libgcc.a(_divmodhi4.o)
 .text.libgcc.builtins
                0x00000000        0x0 c:/program files (x86)/atmel/studio/7.0/toolchain/avr8/avr8-gnu-toolchain/bin/../lib/gcc/avr/5.4.0/avr6\libgcc.a(_divmodhi4.o)
 .text.libgcc.fmul
                0x00000000        0x0 c:/program files (x86)/atmel/studio/7.0/toolchain/avr8/avr8-gnu-toolchain/bin/../lib/gcc/avr/5.4.0/avr6\libgcc.a(_divmodhi4.o)
 .text.libgcc.fixed
                0x00000000        0x0 c:/program files (x86)/atmel/studio/7.0/toolchain/avr8/avr8-gnu-toolchain/bin/../lib/gcc/avr/5.4.0/avr6\libgcc.a(_divmodhi4.o)
 .text          0x00000000        0x0 c:/program files (x86)/atmel/studio/7.0/toolchain/avr8/avr8-gnu-toolchain/bin/../lib/gcc/avr/5.4.0/avr6\libgcc.a(_udivmodsi4.o)
 .data          0x00000000        0x0 c:/program files (x86)/atmel/studio/7.0/toolchain/avr8/avr8-gnu-toolchain/bin/../lib/gcc/avr/5.4.0/avr6\libgcc.a(_udivmodsi4.o)
 .bss           0x00000000        0x0 c:/program files (x86)/atmel/studio/7.0/toolchain/avr8/avr8-gnu-toolchain/bin/../lib/gcc/avr/5.4.0/avr6\libgcc.a(_udivmodsi4.o)
 .text.libgcc.mul
                0x00000000        0x0 c:/program files (x86)/atmel/studio/7.0/toolchain/avr8/avr8-gnu-toolchain/bin/../lib/gcc/avr/5.4.0/avr6\libgcc.a(_udivmodsi4.o)
 .text.libgcc.div
                0x00000000       0x44 c:/program files (x86)/atmel/studio/7.0/toolchain/avr8/avr8-gnu-toolchain/bin/../lib/gcc/avr/5.4.0/avr6\libgcc.a(_udivmodsi4.o)
 .text.libgcc   0x00000000        0x0 c:/program files (x86)/atmel/studio/7.0/toolchain/avr8/avr8-gnu-toolchain/bin/../lib/gcc/avr/5.4.0/avr6\libgcc.a(_udivmodsi4.o)
 .text.libgcc.prologue
                0x00000000        0x0 c:/program files (x86)/atmel/studio/7.0/toolchain/avr8/avr8-gnu-toolchain/bin/../lib/gcc/avr/5.4.0/avr6\libgcc.a(_udivmodsi4.o)
 .text.libgcc.builtins
                0x00000000        0x0 c:/program files (x86)/atmel/studio/7.0/toolchain/avr8/avr8-gnu-toolchain/bin/../lib/gcc/avr/5.4.0/avr6\libgcc.a(_udivmodsi4.o)
 .text.libgcc.fmul
                0x00000000        0x0 c:/program files (x86)/atmel/studio/7.0/toolchain/avr8/avr8-gnu-toolchain/bin/../lib/gcc/avr/5.4.0/avr6\libgcc.a(_udivmodsi4.o)
 .text.libgcc.fixed
                0x00000000        0x0 c:/program files (x86)/atmel/studio/7.0/toolchain/avr8/avr8-gnu-toolchain/bin/../lib/gcc/avr/5.4.0/avr6\libgcc.a(_udivmodsi4.o)
 .text          0x00000000        0x0 c:/program files (x86)/atmel/studio/7.0/toolchain/avr8/avr8-gnu-toolchain/bin/../lib/gcc/avr/5.4.0/avr6\libgcc.a(_exit.o)
 .data          0x00000000        0x0 c:/program files (x86)/atmel/studio/7.0/toolchain/avr8/avr8-gnu-toolchain/bin/../lib/gcc/avr/5.4.0/avr6\libgcc.a(_exit.o)
 .bss           0x00000000        0x0 c:/program files (x86)/atmel/studio/7.0/toolchain/avr8/avr8-gnu-toolchain/bin/../lib/gcc/avr/5.4.0/avr6\libgcc.a(_exit.o)
 .text.libgcc.mul
                0x00000000        0x0 c:/program files (x86)/atmel/studio/7.0/toolchain/avr8/avr8-gnu-toolchain/bin/../lib/gcc/avr/5.4.0/avr6\libgcc.a(_exit.o)
 .text.libgcc.div
                0x00000000        0x0 c:/program files (x86)/atmel/studio/7.0/toolchain/avr8/avr8-gnu-toolchain/bin/../lib/gcc/avr/5.4.0/avr6\libgcc.a(_exit.o)
 .text.libgcc   0x00000000        0x0 c:/program files (x86)/atmel/studio/7.0/toolchain/avr8/avr8-gnu-toolchain/bin/../lib/gcc/avr/5.4.0/avr6\libgcc.a(_exit.o)
 .text.libgcc.prologue
                0x00000000        0x0 c:/program files (x86)/atmel/studio/7.0/toolchain/avr8/avr8-gnu-toolchain/bin/../lib/gcc/avr/5.4.0/avr6\libgcc.a(_exit.o)
 .text.libgcc.builtins
                0x00000000        0x0 c:/program files (x86)/atmel/studio/7.0/toolchain/avr8/avr8-gnu-toolchain/bin/../lib/gcc/avr/5.4.0/avr6\libgcc.a(_exit.o)
 .text.libgcc.fmul
                0x00000000        0x0 c:/program files (x86)/atmel/studio/7.0/toolchain/avr8/avr8-gnu-toolchain/bin/../lib/gcc/avr/5.4.0/avr6\libgcc.a(_exit.o)
 .text.libgcc.fixed
                0x00000000        0x0 c:/program files (x86)/atmel/studio/7.0/toolchain/avr8/avr8-gnu-toolchain/bin/../lib/gcc/avr/5.4.0/avr6\libgcc.a(_exit.o)
 .text          0x00000000        0x0 c:/program files (x86)/atmel/studio/7.0/toolchain/avr8/avr8-gnu-toolchain/bin/../lib/gcc/avr/5.4.0/avr6\libgcc.a(_copy_data.o)
 .data          0x00000000        0x0 c:/program files (x86)/atmel/studio/7.0/toolchain/avr8/avr8-gnu-toolchain/bin/../lib/gcc/avr/5.4.0/avr6\libgcc.a(_copy_data.o)
 .bss           0x00000000        0x0 c:/program files (x86)/atmel/studio/7.0/toolchain/avr8/avr8-gnu-toolchain/bin/../lib/gcc/avr/5.4.0/avr6\libgcc.a(_copy_data.o)
 .text.libgcc.mul
                0x00000000        0x0 c:/program files (x86)/atmel/studio/7.0/toolchain/avr8/avr8-gnu-toolchain/bin/../lib/gcc/avr/5.4.0/avr6\libgcc.a(_copy_data.o)
 .text.libgcc.div
                0x00000000        0x0 c:/program files (x86)/atmel/studio/7.0/toolchain/avr8/avr8-gnu-toolchain/bin/../lib/gcc/avr/5.4.0/avr6\libgcc.a(_copy_data.o)
 .text.libgcc   0x00000000        0x0 c:/program files (x86)/atmel/studio/7.0/toolchain/avr8/avr8-gnu-toolchain/bin/../lib/gcc/avr/5.4.0/avr6\libgcc.a(_copy_data.o)
 .text.libgcc.prologue
                0x00000000        0x0 c:/program files (x86)/atmel/studio/7.0/toolchain/avr8/avr8-gnu-toolchain/bin/../lib/gcc/avr/5.4.0/avr6\libgcc.a(_copy_data.o)
 .text.libgcc.builtins
                0x00000000        0x0 c:/program files (x86)/atmel/studio/7.0/toolchain/avr8/avr8-gnu-toolchain/bin/../lib/gcc/avr/5.4.0/avr6\libgcc.a(_copy_data.o)
 .text.libgcc.fmul
                0x00000000        0x0 c:/program files (x86)/atmel/studio/7.0/toolchain/avr8/avr8-gnu-toolchain/bin/../lib/gcc/avr/5.4.0/avr6\libgcc.a(_copy_data.o)
 .text.libgcc.fixed
                0x00000000        0x0 c:/program files (x86)/atmel/studio/7.0/toolchain/avr8/avr8-gnu-toolchain/bin/../lib/gcc/avr/5.4.0/avr6\libgcc.a(_copy_data.o)
 .text          0x00000000        0x0 c:/program files (x86)/atmel/studio/7.0/toolchain/avr8/avr8-gnu-toolchain/bin/../lib/gcc/avr/5.4.0/avr6\libgcc.a(_clear_bss.o)
 .data          0x00000000        0x0 c:/program files (x86)/atmel/studio/7.0/toolchain/avr8/avr8-gnu-toolchain/bin/../lib/gcc/avr/5.4.0/avr6\libgcc.a(_clear_bss.o)
 .bss           0x00000000        0x0 c:/program files (x86)/atmel/studio/7.0/toolchain/avr8/avr8-gnu-toolchain/bin/../lib/gcc/avr/5.4.0/avr6\libgcc.a(_clear_bss.o)
 .text.libgcc.mul
                0x00000000        0x0 c:/program files (x86)/atmel/studio/7.0/toolchain/avr8/avr8-gnu-toolchain/bin/../lib/gcc/avr/5.4.0/avr6\libgcc.a(_clear_bss.o)
 .text.libgcc.div
                0x00000000        0x0 c:/program files (x86)/atmel/studio/7.0/toolchain/avr8/avr8-gnu-toolchain/bin/../lib/gcc/avr/5.4.0/avr6\libgcc.a(_clear_bss.o)
 .text.libgcc   0x00000000        0x0 c:/program files (x86)/atmel/studio/7.0/toolchain/avr8/avr8-gnu-toolchain/bin/../lib/gcc/avr/5.4.0/avr6\libgcc.a(_clear_bss.o)
 .text.libgcc.prologue
                0x00000000        0x0 c:/program files (x86)/atmel/studio/7.0/toolchain/avr8/avr8-gnu-toolchain/bin/../lib/gcc/avr/5.4.0/avr6\libgcc.a(_clear_bss.o)
 .text.libgcc.builtins
                0x00000000        0x0 c:/program files (x86)/atmel/studio/7.0/toolchain/avr8/avr8-gnu-toolchain/bin/../lib/gcc/avr/5.4.0/avr6\libgcc.a(_clear_bss.o)
 .text.libgcc.fmul
                0x00000000        0x0 c:/program files (x86)/atmel/studio/7.0/toolchain/avr8/avr8-gnu-toolchain/bin/../lib/gcc/avr/5.4.0/avr6\libgcc.a(_clear_bss.o)
 .text.libgcc.fixed
                0x00000000        0x0 c:/program files (x86)/atmel/studio/7.0/toolchain/avr8/avr8-gnu-toolchain/bin/../lib/gcc/avr/5.4.0/avr6\libgcc.a(_clear_bss.o)
 .text          0x00000000        0x0 c:/program files (x86)/atmel/studio/7.0/toolchain/avr8/avr8-gnu-toolchain/bin/../lib/gcc/avr/5.4.0/avr6\libgcc.a(_ctors.o)
 .data          0x00000000        0x0 c:/program files (x86)/atmel/studio/7.0/toolchain/avr8/avr8-gnu-toolchain/bin/../lib/gcc/avr/5.4.0/avr6\libgcc.a(_ctors.o)
 .bss           0x00000000        0x0 c:/program files (x86)/atmel/studio/7.0/toolchain/avr8/avr8-gnu-toolchain/bin/../lib/gcc/avr/5.4.0/avr6\libgcc.a(_ctors.o)
 .text.libgcc.mul
                0x00000000        0x0 c:/program files (x86)/atmel/studio/7.0/toolchain/avr8/avr8-gnu-toolchain/bin/../lib/gcc/avr/5.4.0/avr6\libgcc.a(_ctors.o)
 .text.libgcc.div
                0x00000000        0x0 c:/program files (x86)/atmel/studio/7.0/toolchain/avr8/avr8-gnu-toolchain/bin/../lib/gcc/avr/5.4.0/avr6\libgcc.a(_ctors.o)
 .text.libgcc   0x00000000        0x0 c:/program files (x86)/atmel/studio/7.0/toolchain/avr8/avr8-gnu-toolchain/bin/../lib/gcc/avr/5.4.0/avr6\libgcc.a(_ctors.o)
 .text.libgcc.prologue
                0x00000000        0x0 c:/program files (x86)/atmel/studio/7.0/toolchain/avr8/avr8-gnu-toolchain/bin/../lib/gcc/avr/5.4.0/avr6\libgcc.a(_ctors.o)
 .text.libgcc.builtins
                0x00000000        0x0 c:/program files (x86)/atmel/studio/7.0/toolchain/avr8/avr8-gnu-toolchain/bin/../lib/gcc/avr/5.4.0/avr6\libgcc.a(_ctors.o)
 .text.libgcc.fmul
                0x00000000        0x0 c:/program files (x86)/atmel/studio/7.0/toolchain/avr8/avr8-gnu-toolchain/bin/../lib/gcc/avr/5.4.0/avr6\libgcc.a(_ctors.o)
 .text.libgcc.fixed
                0x00000000        0x0 c:/program files (x86)/atmel/studio/7.0/toolchain/avr8/avr8-gnu-toolchain/bin/../lib/gcc/avr/5.4.0/avr6\libgcc.a(_ctors.o)
 .text          0x00000000        0x0 c:/program files (x86)/atmel/studio/7.0/toolchain/avr8/avr8-gnu-toolchain/bin/../lib/gcc/avr/5.4.0/avr6\libgcc.a(_umulhisi3.o)
 .data          0x00000000        0x0 c:/program files (x86)/atmel/studio/7.0/toolchain/avr8/avr8-gnu-toolchain/bin/../lib/gcc/avr/5.4.0/avr6\libgcc.a(_umulhisi3.o)
 .bss           0x00000000        0x0 c:/program files (x86)/atmel/studio/7.0/toolchain/avr8/avr8-gnu-toolchain/bin/../lib/gcc/avr/5.4.0/avr6\libgcc.a(_umulhisi3.o)
 .text.libgcc.div
                0x00000000        0x0 c:/program files (x86)/atmel/studio/7.0/toolchain/avr8/avr8-gnu-toolchain/bin/../lib/gcc/avr/5.4.0/avr6\libgcc.a(_umulhisi3.o)
 .text.libgcc   0x00000000        0x0 c:/program files (x86)/atmel/studio/7.0/toolchain/avr8/avr8-gnu-toolchain/bin/../lib/gcc/avr/5.4.0/avr6\libgcc.a(_umulhisi3.o)
 .text.libgcc.prologue
                0x00000000        0x0 c:/program files (x86)/atmel/studio/7.0/toolchain/avr8/avr8-gnu-toolchain/bin/../lib/gcc/avr/5.4.0/avr6\libgcc.a(_umulhisi3.o)
 .text.libgcc.builtins
                0x00000000        0x0 c:/program files (x86)/atmel/studio/7.0/toolchain/avr8/avr8-gnu-toolchain/bin/../lib/gcc/avr/5.4.0/avr6\libgcc.a(_umulhisi3.o)
 .text.libgcc.fmul
                0x00000000        0x0 c:/program files (x86)/atmel/studio/7.0/toolchain/avr8/avr8-gnu-toolchain/bin/../lib/gcc/avr/5.4.0/avr6\libgcc.a(_umulhisi3.o)
 .text.libgcc.fixed
                0x00000000        0x0 c:/program files (x86)/atmel/studio/7.0/toolchain/avr8/avr8-gnu-toolchain/bin/../lib/gcc/avr/5.4.0/avr6\libgcc.a(_umulhisi3.o)
 .text          0x00000000        0x0 c:/program files (x86)/atmel/studio/7.0/toolchain/avr8/avr8-gnu-toolchain/bin/../lib/gcc/avr/5.4.0/avr6\libgcc.a(_tablejump2.o)
 .data          0x00000000        0x0 c:/program files (x86)/atmel/studio/7.0/toolchain/avr8/avr8-gnu-toolchain/bin/../lib/gcc/avr/5.4.0/avr6\libgcc.a(_tablejump2.o)
 .bss           0x00000000        0x0 c:/program files (x86)/atmel/studio/7.0/toolchain/avr8/avr8-gnu-toolchain/bin/../lib/gcc/avr/5.4.0/avr6\libgcc.a(_tablejump2.o)
 .text.libgcc.mul
                0x00000000        0x0 c:/program files (x86)/atmel/studio/7.0/toolchain/avr8/avr8-gnu-toolchain/bin/../lib/gcc/avr/5.4.0/avr6\libgcc.a(_tablejump2.o)
 .text.libgcc.div
                0x00000000        0x0 c:/program files (x86)/atmel/studio/7.0/toolchain/avr8/avr8-gnu-toolchain/bin/../lib/gcc/avr/5.4.0/avr6\libgcc.a(_tablejump2.o)
 .text.libgcc.prologue
                0x00000000        0x0 c:/program files (x86)/atmel/studio/7.0/toolchain/avr8/avr8-gnu-toolchain/bin/../lib/gcc/avr/5.4.0/avr6\libgcc.a(_tablejump2.o)
 .text.libgcc.builtins
                0x00000000        0x0 c:/program files (x86)/atmel/studio/7.0/toolchain/avr8/avr8-gnu-toolchain/bin/../lib/gcc/avr/5.4.0/avr6\libgcc.a(_tablejump2.o)
 .text.libgcc.fmul
                0x00000000        0x0 c:/program files (x86)/atmel/studio/7.0/toolchain/avr8/avr8-gnu-toolchain/bin/../lib/gcc/avr/5.4.0/avr6\libgcc.a(_tablejump2.o)
 .text.libgcc.fixed
                0x00000000        0x0 c:/program files (x86)/atmel/studio/7.0/toolchain/avr8/avr8-gnu-toolchain/bin/../lib/gcc/avr/5.4.0/avr6\libgcc.a(_tablejump2.o)

Memory Configuration

Name             Origin             Length             Attributes
text             0x00000000         0x00040000         xr
data             0x00800200         0x00002000         rw !x
eeprom           0x00810000         0x00001000         rw !x
fuse             0x00820000         0x00000003         rw !x
lock             0x00830000         0x00000400         rw !x
signature        0x00840000         0x00000400         rw !x
user_signatures  0x00850000         0x00000400         rw !x
*default*        0x00000000         0xffffffff

Linker script and memory map

Address of section .data set to 0x800200
LOAD C:/Program Files (x86)/Atmel/Studio/7.0/Packs/atmel/ATmega_DFP/1.6.364/gcc/dev/atmega2560/avr6/crtatmega2560.o
LOAD main.o
START GROUP
LOAD c:/program files (x86)/atmel/studio/7.0/toolchain/avr8/avr8-gnu-toolchain/bin/../lib/gcc/avr/5.4.0/../../../../avr/lib/avr6\libm.a
LOAD C:\Users\Me\Desktop\Coolyeah\Beres\OoSe\Code_Battlefield\OOSE_LABOR_PROJECT\Runtime\libRuntime.a
END GROUP
LOAD c:/program files (x86)/atmel/studio/7.0/toolchain/avr8/avr8-gnu-toolchain/bin/../lib/gcc/avr/5.4.0/avr6\libgcc.a
LOAD c:/program files (x86)/atmel/studio/7.0/toolchain/avr8/avr8-gnu-toolchain/bin/../lib/gcc/avr/5.4.0/../../../../avr/lib/avr6\libm.a
START GROUP
LOAD c:/program files (x86)/atmel/studio/7.0/toolchain/avr8/avr8-gnu-toolchain/bin/../lib/gcc/avr/5.4.0/avr6\libgcc.a
LOAD c:/program files (x86)/atmel/studio/7.0/toolchain/avr8/avr8-gnu-toolchain/bin/../lib/gcc/avr/5.4.0/../../../../avr/lib/avr6\libm.a
LOAD c:/program files (x86)/atmel/studio/7.0/toolchain/avr8/avr8-gnu-toolchain/bin/../lib/gcc/avr/5.4.0/../../../../avr/lib/avr6\libc.a
LOAD C:/Program Files (x86)/Atmel/Studio/7.0/Packs/atmel/ATmega_DFP/1.6.364/gcc/dev/atmega2560/avr6\libatmega2560.a
END GROUP
                0x00000000                __TEXT_REGION_ORIGIN__ = DEFINED (__TEXT_REGION_ORIGIN__)?__TEXT_REGION_ORIGIN__:0x0
                [0x00800200]                __DATA_REGION_ORIGIN__ = DEFINED (__DATA_REGION_ORIGIN__)?__DATA_REGION_ORIGIN__:0x800200
                [0x00040000]                __TEXT_REGION_LENGTH__ = DEFINED (__TEXT_REGION_LENGTH__)?__TEXT_REGION_LENGTH__:0x100000
                [0x00002000]                __DATA_REGION_LENGTH__ = DEFINED (__DATA_REGION_LENGTH__)?__DATA_REGION_LENGTH__:0xfe00
                [0x00001000]                __EEPROM_REGION_LENGTH__ = DEFINED (__EEPROM_REGION_LENGTH__)?__EEPROM_REGION_LENGTH__:0x10000
                [0x00000003]                __FUSE_REGION_LENGTH__ = DEFINED (__FUSE_REGION_LENGTH__)?__FUSE_REGION_LENGTH__:0x400
                0x00000400                __LOCK_REGION_LENGTH__ = DEFINED (__LOCK_REGION_LENGTH__)?__LOCK_REGION_LENGTH__:0x400
                0x00000400                __SIGNATURE_REGION_LENGTH__ = DEFINED (__SIGNATURE_REGION_LENGTH__)?__SIGNATURE_REGION_LENGTH__:0x400
                0x00000400                __USER_SIGNATURE_REGION_LENGTH__ = DEFINED (__USER_SIGNATURE_REGION_LENGTH__)?__USER_SIGNATURE_REGION_LENGTH__:0x400

.hash
 *(.hash)

.dynsym
 *(.dynsym)

.dynstr
 *(.dynstr)

.gnu.version
 *(.gnu.version)

.gnu.version_d
 *(.gnu.version_d)

.gnu.version_r
 *(.gnu.version_r)

.rel.init
 *(.rel.init)

.rela.init
 *(.rela.init)

.rel.text
 *(.rel.text)
 *(.rel.text.*)
 *(.rel.gnu.linkonce.t*)

.rela.text
 *(.rela.text)
 *(.rela.text.*)
 *(.rela.gnu.linkonce.t*)

.rel.fini
 *(.rel.fini)

.rela.fini
 *(.rela.fini)

.rel.rodata
 *(.rel.rodata)
 *(.rel.rodata.*)
 *(.rel.gnu.linkonce.r*)

.rela.rodata
 *(.rela.rodata)
 *(.rela.rodata.*)
 *(.rela.gnu.linkonce.r*)

.rel.data
 *(.rel.data)
 *(.rel.data.*)
 *(.rel.gnu.linkonce.d*)

.rela.data
 *(.rela.data)
 *(.rela.data.*)
 *(.rela.gnu.linkonce.d*)

.rel.ctors
 *(.rel.ctors)

.rela.ctors
 *(.rela.ctors)

.rel.dtors
 *(.rel.dtors)

.rela.dtors
 *(.rela.dtors)

.rel.got
 *(.rel.got)

.rela.got
 *(.rela.got)

.rel.bss
 *(.rel.bss)

.rela.bss
 *(.rela.bss)

.rel.plt
 *(.rel.plt)

.rela.plt
 *(.rela.plt)

.text           0x00000000     0x25e2
 *(.vectors)
 .vectors       0x00000000       0xe4 C:/Program Files (x86)/Atmel/Studio/7.0/Packs/atmel/ATmega_DFP/1.6.364/gcc/dev/atmega2560/avr6/crtatmega2560.o
                0x00000000                __vector_default
                0x00000000                __vectors
 *(.vectors)
 *(.progmem.gcc*)
                0x000000e4                . = ALIGN (0x2)
                0x000000e4                __trampolines_start = .
 *(.trampolines)
 .trampolines   0x000000e4        0x0 linker stubs
 *(.trampolines*)
                0x000000e4                __trampolines_end = .
 *libprintf_flt.a:*(.progmem.data)
 *libc.a:*(.progmem.data)
 *(.progmem*)
 .progmem.data._ZL9temp_text
                0x000000e4        0xb main.o
 .progmem.data._ZL10alarm_text
                0x000000ef        0xb main.o
 .progmem.data._ZL8dataline
                0x000000fa       0x27 main.o
 .progmem.data._ZL8headline
                0x00000121       0x29 main.o
                0x0000014a                . = ALIGN (0x2)
 *(.jumptables)
 *(.jumptables*)
 *(.lowtext)
 *(.lowtext*)
                0x0000014a                __ctors_start = .
 *(.ctors)
 .ctors         0x0000014a        0x2 main.o
 .ctors         0x0000014c        0x2 C:\Users\Me\Desktop\Coolyeah\Beres\OoSe\Code_Battlefield\OOSE_LABOR_PROJECT\Runtime\libRuntime.a(OSKernel.o)
                0x0000014e                __ctors_end = .
                0x0000014e                __dtors_start = .
 *(.dtors)
                0x0000014e                __dtors_end = .
 SORT(*)(.ctors)
 SORT(*)(.dtors)
 *(.init0)
 .init0         0x0000014e        0x0 C:/Program Files (x86)/Atmel/Studio/7.0/Packs/atmel/ATmega_DFP/1.6.364/gcc/dev/atmega2560/avr6/crtatmega2560.o
                0x0000014e                __init
 .init0         0x0000014e       0x18 main.o
 .init0         0x00000166       0x18 C:\Users\Me\Desktop\Coolyeah\Beres\OoSe\Code_Battlefield\OOSE_LABOR_PROJECT\Runtime\libRuntime.a(DigiPort.o)
 .init0         0x0000017e       0x18 C:\Users\Me\Desktop\Coolyeah\Beres\OoSe\Code_Battlefield\OOSE_LABOR_PROJECT\Runtime\libRuntime.a(LCD.o)
 .init0         0x00000196       0x18 C:\Users\Me\Desktop\Coolyeah\Beres\OoSe\Code_Battlefield\OOSE_LABOR_PROJECT\Runtime\libRuntime.a(OSKernel.o)
 .init0         0x000001ae       0x18 C:\Users\Me\Desktop\Coolyeah\Beres\OoSe\Code_Battlefield\OOSE_LABOR_PROJECT\Runtime\libRuntime.a(QuadEncoder.o)
 .init0         0x000001c6       0x18 C:\Users\Me\Desktop\Coolyeah\Beres\OoSe\Code_Battlefield\OOSE_LABOR_PROJECT\Runtime\libRuntime.a(Timer.o)
 .init0         0x000001de       0x18 C:\Users\Me\Desktop\Coolyeah\Beres\OoSe\Code_Battlefield\OOSE_LABOR_PROJECT\Runtime\libRuntime.a(Basics.o)
 *(.init0)
 *(.init1)
 *(.init1)
 *(.init2)
 .init2         0x000001f6       0x10 C:/Program Files (x86)/Atmel/Studio/7.0/Packs/atmel/ATmega_DFP/1.6.364/gcc/dev/atmega2560/avr6/crtatmega2560.o
 *(.init2)
 *(.init3)
 *(.init3)
 *(.init4)
 .init4         0x00000206       0x1a c:/program files (x86)/atmel/studio/7.0/toolchain/avr8/avr8-gnu-toolchain/bin/../lib/gcc/avr/5.4.0/avr6\libgcc.a(_copy_data.o)
                0x00000206                __do_copy_data
 .init4         0x00000220       0x10 c:/program files (x86)/atmel/studio/7.0/toolchain/avr8/avr8-gnu-toolchain/bin/../lib/gcc/avr/5.4.0/avr6\libgcc.a(_clear_bss.o)
                0x00000220                __do_clear_bss
 *(.init4)
 *(.init5)
 *(.init5)
 *(.init6)
 .init6         0x00000230       0x20 c:/program files (x86)/atmel/studio/7.0/toolchain/avr8/avr8-gnu-toolchain/bin/../lib/gcc/avr/5.4.0/avr6\libgcc.a(_ctors.o)
                0x00000230                __do_global_ctors
 *(.init6)
 *(.init7)
 *(.init7)
 *(.init8)
 *(.init8)
 *(.init9)
 .init9         0x00000250        0x6 C:/Program Files (x86)/Atmel/Studio/7.0/Packs/atmel/ATmega_DFP/1.6.364/gcc/dev/atmega2560/avr6/crtatmega2560.o
 *(.init9)
 *(.text)
 .text          0x00000256        0x2 C:/Program Files (x86)/Atmel/Studio/7.0/Packs/atmel/ATmega_DFP/1.6.364/gcc/dev/atmega2560/avr6/crtatmega2560.o
                0x00000256                __vector_38
                0x00000256                __vector_28
                0x00000256                __vector_1
                0x00000256                __vector_24
                0x00000256                __vector_12
                0x00000256                __vector_55
                0x00000256                __vector_46
                0x00000256                __bad_interrupt
                0x00000256                __vector_6
                0x00000256                __vector_31
                0x00000256                __vector_39
                0x00000256                __vector_3
                0x00000256                __vector_30
                0x00000256                __vector_25
                0x00000256                __vector_54
                0x00000256                __vector_56
                0x00000256                __vector_7
                0x00000256                __vector_41
                0x00000256                __vector_27
                0x00000256                __vector_5
                0x00000256                __vector_52
                0x00000256                __vector_37
                0x00000256                __vector_4
                0x00000256                __vector_51
                0x00000256                __vector_2
                0x00000256                __vector_15
                0x00000256                __vector_36
                0x00000256                __vector_40
                0x00000256                __vector_8
                0x00000256                __vector_26
                0x00000256                __vector_53
                0x00000256                __vector_16
                0x00000258                . = ALIGN (0x2)
 *(.text.*)
 .text._ZN11ADConverter8identityEj
                0x00000258        0x2 main.o
                0x00000258                _ZN11ADConverter8identityEj
 .text._ZL9ticker_cbv
                0x0000025a       0x3c main.o
 .text._Z41__static_initialization_and_destruction_0ii
                0x00000296       0x9c main.o
 .text.main     0x00000332      0x25a main.o
                0x00000332                main
 .text._GLOBAL__sub_I_do_update
                0x0000058c        0xc main.o
 .text.__vector_29
                0x00000598      0x166 C:\Users\Me\Desktop\Coolyeah\Beres\OoSe\Code_Battlefield\OOSE_LABOR_PROJECT\Runtime\libRuntime.a(ADConverter.o)
                0x00000598                __vector_29
 .text._ZN11ADConverterC2EhhPFijE
                0x000006fe       0xa8 C:\Users\Me\Desktop\Coolyeah\Beres\OoSe\Code_Battlefield\OOSE_LABOR_PROJECT\Runtime\libRuntime.a(ADConverter.o)
                0x000006fe                _ZN11ADConverterC2EhhPFijE
                0x000006fe                _ZN11ADConverterC1EhhPFijE
 .text._ZN11ADConverter9get_valueEv
                0x000007a6       0xb4 C:\Users\Me\Desktop\Coolyeah\Beres\OoSe\Code_Battlefield\OOSE_LABOR_PROJECT\Runtime\libRuntime.a(ADConverter.o)
                0x000007a6                _ZN11ADConverter9get_valueEv
 .text._ZN11DigiPortRaw5writeEh
                0x0000085a       0x26 C:\Users\Me\Desktop\Coolyeah\Beres\OoSe\Code_Battlefield\OOSE_LABOR_PROJECT\Runtime\libRuntime.a(DigiPort.o)
                0x0000085a                _ZN11DigiPortRaw5writeEh
 .text._ZN11DigiPortRaw2onEh
                0x00000880       0x3c C:\Users\Me\Desktop\Coolyeah\Beres\OoSe\Code_Battlefield\OOSE_LABOR_PROJECT\Runtime\libRuntime.a(DigiPort.o)
                0x00000880                _ZN11DigiPortRaw2onEh
 .text._ZN11DigiPortRaw3offEh
                0x000008bc       0x3c C:\Users\Me\Desktop\Coolyeah\Beres\OoSe\Code_Battlefield\OOSE_LABOR_PROJECT\Runtime\libRuntime.a(DigiPort.o)
                0x000008bc                _ZN11DigiPortRaw3offEh
 .text._ZN11DigiPortRaw6toggleEh
                0x000008f8       0x1e C:\Users\Me\Desktop\Coolyeah\Beres\OoSe\Code_Battlefield\OOSE_LABOR_PROJECT\Runtime\libRuntime.a(DigiPort.o)
                0x000008f8                _ZN11DigiPortRaw6toggleEh
 .text._ZN11DigiPortRaw8read_rawEh
                0x00000916       0x2e C:\Users\Me\Desktop\Coolyeah\Beres\OoSe\Code_Battlefield\OOSE_LABOR_PROJECT\Runtime\libRuntime.a(DigiPort.o)
                0x00000916                _ZN11DigiPortRaw8read_rawEh
 .text._ZN12DigiPortIRPT6notifyEv
                0x00000944       0x40 C:\Users\Me\Desktop\Coolyeah\Beres\OoSe\Code_Battlefield\OOSE_LABOR_PROJECT\Runtime\libRuntime.a(DigiPort.o)
                0x00000944                _ZN12DigiPortIRPT6notifyEv
 .text._ZN11DigiPortRaw13read_blockingEh
                0x00000984       0x4a C:\Users\Me\Desktop\Coolyeah\Beres\OoSe\Code_Battlefield\OOSE_LABOR_PROJECT\Runtime\libRuntime.a(DigiPort.o)
                0x00000984                _ZN11DigiPortRaw13read_blockingEh
 .text._ZN11DigiPortRawC2Ehhh
                0x000009ce       0x48 C:\Users\Me\Desktop\Coolyeah\Beres\OoSe\Code_Battlefield\OOSE_LABOR_PROJECT\Runtime\libRuntime.a(DigiPort.o)
                0x000009ce                _ZN11DigiPortRawC1Ehhh
                0x000009ce                _ZN11DigiPortRawC2Ehhh
 .text.__vector_9
                0x00000a16       0x66 C:\Users\Me\Desktop\Coolyeah\Beres\OoSe\Code_Battlefield\OOSE_LABOR_PROJECT\Runtime\libRuntime.a(DigiPort.o)
                0x00000a16                __vector_9
 .text.__vector_10
                0x00000a7c       0x66 C:\Users\Me\Desktop\Coolyeah\Beres\OoSe\Code_Battlefield\OOSE_LABOR_PROJECT\Runtime\libRuntime.a(DigiPort.o)
                0x00000a7c                __vector_10
 .text.__vector_11
                0x00000ae2       0x66 C:\Users\Me\Desktop\Coolyeah\Beres\OoSe\Code_Battlefield\OOSE_LABOR_PROJECT\Runtime\libRuntime.a(DigiPort.o)
                0x00000ae2                __vector_11
 .text._ZN12DigiPortIRPTC2EhhhPFvvE
                0x00000b48       0x94 C:\Users\Me\Desktop\Coolyeah\Beres\OoSe\Code_Battlefield\OOSE_LABOR_PROJECT\Runtime\libRuntime.a(DigiPort.o)
                0x00000b48                _ZN12DigiPortIRPTC1EhhhPFvvE
                0x00000b48                _ZN12DigiPortIRPTC2EhhhPFvvE
 .text._ZN3LCD10wait_readyEv
                0x00000bdc       0xd4 C:\Users\Me\Desktop\Coolyeah\Beres\OoSe\Code_Battlefield\OOSE_LABOR_PROJECT\Runtime\libRuntime.a(LCD.o)
                0x00000bdc                _ZN3LCD10wait_readyEv
 .text._ZN3LCD6enableEv
                0x00000cb0       0x44 C:\Users\Me\Desktop\Coolyeah\Beres\OoSe\Code_Battlefield\OOSE_LABOR_PROJECT\Runtime\libRuntime.a(LCD.o)
                0x00000cb0                _ZN3LCD6enableEv
 .text._ZN3LCD7commandEh
                0x00000cf4       0xb6 C:\Users\Me\Desktop\Coolyeah\Beres\OoSe\Code_Battlefield\OOSE_LABOR_PROJECT\Runtime\libRuntime.a(LCD.o)
                0x00000cf4                _ZN3LCD7commandEh
 .text._ZN3LCD7set_posEhh
                0x00000daa       0x58 C:\Users\Me\Desktop\Coolyeah\Beres\OoSe\Code_Battlefield\OOSE_LABOR_PROJECT\Runtime\libRuntime.a(LCD.o)
                0x00000daa                _ZN3LCD7set_posEhh
 .text._ZN3LCD14advance_cursorEv
                0x00000e02       0x3c C:\Users\Me\Desktop\Coolyeah\Beres\OoSe\Code_Battlefield\OOSE_LABOR_PROJECT\Runtime\libRuntime.a(LCD.o)
                0x00000e02                _ZN3LCD14advance_cursorEv
 .text._ZN3LCD4initEh
                0x00000e3e      0x134 C:\Users\Me\Desktop\Coolyeah\Beres\OoSe\Code_Battlefield\OOSE_LABOR_PROJECT\Runtime\libRuntime.a(LCD.o)
                0x00000e3e                _ZN3LCD4initEh
 .text._ZN3LCDC2Eh10LCD_Type_th
                0x00000f72       0x66 C:\Users\Me\Desktop\Coolyeah\Beres\OoSe\Code_Battlefield\OOSE_LABOR_PROJECT\Runtime\libRuntime.a(LCD.o)
                0x00000f72                _ZN3LCDC2Eh10LCD_Type_th
                0x00000f72                _ZN3LCDC1Eh10LCD_Type_th
 .text._ZN3LCD10write_charEc
                0x00000fd8       0x62 C:\Users\Me\Desktop\Coolyeah\Beres\OoSe\Code_Battlefield\OOSE_LABOR_PROJECT\Runtime\libRuntime.a(LCD.o)
                0x00000fd8                _ZN3LCD10write_charEc
 .text._ZN3LCD15write_SRAM_textEPKch
                0x0000103a       0x44 C:\Users\Me\Desktop\Coolyeah\Beres\OoSe\Code_Battlefield\OOSE_LABOR_PROJECT\Runtime\libRuntime.a(LCD.o)
                0x0000103a                _ZN3LCD15write_SRAM_textEPKch
 .text._ZN3LCD16write_FLASH_textEPKch
                0x0000107e       0x48 C:\Users\Me\Desktop\Coolyeah\Beres\OoSe\Code_Battlefield\OOSE_LABOR_PROJECT\Runtime\libRuntime.a(LCD.o)
                0x0000107e                _ZN3LCD16write_FLASH_textEPKch
 .text._ZN3LCD4itoaEPcihc
                0x000010c6       0xea C:\Users\Me\Desktop\Coolyeah\Beres\OoSe\Code_Battlefield\OOSE_LABOR_PROJECT\Runtime\libRuntime.a(LCD.o)
                0x000010c6                _ZN3LCD4itoaEPcihc
 .text._ZN3LCD12write_numberEihc
                0x000011b0       0x1a C:\Users\Me\Desktop\Coolyeah\Beres\OoSe\Code_Battlefield\OOSE_LABOR_PROJECT\Runtime\libRuntime.a(LCD.o)
                0x000011b0                _ZN3LCD12write_numberEihc
 .text._Z5yieldv
                0x000011ca       0x58 C:\Users\Me\Desktop\Coolyeah\Beres\OoSe\Code_Battlefield\OOSE_LABOR_PROJECT\Runtime\libRuntime.a(OSKernel.o)
                0x000011ca                _Z5yieldv
 .text._Z11sem_waitingv
                0x00001222       0x36 C:\Users\Me\Desktop\Coolyeah\Beres\OoSe\Code_Battlefield\OOSE_LABOR_PROJECT\Runtime\libRuntime.a(OSKernel.o)
                0x00001222                _Z11sem_waitingv
 .text.__vector_23
                0x00001258      0x202 C:\Users\Me\Desktop\Coolyeah\Beres\OoSe\Code_Battlefield\OOSE_LABOR_PROJECT\Runtime\libRuntime.a(OSKernel.o)
                0x00001258                __vector_23
 .text._GLOBAL__sub_I__Z11task_insertPFvvE8Priority
                0x0000145a        0xa C:\Users\Me\Desktop\Coolyeah\Beres\OoSe\Code_Battlefield\OOSE_LABOR_PROJECT\Runtime\libRuntime.a(OSKernel.o)
 .text._ZN11QuadEncoder2onEh
                0x00001464       0x14 C:\Users\Me\Desktop\Coolyeah\Beres\OoSe\Code_Battlefield\OOSE_LABOR_PROJECT\Runtime\libRuntime.a(QuadEncoder.o)
                0x00001464                _ZN11QuadEncoder2onEh
 .text._ZN11QuadEncoder3offEh
                0x00001478       0x12 C:\Users\Me\Desktop\Coolyeah\Beres\OoSe\Code_Battlefield\OOSE_LABOR_PROJECT\Runtime\libRuntime.a(QuadEncoder.o)
                0x00001478                _ZN11QuadEncoder3offEh
 .text._ZN11QuadEncoder6toggleEh
                0x0000148a       0x12 C:\Users\Me\Desktop\Coolyeah\Beres\OoSe\Code_Battlefield\OOSE_LABOR_PROJECT\Runtime\libRuntime.a(QuadEncoder.o)
                0x0000148a                _ZN11QuadEncoder6toggleEh
 .text._ZN11QuadEncoder6notifyEv
                0x0000149c       0xf2 C:\Users\Me\Desktop\Coolyeah\Beres\OoSe\Code_Battlefield\OOSE_LABOR_PROJECT\Runtime\libRuntime.a(QuadEncoder.o)
                0x0000149c                _ZN11QuadEncoder6notifyEv
 .text._ZN11QuadEncoderC2Eh
                0x0000158e       0x62 C:\Users\Me\Desktop\Coolyeah\Beres\OoSe\Code_Battlefield\OOSE_LABOR_PROJECT\Runtime\libRuntime.a(QuadEncoder.o)
                0x0000158e                _ZN11QuadEncoderC1Eh
                0x0000158e                _ZN11QuadEncoderC2Eh
 .text._ZN6Timer88notify_AEv
                0x000015f0       0x2c C:\Users\Me\Desktop\Coolyeah\Beres\OoSe\Code_Battlefield\OOSE_LABOR_PROJECT\Runtime\libRuntime.a(Timer.o)
                0x000015f0                _ZN6Timer88notify_AEv
 .text._ZN6Timer88notify_BEv
                0x0000161c       0x2c C:\Users\Me\Desktop\Coolyeah\Beres\OoSe\Code_Battlefield\OOSE_LABOR_PROJECT\Runtime\libRuntime.a(Timer.o)
                0x0000161c                _ZN6Timer88notify_BEv
 .text._ZN6Timer88notify_CEv
                0x00001648        0x2 C:\Users\Me\Desktop\Coolyeah\Beres\OoSe\Code_Battlefield\OOSE_LABOR_PROJECT\Runtime\libRuntime.a(Timer.o)
                0x00001648                _ZN6Timer88notify_CEv
 .text._ZN6Timer88notify_OEv
                0x0000164a       0x24 C:\Users\Me\Desktop\Coolyeah\Beres\OoSe\Code_Battlefield\OOSE_LABOR_PROJECT\Runtime\libRuntime.a(Timer.o)
                0x0000164a                _ZN6Timer88notify_OEv
 .text._ZN7OSTimer5resetEv
                0x0000166e       0x4c C:\Users\Me\Desktop\Coolyeah\Beres\OoSe\Code_Battlefield\OOSE_LABOR_PROJECT\Runtime\libRuntime.a(Timer.o)
                0x0000166e                _ZN7OSTimer5resetEv
 .text._ZN7Timer168notify_AEv
                0x000016ba       0x2c C:\Users\Me\Desktop\Coolyeah\Beres\OoSe\Code_Battlefield\OOSE_LABOR_PROJECT\Runtime\libRuntime.a(Timer.o)
                0x000016ba                _ZN7Timer168notify_AEv
 .text._ZN7Timer168notify_BEv
                0x000016e6       0x2c C:\Users\Me\Desktop\Coolyeah\Beres\OoSe\Code_Battlefield\OOSE_LABOR_PROJECT\Runtime\libRuntime.a(Timer.o)
                0x000016e6                _ZN7Timer168notify_BEv
 .text._ZN7Timer168notify_CEv
                0x00001712       0x2c C:\Users\Me\Desktop\Coolyeah\Beres\OoSe\Code_Battlefield\OOSE_LABOR_PROJECT\Runtime\libRuntime.a(Timer.o)
                0x00001712                _ZN7Timer168notify_CEv
 .text._ZN7Timer168notify_OEv
                0x0000173e       0x24 C:\Users\Me\Desktop\Coolyeah\Beres\OoSe\Code_Battlefield\OOSE_LABOR_PROJECT\Runtime\libRuntime.a(Timer.o)
                0x0000173e                _ZN7Timer168notify_OEv
 .text.__cxa_pure_virtual
                0x00001762        0x2 C:\Users\Me\Desktop\Coolyeah\Beres\OoSe\Code_Battlefield\OOSE_LABOR_PROJECT\Runtime\libRuntime.a(Timer.o)
                0x00001762                __cxa_pure_virtual
 .text.__vector_21
                0x00001764       0x66 C:\Users\Me\Desktop\Coolyeah\Beres\OoSe\Code_Battlefield\OOSE_LABOR_PROJECT\Runtime\libRuntime.a(Timer.o)
                0x00001764                __vector_21
 .text.__vector_22
                0x000017ca       0x66 C:\Users\Me\Desktop\Coolyeah\Beres\OoSe\Code_Battlefield\OOSE_LABOR_PROJECT\Runtime\libRuntime.a(Timer.o)
                0x000017ca                __vector_22
 .text.__vector_13
                0x00001830       0x66 C:\Users\Me\Desktop\Coolyeah\Beres\OoSe\Code_Battlefield\OOSE_LABOR_PROJECT\Runtime\libRuntime.a(Timer.o)
                0x00001830                __vector_13
 .text.__vector_14
                0x00001896       0x66 C:\Users\Me\Desktop\Coolyeah\Beres\OoSe\Code_Battlefield\OOSE_LABOR_PROJECT\Runtime\libRuntime.a(Timer.o)
                0x00001896                __vector_14
 .text.__vector_17
                0x000018fc       0x66 C:\Users\Me\Desktop\Coolyeah\Beres\OoSe\Code_Battlefield\OOSE_LABOR_PROJECT\Runtime\libRuntime.a(Timer.o)
                0x000018fc                __vector_17
 .text.__vector_18
                0x00001962       0x66 C:\Users\Me\Desktop\Coolyeah\Beres\OoSe\Code_Battlefield\OOSE_LABOR_PROJECT\Runtime\libRuntime.a(Timer.o)
                0x00001962                __vector_18
 .text.__vector_19
                0x000019c8       0x66 C:\Users\Me\Desktop\Coolyeah\Beres\OoSe\Code_Battlefield\OOSE_LABOR_PROJECT\Runtime\libRuntime.a(Timer.o)
                0x000019c8                __vector_19
 .text.__vector_20
                0x00001a2e       0x66 C:\Users\Me\Desktop\Coolyeah\Beres\OoSe\Code_Battlefield\OOSE_LABOR_PROJECT\Runtime\libRuntime.a(Timer.o)
                0x00001a2e                __vector_20
 .text.__vector_32
                0x00001a94       0x66 C:\Users\Me\Desktop\Coolyeah\Beres\OoSe\Code_Battlefield\OOSE_LABOR_PROJECT\Runtime\libRuntime.a(Timer.o)
                0x00001a94                __vector_32
 .text.__vector_33
                0x00001afa       0x66 C:\Users\Me\Desktop\Coolyeah\Beres\OoSe\Code_Battlefield\OOSE_LABOR_PROJECT\Runtime\libRuntime.a(Timer.o)
                0x00001afa                __vector_33
 .text.__vector_34
                0x00001b60       0x66 C:\Users\Me\Desktop\Coolyeah\Beres\OoSe\Code_Battlefield\OOSE_LABOR_PROJECT\Runtime\libRuntime.a(Timer.o)
                0x00001b60                __vector_34
 .text.__vector_35
                0x00001bc6       0x66 C:\Users\Me\Desktop\Coolyeah\Beres\OoSe\Code_Battlefield\OOSE_LABOR_PROJECT\Runtime\libRuntime.a(Timer.o)
                0x00001bc6                __vector_35
 .text.__vector_42
                0x00001c2c       0x66 C:\Users\Me\Desktop\Coolyeah\Beres\OoSe\Code_Battlefield\OOSE_LABOR_PROJECT\Runtime\libRuntime.a(Timer.o)
                0x00001c2c                __vector_42
 .text.__vector_43
                0x00001c92       0x66 C:\Users\Me\Desktop\Coolyeah\Beres\OoSe\Code_Battlefield\OOSE_LABOR_PROJECT\Runtime\libRuntime.a(Timer.o)
                0x00001c92                __vector_43
 .text.__vector_44
                0x00001cf8       0x66 C:\Users\Me\Desktop\Coolyeah\Beres\OoSe\Code_Battlefield\OOSE_LABOR_PROJECT\Runtime\libRuntime.a(Timer.o)
                0x00001cf8                __vector_44
 .text.__vector_45
                0x00001d5e       0x66 C:\Users\Me\Desktop\Coolyeah\Beres\OoSe\Code_Battlefield\OOSE_LABOR_PROJECT\Runtime\libRuntime.a(Timer.o)
                0x00001d5e                __vector_45
 .text.__vector_47
                0x00001dc4       0x66 C:\Users\Me\Desktop\Coolyeah\Beres\OoSe\Code_Battlefield\OOSE_LABOR_PROJECT\Runtime\libRuntime.a(Timer.o)
                0x00001dc4                __vector_47
 .text.__vector_48
                0x00001e2a       0x66 C:\Users\Me\Desktop\Coolyeah\Beres\OoSe\Code_Battlefield\OOSE_LABOR_PROJECT\Runtime\libRuntime.a(Timer.o)
                0x00001e2a                __vector_48
 .text.__vector_49
                0x00001e90       0x66 C:\Users\Me\Desktop\Coolyeah\Beres\OoSe\Code_Battlefield\OOSE_LABOR_PROJECT\Runtime\libRuntime.a(Timer.o)
                0x00001e90                __vector_49
 .text.__vector_50
                0x00001ef6       0x66 C:\Users\Me\Desktop\Coolyeah\Beres\OoSe\Code_Battlefield\OOSE_LABOR_PROJECT\Runtime\libRuntime.a(Timer.o)
                0x00001ef6                __vector_50
 .text._ZN7Timer16C2EhPFvvES1_S1_S1_
                0x00001f5c      0x1ba C:\Users\Me\Desktop\Coolyeah\Beres\OoSe\Code_Battlefield\OOSE_LABOR_PROJECT\Runtime\libRuntime.a(Timer.o)
                0x00001f5c                _ZN7Timer16C2EhPFvvES1_S1_S1_
                0x00001f5c                _ZN7Timer16C1EhPFvvES1_S1_S1_
 .text._ZN7Timer168start_msEjjjjh
                0x00002116      0x164 C:\Users\Me\Desktop\Coolyeah\Beres\OoSe\Code_Battlefield\OOSE_LABOR_PROJECT\Runtime\libRuntime.a(Timer.o)
                0x00002116                _ZN7Timer168start_msEjjjjh
 .text._ZN6Timer8C2EhPFvvES1_S1_
                0x0000227a       0xec C:\Users\Me\Desktop\Coolyeah\Beres\OoSe\Code_Battlefield\OOSE_LABOR_PROJECT\Runtime\libRuntime.a(Timer.o)
                0x0000227a                _ZN6Timer8C1EhPFvvES1_S1_
                0x0000227a                _ZN6Timer8C2EhPFvvES1_S1_
 .text._ZN7OSTimerC2Eh
                0x00002366       0x48 C:\Users\Me\Desktop\Coolyeah\Beres\OoSe\Code_Battlefield\OOSE_LABOR_PROJECT\Runtime\libRuntime.a(Timer.o)
                0x00002366                _ZN7OSTimerC2Eh
                0x00002366                _ZN7OSTimerC1Eh
 .text._ZN7OSTimer13force_timeoutEv
                0x000023ae       0x58 C:\Users\Me\Desktop\Coolyeah\Beres\OoSe\Code_Battlefield\OOSE_LABOR_PROJECT\Runtime\libRuntime.a(Timer.o)
                0x000023ae                _ZN7OSTimer13force_timeoutEv
 .text._ZN5Timer4stopEv
                0x00002406       0x18 C:\Users\Me\Desktop\Coolyeah\Beres\OoSe\Code_Battlefield\OOSE_LABOR_PROJECT\Runtime\libRuntime.a(Timer.o)
                0x00002406                _ZN5Timer4stopEv
 .text._ZN7Timer165resetEv
                0x0000241e       0x7c C:\Users\Me\Desktop\Coolyeah\Beres\OoSe\Code_Battlefield\OOSE_LABOR_PROJECT\Runtime\libRuntime.a(Timer.o)
                0x0000241e                _ZN7Timer165resetEv
 .text._ZN6Timer85resetEv
                0x0000249a       0x36 C:\Users\Me\Desktop\Coolyeah\Beres\OoSe\Code_Battlefield\OOSE_LABOR_PROJECT\Runtime\libRuntime.a(Timer.o)
                0x0000249a                _ZN6Timer85resetEv
 .text._Z22port_handle_to_addressh
                0x000024d0       0x48 C:\Users\Me\Desktop\Coolyeah\Beres\OoSe\Code_Battlefield\OOSE_LABOR_PROJECT\Runtime\libRuntime.a(Basics.o)
                0x000024d0                _Z22port_handle_to_addressh
 .text._Z20tc_handle_to_addressh
                0x00002518       0x4a C:\Users\Me\Desktop\Coolyeah\Beres\OoSe\Code_Battlefield\OOSE_LABOR_PROJECT\Runtime\libRuntime.a(Basics.o)
                0x00002518                _Z20tc_handle_to_addressh
 .text.libgcc.div
                0x00002562       0x28 c:/program files (x86)/atmel/studio/7.0/toolchain/avr8/avr8-gnu-toolchain/bin/../lib/gcc/avr/5.4.0/avr6\libgcc.a(_udivmodhi4.o)
                0x00002562                __udivmodhi4
 .text.libgcc.div
                0x0000258a       0x26 c:/program files (x86)/atmel/studio/7.0/toolchain/avr8/avr8-gnu-toolchain/bin/../lib/gcc/avr/5.4.0/avr6\libgcc.a(_divmodhi4.o)
                0x0000258a                _div
                0x0000258a                __divmodhi4
 .text.libgcc.mul
                0x000025b0       0x1e c:/program files (x86)/atmel/studio/7.0/toolchain/avr8/avr8-gnu-toolchain/bin/../lib/gcc/avr/5.4.0/avr6\libgcc.a(_umulhisi3.o)
                0x000025b0                __umulhisi3
 .text.libgcc   0x000025ce       0x10 c:/program files (x86)/atmel/studio/7.0/toolchain/avr8/avr8-gnu-toolchain/bin/../lib/gcc/avr/5.4.0/avr6\libgcc.a(_tablejump2.o)
                0x000025ce                __tablejump2__
                0x000025de                . = ALIGN (0x2)
 *(.fini9)
 .fini9         0x000025de        0x0 c:/program files (x86)/atmel/studio/7.0/toolchain/avr8/avr8-gnu-toolchain/bin/../lib/gcc/avr/5.4.0/avr6\libgcc.a(_exit.o)
                0x000025de                _exit
                0x000025de                exit
 *(.fini9)
 *(.fini8)
 *(.fini8)
 *(.fini7)
 *(.fini7)
 *(.fini6)
 *(.fini6)
 *(.fini5)
 *(.fini5)
 *(.fini4)
 *(.fini4)
 *(.fini3)
 *(.fini3)
 *(.fini2)
 *(.fini2)
 *(.fini1)
 *(.fini1)
 *(.fini0)
 .fini0         0x000025de        0x4 c:/program files (x86)/atmel/studio/7.0/toolchain/avr8/avr8-gnu-toolchain/bin/../lib/gcc/avr/5.4.0/avr6\libgcc.a(_exit.o)
 *(.fini0)
                0x000025e2                _etext = .

.data           0x00800200       0xe4 load address 0x000025e2
                0x00800200                PROVIDE (__data_start, .)
 *(.data)
 *(.data*)
 .data._ZL16sem_waiting_list
                0x00800200        0x8 C:\Users\Me\Desktop\Coolyeah\Beres\OoSe\Code_Battlefield\OOSE_LABOR_PROJECT\Runtime\libRuntime.a(OSKernel.o)
 .data._ZL14active_task_id
                0x00800208        0x1 C:\Users\Me\Desktop\Coolyeah\Beres\OoSe\Code_Battlefield\OOSE_LABOR_PROJECT\Runtime\libRuntime.a(OSKernel.o)
 .data._ZN11QuadEncoder15sub_state_tableE
                0x00800209       0x10 C:\Users\Me\Desktop\Coolyeah\Beres\OoSe\Code_Battlefield\OOSE_LABOR_PROJECT\Runtime\libRuntime.a(QuadEncoder.o)
                0x00800209                _ZN11QuadEncoder15sub_state_tableE
 *(.gnu.linkonce.d*)
 *(.rodata)
 *(.rodata*)
 .rodata._ZN11ADConverter4modeE
                0x00800219        0x1 C:\Users\Me\Desktop\Coolyeah\Beres\OoSe\Code_Battlefield\OOSE_LABOR_PROJECT\Runtime\libRuntime.a(ADConverter.o)
                0x00800219                _ZN11ADConverter4modeE
 .rodata._ZTV12DigiPortIRPT
                0x0080021a       0x12 C:\Users\Me\Desktop\Coolyeah\Beres\OoSe\Code_Battlefield\OOSE_LABOR_PROJECT\Runtime\libRuntime.a(DigiPort.o)
                0x0080021a                _ZTV12DigiPortIRPT
 .rodata._ZTV11DigiPortRaw
                0x0080022c       0x10 C:\Users\Me\Desktop\Coolyeah\Beres\OoSe\Code_Battlefield\OOSE_LABOR_PROJECT\Runtime\libRuntime.a(DigiPort.o)
                0x0080022c                _ZTV11DigiPortRaw
 .rodata.lcdTypes
                0x0080023c       0x3c C:\Users\Me\Desktop\Coolyeah\Beres\OoSe\Code_Battlefield\OOSE_LABOR_PROJECT\Runtime\libRuntime.a(LCD.o)
                0x0080023c                lcdTypes
 .rodata._ZTV11QuadEncoder
                0x00800278       0x12 C:\Users\Me\Desktop\Coolyeah\Beres\OoSe\Code_Battlefield\OOSE_LABOR_PROJECT\Runtime\libRuntime.a(QuadEncoder.o)
                0x00800278                _ZTV11QuadEncoder
 .rodata._ZTV5Timer
                0x0080028a        0xe C:\Users\Me\Desktop\Coolyeah\Beres\OoSe\Code_Battlefield\OOSE_LABOR_PROJECT\Runtime\libRuntime.a(Timer.o)
                0x0080028a                _ZTV5Timer
 .rodata._ZTV6Timer8
                0x00800298        0xe C:\Users\Me\Desktop\Coolyeah\Beres\OoSe\Code_Battlefield\OOSE_LABOR_PROJECT\Runtime\libRuntime.a(Timer.o)
                0x00800298                _ZTV6Timer8
 .rodata._ZTV7OSTimer
                0x008002a6        0xe C:\Users\Me\Desktop\Coolyeah\Beres\OoSe\Code_Battlefield\OOSE_LABOR_PROJECT\Runtime\libRuntime.a(Timer.o)
                0x008002a6                _ZTV7OSTimer
 .rodata._ZTV7Timer16
                0x008002b4        0xe C:\Users\Me\Desktop\Coolyeah\Beres\OoSe\Code_Battlefield\OOSE_LABOR_PROJECT\Runtime\libRuntime.a(Timer.o)
                0x008002b4                _ZTV7Timer16
 .rodata.tc_vect
                0x008002c2        0xc C:\Users\Me\Desktop\Coolyeah\Beres\OoSe\Code_Battlefield\OOSE_LABOR_PROJECT\Runtime\libRuntime.a(Basics.o)
                0x008002c2                tc_vect
 .rodata.port_vect
                0x008002ce       0x16 C:\Users\Me\Desktop\Coolyeah\Beres\OoSe\Code_Battlefield\OOSE_LABOR_PROJECT\Runtime\libRuntime.a(Basics.o)
                0x008002ce                port_vect
 *(.gnu.linkonce.r*)
                0x008002e4                . = ALIGN (0x2)
                0x008002e4                _edata = .
                0x008002e4                PROVIDE (__data_end, .)

.bss            0x008002e4     0x1a0a
                0x008002e4                PROVIDE (__bss_start, .)
 *(.bss)
 *(.bss*)
 .bss._ZL10theSensors
                0x008002e4        0xa main.o
 .bss._ZL8theClock
                0x008002ee        0xa main.o
 .bss._ZL6ticker
                0x008002f8       0x12 main.o
 .bss._ZL14theADConverter
                0x0080030a        0xa main.o
 .bss._ZL7display
                0x00800314        0xa main.o
 .bss._ZL5quenc
                0x0080031e       0x18 main.o
 .bss._ZL4leds  0x00800336        0x6 main.o
 .bss._ZL4keys  0x0080033c        0x6 main.o
 .bss.key_in    0x00800342        0x1 main.o
                0x00800342                key_in
 .bss.do_update
                0x00800343        0x1 main.o
                0x00800343                do_update
 .bss._ZZN11ADConverter7adc_isrEvE4next
                0x00800344        0x1 C:\Users\Me\Desktop\Coolyeah\Beres\OoSe\Code_Battlefield\OOSE_LABOR_PROJECT\Runtime\libRuntime.a(ADConverter.o)
 .bss._ZN11ADConverter10adc_objectE
                0x00800345       0x20 C:\Users\Me\Desktop\Coolyeah\Beres\OoSe\Code_Battlefield\OOSE_LABOR_PROJECT\Runtime\libRuntime.a(ADConverter.o)
                0x00800345                _ZN11ADConverter10adc_objectE
 .bss._ZN11ADConverter8inst_cntE
                0x00800365        0x1 C:\Users\Me\Desktop\Coolyeah\Beres\OoSe\Code_Battlefield\OOSE_LABOR_PROJECT\Runtime\libRuntime.a(ADConverter.o)
                0x00800365                _ZN11ADConverter8inst_cntE
 .bss.dp_obj    0x00800366        0x6 C:\Users\Me\Desktop\Coolyeah\Beres\OoSe\Code_Battlefield\OOSE_LABOR_PROJECT\Runtime\libRuntime.a(DigiPort.o)
                0x00800366                dp_obj
 .bss._ZZN3LCD4itoaEPcihcE3num
                0x0080036c        0x7 C:\Users\Me\Desktop\Coolyeah\Beres\OoSe\Code_Battlefield\OOSE_LABOR_PROJECT\Runtime\libRuntime.a(LCD.o)
 .bss._ZL18sem_waiting_oldest
                0x00800373        0x1 C:\Users\Me\Desktop\Coolyeah\Beres\OoSe\Code_Battlefield\OOSE_LABOR_PROJECT\Runtime\libRuntime.a(OSKernel.o)
 .bss._ZL17sem_waiting_count
                0x00800374        0x1 C:\Users\Me\Desktop\Coolyeah\Beres\OoSe\Code_Battlefield\OOSE_LABOR_PROJECT\Runtime\libRuntime.a(OSKernel.o)
 .bss._ZL10sched_type
                0x00800375        0x1 C:\Users\Me\Desktop\Coolyeah\Beres\OoSe\Code_Battlefield\OOSE_LABOR_PROJECT\Runtime\libRuntime.a(OSKernel.o)
 .bss._ZL8OS_timer
                0x00800376       0x11 C:\Users\Me\Desktop\Coolyeah\Beres\OoSe\Code_Battlefield\OOSE_LABOR_PROJECT\Runtime\libRuntime.a(OSKernel.o)
 .bss._ZL7taskset
                0x00800387     0x1958 C:\Users\Me\Desktop\Coolyeah\Beres\OoSe\Code_Battlefield\OOSE_LABOR_PROJECT\Runtime\libRuntime.a(OSKernel.o)
 .bss.timer_obj
                0x00801cdf        0xc C:\Users\Me\Desktop\Coolyeah\Beres\OoSe\Code_Battlefield\OOSE_LABOR_PROJECT\Runtime\libRuntime.a(Timer.o)
                0x00801cdf                timer_obj
 .bss._ZL8tc_usage
                0x00801ceb        0x1 C:\Users\Me\Desktop\Coolyeah\Beres\OoSe\Code_Battlefield\OOSE_LABOR_PROJECT\Runtime\libRuntime.a(Basics.o)
 .bss._ZL10port_usage
                0x00801cec        0x2 C:\Users\Me\Desktop\Coolyeah\Beres\OoSe\Code_Battlefield\OOSE_LABOR_PROJECT\Runtime\libRuntime.a(Basics.o)
 *(COMMON)
                0x00801cee                PROVIDE (__bss_end, .)
                0x000025e2                __data_load_start = LOADADDR (.data)
                0x000026c6                __data_load_end = (__data_load_start + SIZEOF (.data))

.noinit         0x00801cee        0x0
                [!provide]                PROVIDE (__noinit_start, .)
 *(.noinit*)
                [!provide]                PROVIDE (__noinit_end, .)
                0x00801cee                _end = .
                [!provide]                PROVIDE (__heap_start, .)

.eeprom         0x00810000        0x0
 *(.eeprom*)
                0x00810000                __eeprom_end = .

.fuse
 *(.fuse)
 *(.lfuse)
 *(.hfuse)
 *(.efuse)

.lock
 *(.lock*)

.signature
 *(.signature*)

.user_signatures
 *(.user_signatures*)

.stab
 *(.stab)

.stabstr
 *(.stabstr)

.stab.excl
 *(.stab.excl)

.stab.exclstr
 *(.stab.exclstr)

.stab.index
 *(.stab.index)

.stab.indexstr
 *(.stab.indexstr)

.comment        0x00000000       0x30
 *(.comment)
 .comment       0x00000000       0x30 main.o
                                 0x31 (size before relaxing)
 .comment       0x00000030       0x31 C:\Users\Me\Desktop\Coolyeah\Beres\OoSe\Code_Battlefield\OOSE_LABOR_PROJECT\Runtime\libRuntime.a(ADConverter.o)
 .comment       0x00000030       0x31 C:\Users\Me\Desktop\Coolyeah\Beres\OoSe\Code_Battlefield\OOSE_LABOR_PROJECT\Runtime\libRuntime.a(DigiPort.o)
 .comment       0x00000030       0x31 C:\Users\Me\Desktop\Coolyeah\Beres\OoSe\Code_Battlefield\OOSE_LABOR_PROJECT\Runtime\libRuntime.a(LCD.o)
 .comment       0x00000030       0x31 C:\Users\Me\Desktop\Coolyeah\Beres\OoSe\Code_Battlefield\OOSE_LABOR_PROJECT\Runtime\libRuntime.a(OSKernel.o)
 .comment       0x00000030       0x31 C:\Users\Me\Desktop\Coolyeah\Beres\OoSe\Code_Battlefield\OOSE_LABOR_PROJECT\Runtime\libRuntime.a(QuadEncoder.o)
 .comment       0x00000030       0x31 C:\Users\Me\Desktop\Coolyeah\Beres\OoSe\Code_Battlefield\OOSE_LABOR_PROJECT\Runtime\libRuntime.a(Timer.o)
 .comment       0x00000030       0x31 C:\Users\Me\Desktop\Coolyeah\Beres\OoSe\Code_Battlefield\OOSE_LABOR_PROJECT\Runtime\libRuntime.a(Basics.o)

.note.gnu.avr.deviceinfo
                0x00000000       0x40
 .note.gnu.avr.deviceinfo
                0x00000000       0x40 C:/Program Files (x86)/Atmel/Studio/7.0/Packs/atmel/ATmega_DFP/1.6.364/gcc/dev/atmega2560/avr6/crtatmega2560.o

.note.gnu.build-id
 *(.note.gnu.build-id)

.debug
 *(.debug)

.line
 *(.line)

.debug_srcinfo
 *(.debug_srcinfo)

.debug_sfnames
 *(.debug_sfnames)

.debug_aranges  0x00000000      0x478
 *(.debug_aranges)
 .debug_aranges
                0x00000000       0x48 main.o
 .debug_aranges
                0x00000048       0x30 C:\Users\Me\Desktop\Coolyeah\Beres\OoSe\Code_Battlefield\OOSE_LABOR_PROJECT\Runtime\libRuntime.a(ADConverter.o)
 .debug_aranges
                0x00000078       0x88 C:\Users\Me\Desktop\Coolyeah\Beres\OoSe\Code_Battlefield\OOSE_LABOR_PROJECT\Runtime\libRuntime.a(DigiPort.o)
 .debug_aranges
                0x00000100       0xe0 C:\Users\Me\Desktop\Coolyeah\Beres\OoSe\Code_Battlefield\OOSE_LABOR_PROJECT\Runtime\libRuntime.a(LCD.o)
 .debug_aranges
                0x000001e0       0x98 C:\Users\Me\Desktop\Coolyeah\Beres\OoSe\Code_Battlefield\OOSE_LABOR_PROJECT\Runtime\libRuntime.a(OSKernel.o)
 .debug_aranges
                0x00000278       0x60 C:\Users\Me\Desktop\Coolyeah\Beres\OoSe\Code_Battlefield\OOSE_LABOR_PROJECT\Runtime\libRuntime.a(QuadEncoder.o)
 .debug_aranges
                0x000002d8      0x170 C:\Users\Me\Desktop\Coolyeah\Beres\OoSe\Code_Battlefield\OOSE_LABOR_PROJECT\Runtime\libRuntime.a(Timer.o)
 .debug_aranges
                0x00000448       0x30 C:\Users\Me\Desktop\Coolyeah\Beres\OoSe\Code_Battlefield\OOSE_LABOR_PROJECT\Runtime\libRuntime.a(Basics.o)

.debug_pubnames
 *(.debug_pubnames)

.debug_info     0x00000000     0x7a59
 *(.debug_info .gnu.linkonce.wi.*)
 .debug_info    0x00000000      0xbbc C:/Program Files (x86)/Atmel/Studio/7.0/Packs/atmel/ATmega_DFP/1.6.364/gcc/dev/atmega2560/avr6/crtatmega2560.o
 .debug_info    0x00000bbc     0x16a4 main.o
 .debug_info    0x00002260      0x37b C:\Users\Me\Desktop\Coolyeah\Beres\OoSe\Code_Battlefield\OOSE_LABOR_PROJECT\Runtime\libRuntime.a(ADConverter.o)
 .debug_info    0x000025db      0xb41 C:\Users\Me\Desktop\Coolyeah\Beres\OoSe\Code_Battlefield\OOSE_LABOR_PROJECT\Runtime\libRuntime.a(DigiPort.o)
 .debug_info    0x0000311c     0x1c76 C:\Users\Me\Desktop\Coolyeah\Beres\OoSe\Code_Battlefield\OOSE_LABOR_PROJECT\Runtime\libRuntime.a(LCD.o)
 .debug_info    0x00004d92      0xb92 C:\Users\Me\Desktop\Coolyeah\Beres\OoSe\Code_Battlefield\OOSE_LABOR_PROJECT\Runtime\libRuntime.a(OSKernel.o)
 .debug_info    0x00005924      0xaab C:\Users\Me\Desktop\Coolyeah\Beres\OoSe\Code_Battlefield\OOSE_LABOR_PROJECT\Runtime\libRuntime.a(QuadEncoder.o)
 .debug_info    0x000063cf     0x14d3 C:\Users\Me\Desktop\Coolyeah\Beres\OoSe\Code_Battlefield\OOSE_LABOR_PROJECT\Runtime\libRuntime.a(Timer.o)
 .debug_info    0x000078a2      0x1b7 C:\Users\Me\Desktop\Coolyeah\Beres\OoSe\Code_Battlefield\OOSE_LABOR_PROJECT\Runtime\libRuntime.a(Basics.o)

.debug_abbrev   0x00000000     0x2861
 *(.debug_abbrev)
 .debug_abbrev  0x00000000      0xb1a C:/Program Files (x86)/Atmel/Studio/7.0/Packs/atmel/ATmega_DFP/1.6.364/gcc/dev/atmega2560/avr6/crtatmega2560.o
 .debug_abbrev  0x00000b1a      0x49a main.o
 .debug_abbrev  0x00000fb4      0x210 C:\Users\Me\Desktop\Coolyeah\Beres\OoSe\Code_Battlefield\OOSE_LABOR_PROJECT\Runtime\libRuntime.a(ADConverter.o)
 .debug_abbrev  0x000011c4      0x418 C:\Users\Me\Desktop\Coolyeah\Beres\OoSe\Code_Battlefield\OOSE_LABOR_PROJECT\Runtime\libRuntime.a(DigiPort.o)
 .debug_abbrev  0x000015dc      0x4d4 C:\Users\Me\Desktop\Coolyeah\Beres\OoSe\Code_Battlefield\OOSE_LABOR_PROJECT\Runtime\libRuntime.a(LCD.o)
 .debug_abbrev  0x00001ab0      0x4cf C:\Users\Me\Desktop\Coolyeah\Beres\OoSe\Code_Battlefield\OOSE_LABOR_PROJECT\Runtime\libRuntime.a(OSKernel.o)
 .debug_abbrev  0x00001f7f      0x3a1 C:\Users\Me\Desktop\Coolyeah\Beres\OoSe\Code_Battlefield\OOSE_LABOR_PROJECT\Runtime\libRuntime.a(QuadEncoder.o)
 .debug_abbrev  0x00002320      0x43d C:\Users\Me\Desktop\Coolyeah\Beres\OoSe\Code_Battlefield\OOSE_LABOR_PROJECT\Runtime\libRuntime.a(Timer.o)
 .debug_abbrev  0x0000275d      0x104 C:\Users\Me\Desktop\Coolyeah\Beres\OoSe\Code_Battlefield\OOSE_LABOR_PROJECT\Runtime\libRuntime.a(Basics.o)

.debug_line     0x00000000     0x3527
 *(.debug_line .debug_line.* .debug_line_end)
 .debug_line    0x00000000      0x1fa C:/Program Files (x86)/Atmel/Studio/7.0/Packs/atmel/ATmega_DFP/1.6.364/gcc/dev/atmega2560/avr6/crtatmega2560.o
 .debug_line    0x000001fa      0x48a main.o
 .debug_line    0x00000684      0x234 C:\Users\Me\Desktop\Coolyeah\Beres\OoSe\Code_Battlefield\OOSE_LABOR_PROJECT\Runtime\libRuntime.a(ADConverter.o)
 .debug_line    0x000008b8      0x514 C:\Users\Me\Desktop\Coolyeah\Beres\OoSe\Code_Battlefield\OOSE_LABOR_PROJECT\Runtime\libRuntime.a(DigiPort.o)
 .debug_line    0x00000dcc      0xbbb C:\Users\Me\Desktop\Coolyeah\Beres\OoSe\Code_Battlefield\OOSE_LABOR_PROJECT\Runtime\libRuntime.a(LCD.o)
 .debug_line    0x00001987      0x7b7 C:\Users\Me\Desktop\Coolyeah\Beres\OoSe\Code_Battlefield\OOSE_LABOR_PROJECT\Runtime\libRuntime.a(OSKernel.o)
 .debug_line    0x0000213e      0x42a C:\Users\Me\Desktop\Coolyeah\Beres\OoSe\Code_Battlefield\OOSE_LABOR_PROJECT\Runtime\libRuntime.a(QuadEncoder.o)
 .debug_line    0x00002568      0xe39 C:\Users\Me\Desktop\Coolyeah\Beres\OoSe\Code_Battlefield\OOSE_LABOR_PROJECT\Runtime\libRuntime.a(Timer.o)
 .debug_line    0x000033a1      0x186 C:\Users\Me\Desktop\Coolyeah\Beres\OoSe\Code_Battlefield\OOSE_LABOR_PROJECT\Runtime\libRuntime.a(Basics.o)

.debug_frame    0x00000000     0x129c
 *(.debug_frame)
 .debug_frame   0x00000000       0x88 main.o
 .debug_frame   0x00000088       0x98 C:\Users\Me\Desktop\Coolyeah\Beres\OoSe\Code_Battlefield\OOSE_LABOR_PROJECT\Runtime\libRuntime.a(ADConverter.o)
 .debug_frame   0x00000120      0x234 C:\Users\Me\Desktop\Coolyeah\Beres\OoSe\Code_Battlefield\OOSE_LABOR_PROJECT\Runtime\libRuntime.a(DigiPort.o)
 .debug_frame   0x00000354      0x374 C:\Users\Me\Desktop\Coolyeah\Beres\OoSe\Code_Battlefield\OOSE_LABOR_PROJECT\Runtime\libRuntime.a(LCD.o)
 .debug_frame   0x000006c8      0x114 C:\Users\Me\Desktop\Coolyeah\Beres\OoSe\Code_Battlefield\OOSE_LABOR_PROJECT\Runtime\libRuntime.a(OSKernel.o)
 .debug_frame   0x000007dc       0xe0 C:\Users\Me\Desktop\Coolyeah\Beres\OoSe\Code_Battlefield\OOSE_LABOR_PROJECT\Runtime\libRuntime.a(QuadEncoder.o)
 .debug_frame   0x000008bc      0x99c C:\Users\Me\Desktop\Coolyeah\Beres\OoSe\Code_Battlefield\OOSE_LABOR_PROJECT\Runtime\libRuntime.a(Timer.o)
 .debug_frame   0x00001258       0x44 C:\Users\Me\Desktop\Coolyeah\Beres\OoSe\Code_Battlefield\OOSE_LABOR_PROJECT\Runtime\libRuntime.a(Basics.o)

.debug_str      0x00000000     0x241c
 *(.debug_str)
 .debug_str     0x00000000      0x3e6 C:/Program Files (x86)/Atmel/Studio/7.0/Packs/atmel/ATmega_DFP/1.6.364/gcc/dev/atmega2560/avr6/crtatmega2560.o
 .debug_str     0x000003e6      0xc99 main.o
                                0xd60 (size before relaxing)
 .debug_str     0x0000107f      0x1e7 C:\Users\Me\Desktop\Coolyeah\Beres\OoSe\Code_Battlefield\OOSE_LABOR_PROJECT\Runtime\libRuntime.a(ADConverter.o)
                                0x3de (size before relaxing)
 .debug_str     0x00001266      0x39d C:\Users\Me\Desktop\Coolyeah\Beres\OoSe\Code_Battlefield\OOSE_LABOR_PROJECT\Runtime\libRuntime.a(DigiPort.o)
                                0x673 (size before relaxing)
 .debug_str     0x00001603      0x232 C:\Users\Me\Desktop\Coolyeah\Beres\OoSe\Code_Battlefield\OOSE_LABOR_PROJECT\Runtime\libRuntime.a(LCD.o)
                                0x886 (size before relaxing)
 .debug_str     0x00001835      0x3fb C:\Users\Me\Desktop\Coolyeah\Beres\OoSe\Code_Battlefield\OOSE_LABOR_PROJECT\Runtime\libRuntime.a(OSKernel.o)
                                0x740 (size before relaxing)
 .debug_str     0x00001c30      0x337 C:\Users\Me\Desktop\Coolyeah\Beres\OoSe\Code_Battlefield\OOSE_LABOR_PROJECT\Runtime\libRuntime.a(QuadEncoder.o)
                                0x7c5 (size before relaxing)
 .debug_str     0x00001f67      0x487 C:\Users\Me\Desktop\Coolyeah\Beres\OoSe\Code_Battlefield\OOSE_LABOR_PROJECT\Runtime\libRuntime.a(Timer.o)
                                0x8fe (size before relaxing)
 .debug_str     0x000023ee       0x2e C:\Users\Me\Desktop\Coolyeah\Beres\OoSe\Code_Battlefield\OOSE_LABOR_PROJECT\Runtime\libRuntime.a(Basics.o)
                                0x288 (size before relaxing)

.debug_loc      0x00000000     0x527a
 *(.debug_loc)
 .debug_loc     0x00000000      0x202 main.o
 .debug_loc     0x00000202      0x1e1 C:\Users\Me\Desktop\Coolyeah\Beres\OoSe\Code_Battlefield\OOSE_LABOR_PROJECT\Runtime\libRuntime.a(ADConverter.o)
 .debug_loc     0x000003e3      0xa3c C:\Users\Me\Desktop\Coolyeah\Beres\OoSe\Code_Battlefield\OOSE_LABOR_PROJECT\Runtime\libRuntime.a(DigiPort.o)
 .debug_loc     0x00000e1f     0x1a7a C:\Users\Me\Desktop\Coolyeah\Beres\OoSe\Code_Battlefield\OOSE_LABOR_PROJECT\Runtime\libRuntime.a(LCD.o)
 .debug_loc     0x00002899      0x416 C:\Users\Me\Desktop\Coolyeah\Beres\OoSe\Code_Battlefield\OOSE_LABOR_PROJECT\Runtime\libRuntime.a(OSKernel.o)
 .debug_loc     0x00002caf      0x498 C:\Users\Me\Desktop\Coolyeah\Beres\OoSe\Code_Battlefield\OOSE_LABOR_PROJECT\Runtime\libRuntime.a(QuadEncoder.o)
 .debug_loc     0x00003147     0x20c5 C:\Users\Me\Desktop\Coolyeah\Beres\OoSe\Code_Battlefield\OOSE_LABOR_PROJECT\Runtime\libRuntime.a(Timer.o)
 .debug_loc     0x0000520c       0x6e C:\Users\Me\Desktop\Coolyeah\Beres\OoSe\Code_Battlefield\OOSE_LABOR_PROJECT\Runtime\libRuntime.a(Basics.o)

.debug_macinfo
 *(.debug_macinfo)

.debug_weaknames
 *(.debug_weaknames)

.debug_funcnames
 *(.debug_funcnames)

.debug_typenames
 *(.debug_typenames)

.debug_varnames
 *(.debug_varnames)

.debug_pubtypes
 *(.debug_pubtypes)

.debug_ranges   0x00000000      0x458
 *(.debug_ranges)
 .debug_ranges  0x00000000       0x38 main.o
 .debug_ranges  0x00000038       0x20 C:\Users\Me\Desktop\Coolyeah\Beres\OoSe\Code_Battlefield\OOSE_LABOR_PROJECT\Runtime\libRuntime.a(ADConverter.o)
 .debug_ranges  0x00000058       0x78 C:\Users\Me\Desktop\Coolyeah\Beres\OoSe\Code_Battlefield\OOSE_LABOR_PROJECT\Runtime\libRuntime.a(DigiPort.o)
 .debug_ranges  0x000000d0      0x100 C:\Users\Me\Desktop\Coolyeah\Beres\OoSe\Code_Battlefield\OOSE_LABOR_PROJECT\Runtime\libRuntime.a(LCD.o)
 .debug_ranges  0x000001d0       0xb8 C:\Users\Me\Desktop\Coolyeah\Beres\OoSe\Code_Battlefield\OOSE_LABOR_PROJECT\Runtime\libRuntime.a(OSKernel.o)
 .debug_ranges  0x00000288       0x50 C:\Users\Me\Desktop\Coolyeah\Beres\OoSe\Code_Battlefield\OOSE_LABOR_PROJECT\Runtime\libRuntime.a(QuadEncoder.o)
 .debug_ranges  0x000002d8      0x160 C:\Users\Me\Desktop\Coolyeah\Beres\OoSe\Code_Battlefield\OOSE_LABOR_PROJECT\Runtime\libRuntime.a(Timer.o)
 .debug_ranges  0x00000438       0x20 C:\Users\Me\Desktop\Coolyeah\Beres\OoSe\Code_Battlefield\OOSE_LABOR_PROJECT\Runtime\libRuntime.a(Basics.o)

.debug_macro
 *(.debug_macro)
OUTPUT(A6 Playground.elf elf32-avr)
LOAD linker stubs
