Archive member included to satisfy reference by file (symbol)

C:\Users\Me\Desktop\Coolyeah\OoSe\Code_Battlefield\OOSE_LABOR_PROJECT\Runtime\libRuntime.a(BinarySemaphor.o)
                              main.o (_ZN14BinarySemaphor11wait_aquireEv)
C:\Users\Me\Desktop\Coolyeah\OoSe\Code_Battlefield\OOSE_LABOR_PROJECT\Runtime\libRuntime.a(BoundedQueue.o)
                              main.o (_ZN12BoundedQueue5clearEv)
C:\Users\Me\Desktop\Coolyeah\OoSe\Code_Battlefield\OOSE_LABOR_PROJECT\Runtime\libRuntime.a(DigiPort.o)
                              main.o (_ZN11DigiPortRawC1Ehhh)
C:\Users\Me\Desktop\Coolyeah\OoSe\Code_Battlefield\OOSE_LABOR_PROJECT\Runtime\libRuntime.a(LCD.o)
                              main.o (_ZN3LCD7set_posEhh)
C:\Users\Me\Desktop\Coolyeah\OoSe\Code_Battlefield\OOSE_LABOR_PROJECT\Runtime\libRuntime.a(OSKernel.o)
                              main.o (_Z11task_insertPFvvE8Priority)
C:\Users\Me\Desktop\Coolyeah\OoSe\Code_Battlefield\OOSE_LABOR_PROJECT\Runtime\libRuntime.a(Timer.o)
                              main.o (_ZN7Timer16C1EhPFvvES1_S1_S1_)
C:\Users\Me\Desktop\Coolyeah\OoSe\Code_Battlefield\OOSE_LABOR_PROJECT\Runtime\libRuntime.a(Basics.o)
                              C:\Users\Me\Desktop\Coolyeah\OoSe\Code_Battlefield\OOSE_LABOR_PROJECT\Runtime\libRuntime.a(DigiPort.o) (_Z22port_handle_to_addressh)
c:/program files (x86)/atmel/studio/7.0/toolchain/avr8/avr8-gnu-toolchain/bin/../lib/gcc/avr/5.4.0/avr6\libgcc.a(_divmodhi4.o)
                              C:\Users\Me\Desktop\Coolyeah\OoSe\Code_Battlefield\OOSE_LABOR_PROJECT\Runtime\libRuntime.a(LCD.o) (__divmodhi4)
c:/program files (x86)/atmel/studio/7.0/toolchain/avr8/avr8-gnu-toolchain/bin/../lib/gcc/avr/5.4.0/avr6\libgcc.a(_udivmodsi4.o)
                              C:\Users\Me\Desktop\Coolyeah\OoSe\Code_Battlefield\OOSE_LABOR_PROJECT\Runtime\libRuntime.a(OSKernel.o) (__udivmodsi4)
c:/program files (x86)/atmel/studio/7.0/toolchain/avr8/avr8-gnu-toolchain/bin/../lib/gcc/avr/5.4.0/avr6\libgcc.a(_exit.o)
                              C:/Program Files (x86)/Atmel/Studio/7.0/Packs/atmel/ATmega_DFP/1.6.364/gcc/dev/atmega2560/avr6/crtatmega2560.o (exit)
c:/program files (x86)/atmel/studio/7.0/toolchain/avr8/avr8-gnu-toolchain/bin/../lib/gcc/avr/5.4.0/avr6\libgcc.a(_copy_data.o)
                              C:\Users\Me\Desktop\Coolyeah\OoSe\Code_Battlefield\OOSE_LABOR_PROJECT\Runtime\libRuntime.a(DigiPort.o) (__do_copy_data)
c:/program files (x86)/atmel/studio/7.0/toolchain/avr8/avr8-gnu-toolchain/bin/../lib/gcc/avr/5.4.0/avr6\libgcc.a(_clear_bss.o)
                              main.o (__do_clear_bss)
c:/program files (x86)/atmel/studio/7.0/toolchain/avr8/avr8-gnu-toolchain/bin/../lib/gcc/avr/5.4.0/avr6\libgcc.a(_ctors.o)
                              main.o (__do_global_ctors)
c:/program files (x86)/atmel/studio/7.0/toolchain/avr8/avr8-gnu-toolchain/bin/../lib/gcc/avr/5.4.0/avr6\libgcc.a(_udivmodhi4.o)
                              c:/program files (x86)/atmel/studio/7.0/toolchain/avr8/avr8-gnu-toolchain/bin/../lib/gcc/avr/5.4.0/avr6\libgcc.a(_divmodhi4.o) (__udivmodhi4)
c:/program files (x86)/atmel/studio/7.0/toolchain/avr8/avr8-gnu-toolchain/bin/../lib/gcc/avr/5.4.0/avr6\libgcc.a(_tablejump2.o)
                              c:/program files (x86)/atmel/studio/7.0/toolchain/avr8/avr8-gnu-toolchain/bin/../lib/gcc/avr/5.4.0/avr6\libgcc.a(_ctors.o) (__tablejump2__)

Discarded input sections

 .data          0x00000000        0x0 C:/Program Files (x86)/Atmel/Studio/7.0/Packs/atmel/ATmega_DFP/1.6.364/gcc/dev/atmega2560/avr6/crtatmega2560.o
 .bss           0x00000000        0x0 C:/Program Files (x86)/Atmel/Studio/7.0/Packs/atmel/ATmega_DFP/1.6.364/gcc/dev/atmega2560/avr6/crtatmega2560.o
 .text          0x00000000        0x0 main.o
 .data          0x00000000        0x0 main.o
 .bss           0x00000000        0x0 main.o
 .bss.t1_ausgabe
                0x00000000        0xb main.o
 .text          0x00000000        0x0 C:\Users\Me\Desktop\Coolyeah\OoSe\Code_Battlefield\OOSE_LABOR_PROJECT\Runtime\libRuntime.a(BinarySemaphor.o)
 .data          0x00000000        0x0 C:\Users\Me\Desktop\Coolyeah\OoSe\Code_Battlefield\OOSE_LABOR_PROJECT\Runtime\libRuntime.a(BinarySemaphor.o)
 .bss           0x00000000        0x0 C:\Users\Me\Desktop\Coolyeah\OoSe\Code_Battlefield\OOSE_LABOR_PROJECT\Runtime\libRuntime.a(BinarySemaphor.o)
 .text._ZN14BinarySemaphor6aquireEv
                0x00000000       0x34 C:\Users\Me\Desktop\Coolyeah\OoSe\Code_Battlefield\OOSE_LABOR_PROJECT\Runtime\libRuntime.a(BinarySemaphor.o)
 .text._ZN14BinarySemaphor7is_mineEv
                0x00000000       0x20 C:\Users\Me\Desktop\Coolyeah\OoSe\Code_Battlefield\OOSE_LABOR_PROJECT\Runtime\libRuntime.a(BinarySemaphor.o)
 .text._ZN14BinarySemaphor4waitEv
                0x00000000       0x1c C:\Users\Me\Desktop\Coolyeah\OoSe\Code_Battlefield\OOSE_LABOR_PROJECT\Runtime\libRuntime.a(BinarySemaphor.o)
 .text          0x00000000        0x0 C:\Users\Me\Desktop\Coolyeah\OoSe\Code_Battlefield\OOSE_LABOR_PROJECT\Runtime\libRuntime.a(BoundedQueue.o)
 .data          0x00000000        0x0 C:\Users\Me\Desktop\Coolyeah\OoSe\Code_Battlefield\OOSE_LABOR_PROJECT\Runtime\libRuntime.a(BoundedQueue.o)
 .bss           0x00000000        0x0 C:\Users\Me\Desktop\Coolyeah\OoSe\Code_Battlefield\OOSE_LABOR_PROJECT\Runtime\libRuntime.a(BoundedQueue.o)
 .text._ZN12BoundedQueue13get_free_sizeEv
                0x00000000       0x10 C:\Users\Me\Desktop\Coolyeah\OoSe\Code_Battlefield\OOSE_LABOR_PROJECT\Runtime\libRuntime.a(BoundedQueue.o)
 .text._ZN12BoundedQueue9wait_readEv
                0x00000000       0x3c C:\Users\Me\Desktop\Coolyeah\OoSe\Code_Battlefield\OOSE_LABOR_PROJECT\Runtime\libRuntime.a(BoundedQueue.o)
 .group         0x00000000        0x8 C:\Users\Me\Desktop\Coolyeah\OoSe\Code_Battlefield\OOSE_LABOR_PROJECT\Runtime\libRuntime.a(DigiPort.o)
 .group         0x00000000        0x8 C:\Users\Me\Desktop\Coolyeah\OoSe\Code_Battlefield\OOSE_LABOR_PROJECT\Runtime\libRuntime.a(DigiPort.o)
 .text          0x00000000        0x0 C:\Users\Me\Desktop\Coolyeah\OoSe\Code_Battlefield\OOSE_LABOR_PROJECT\Runtime\libRuntime.a(DigiPort.o)
 .data          0x00000000        0x0 C:\Users\Me\Desktop\Coolyeah\OoSe\Code_Battlefield\OOSE_LABOR_PROJECT\Runtime\libRuntime.a(DigiPort.o)
 .bss           0x00000000        0x0 C:\Users\Me\Desktop\Coolyeah\OoSe\Code_Battlefield\OOSE_LABOR_PROJECT\Runtime\libRuntime.a(DigiPort.o)
 .text._ZN12DigiPortIRPT6notifyEv
                0x00000000       0x50 C:\Users\Me\Desktop\Coolyeah\OoSe\Code_Battlefield\OOSE_LABOR_PROJECT\Runtime\libRuntime.a(DigiPort.o)
 .text._ZN11DigiPortRaw14read_busy_waitEh
                0x00000000       0x36 C:\Users\Me\Desktop\Coolyeah\OoSe\Code_Battlefield\OOSE_LABOR_PROJECT\Runtime\libRuntime.a(DigiPort.o)
 .text._ZN11DigiPortRaw13read_blockingEh
                0x00000000       0x68 C:\Users\Me\Desktop\Coolyeah\OoSe\Code_Battlefield\OOSE_LABOR_PROJECT\Runtime\libRuntime.a(DigiPort.o)
 .text._ZN12DigiPortIRPTC2EhhhPFvvE
                0x00000000       0x98 C:\Users\Me\Desktop\Coolyeah\OoSe\Code_Battlefield\OOSE_LABOR_PROJECT\Runtime\libRuntime.a(DigiPort.o)
 .rodata._ZTV12DigiPortIRPT
                0x00000000        0x6 C:\Users\Me\Desktop\Coolyeah\OoSe\Code_Battlefield\OOSE_LABOR_PROJECT\Runtime\libRuntime.a(DigiPort.o)
 .text          0x00000000        0x0 C:\Users\Me\Desktop\Coolyeah\OoSe\Code_Battlefield\OOSE_LABOR_PROJECT\Runtime\libRuntime.a(LCD.o)
 .data          0x00000000        0x0 C:\Users\Me\Desktop\Coolyeah\OoSe\Code_Battlefield\OOSE_LABOR_PROJECT\Runtime\libRuntime.a(LCD.o)
 .bss           0x00000000        0x0 C:\Users\Me\Desktop\Coolyeah\OoSe\Code_Battlefield\OOSE_LABOR_PROJECT\Runtime\libRuntime.a(LCD.o)
 .text._ZN3LCD15write_SRAM_textEPKch
                0x00000000       0x46 C:\Users\Me\Desktop\Coolyeah\OoSe\Code_Battlefield\OOSE_LABOR_PROJECT\Runtime\libRuntime.a(LCD.o)
 .text._ZN3LCD16write_FLASH_textEPKch
                0x00000000       0x4a C:\Users\Me\Desktop\Coolyeah\OoSe\Code_Battlefield\OOSE_LABOR_PROJECT\Runtime\libRuntime.a(LCD.o)
 .text._ZN3LCD5clearEv
                0x00000000       0x2c C:\Users\Me\Desktop\Coolyeah\OoSe\Code_Battlefield\OOSE_LABOR_PROJECT\Runtime\libRuntime.a(LCD.o)
 .text._ZN3LCD4homeEv
                0x00000000       0x2c C:\Users\Me\Desktop\Coolyeah\OoSe\Code_Battlefield\OOSE_LABOR_PROJECT\Runtime\libRuntime.a(LCD.o)
 .text._ZN3LCD4itoaEPcihc
                0x00000000       0xea C:\Users\Me\Desktop\Coolyeah\OoSe\Code_Battlefield\OOSE_LABOR_PROJECT\Runtime\libRuntime.a(LCD.o)
 .text._ZN3LCD12write_numberEihc
                0x00000000       0x1e C:\Users\Me\Desktop\Coolyeah\OoSe\Code_Battlefield\OOSE_LABOR_PROJECT\Runtime\libRuntime.a(LCD.o)
 .rodata.str1.1
                0x00000000       0x10 C:\Users\Me\Desktop\Coolyeah\OoSe\Code_Battlefield\OOSE_LABOR_PROJECT\Runtime\libRuntime.a(LCD.o)
 .text._ZN3LCD8describeEv
                0x00000000       0x9e C:\Users\Me\Desktop\Coolyeah\OoSe\Code_Battlefield\OOSE_LABOR_PROJECT\Runtime\libRuntime.a(LCD.o)
 .text._ZN4LCDSC2Eh10LCD_Type_th
                0x00000000       0x4a C:\Users\Me\Desktop\Coolyeah\OoSe\Code_Battlefield\OOSE_LABOR_PROJECT\Runtime\libRuntime.a(LCD.o)
 .text._ZN4LCDS5clearEv
                0x00000000       0x32 C:\Users\Me\Desktop\Coolyeah\OoSe\Code_Battlefield\OOSE_LABOR_PROJECT\Runtime\libRuntime.a(LCD.o)
 .text._ZN4LCDS7refreshEv
                0x00000000       0xb0 C:\Users\Me\Desktop\Coolyeah\OoSe\Code_Battlefield\OOSE_LABOR_PROJECT\Runtime\libRuntime.a(LCD.o)
 .text._ZN4LCDS14buffer_roll_upEv
                0x00000000       0xc2 C:\Users\Me\Desktop\Coolyeah\OoSe\Code_Battlefield\OOSE_LABOR_PROJECT\Runtime\libRuntime.a(LCD.o)
 .text._ZN4LCDS10write_charEc
                0x00000000       0xb0 C:\Users\Me\Desktop\Coolyeah\OoSe\Code_Battlefield\OOSE_LABOR_PROJECT\Runtime\libRuntime.a(LCD.o)
 .text._ZN4LCDS15write_SRAM_textEPKch
                0x00000000       0x46 C:\Users\Me\Desktop\Coolyeah\OoSe\Code_Battlefield\OOSE_LABOR_PROJECT\Runtime\libRuntime.a(LCD.o)
 .text._ZN4LCDS16write_FLASH_textEPKch
                0x00000000       0x4a C:\Users\Me\Desktop\Coolyeah\OoSe\Code_Battlefield\OOSE_LABOR_PROJECT\Runtime\libRuntime.a(LCD.o)
 .text._ZN4LCDS9scroll_upEh
                0x00000000       0x20 C:\Users\Me\Desktop\Coolyeah\OoSe\Code_Battlefield\OOSE_LABOR_PROJECT\Runtime\libRuntime.a(LCD.o)
 .text._ZN4LCDS11scroll_downEh
                0x00000000       0x4e C:\Users\Me\Desktop\Coolyeah\OoSe\Code_Battlefield\OOSE_LABOR_PROJECT\Runtime\libRuntime.a(LCD.o)
 .bss._ZZN3LCD4itoaEPcihcE3num
                0x00000000        0x7 C:\Users\Me\Desktop\Coolyeah\OoSe\Code_Battlefield\OOSE_LABOR_PROJECT\Runtime\libRuntime.a(LCD.o)
 .text          0x00000000        0x0 C:\Users\Me\Desktop\Coolyeah\OoSe\Code_Battlefield\OOSE_LABOR_PROJECT\Runtime\libRuntime.a(OSKernel.o)
 .data          0x00000000        0x0 C:\Users\Me\Desktop\Coolyeah\OoSe\Code_Battlefield\OOSE_LABOR_PROJECT\Runtime\libRuntime.a(OSKernel.o)
 .bss           0x00000000        0x0 C:\Users\Me\Desktop\Coolyeah\OoSe\Code_Battlefield\OOSE_LABOR_PROJECT\Runtime\libRuntime.a(OSKernel.o)
 .text._Z10elapsed_msh
                0x00000000       0x3c C:\Users\Me\Desktop\Coolyeah\OoSe\Code_Battlefield\OOSE_LABOR_PROJECT\Runtime\libRuntime.a(OSKernel.o)
 .text._Z11stop_kernelh
                0x00000000       0x1e C:\Users\Me\Desktop\Coolyeah\OoSe\Code_Battlefield\OOSE_LABOR_PROJECT\Runtime\libRuntime.a(OSKernel.o)
 .text._Z13task_set_prio8Priority
                0x00000000       0x1c C:\Users\Me\Desktop\Coolyeah\OoSe\Code_Battlefield\OOSE_LABOR_PROJECT\Runtime\libRuntime.a(OSKernel.o)
 .group         0x00000000        0x8 C:\Users\Me\Desktop\Coolyeah\OoSe\Code_Battlefield\OOSE_LABOR_PROJECT\Runtime\libRuntime.a(Timer.o)
 .group         0x00000000        0x8 C:\Users\Me\Desktop\Coolyeah\OoSe\Code_Battlefield\OOSE_LABOR_PROJECT\Runtime\libRuntime.a(Timer.o)
 .group         0x00000000        0x8 C:\Users\Me\Desktop\Coolyeah\OoSe\Code_Battlefield\OOSE_LABOR_PROJECT\Runtime\libRuntime.a(Timer.o)
 .group         0x00000000        0x8 C:\Users\Me\Desktop\Coolyeah\OoSe\Code_Battlefield\OOSE_LABOR_PROJECT\Runtime\libRuntime.a(Timer.o)
 .group         0x00000000        0x8 C:\Users\Me\Desktop\Coolyeah\OoSe\Code_Battlefield\OOSE_LABOR_PROJECT\Runtime\libRuntime.a(Timer.o)
 .group         0x00000000        0x8 C:\Users\Me\Desktop\Coolyeah\OoSe\Code_Battlefield\OOSE_LABOR_PROJECT\Runtime\libRuntime.a(Timer.o)
 .group         0x00000000        0x8 C:\Users\Me\Desktop\Coolyeah\OoSe\Code_Battlefield\OOSE_LABOR_PROJECT\Runtime\libRuntime.a(Timer.o)
 .group         0x00000000        0x8 C:\Users\Me\Desktop\Coolyeah\OoSe\Code_Battlefield\OOSE_LABOR_PROJECT\Runtime\libRuntime.a(Timer.o)
 .group         0x00000000        0x8 C:\Users\Me\Desktop\Coolyeah\OoSe\Code_Battlefield\OOSE_LABOR_PROJECT\Runtime\libRuntime.a(Timer.o)
 .group         0x00000000        0x8 C:\Users\Me\Desktop\Coolyeah\OoSe\Code_Battlefield\OOSE_LABOR_PROJECT\Runtime\libRuntime.a(Timer.o)
 .group         0x00000000        0x8 C:\Users\Me\Desktop\Coolyeah\OoSe\Code_Battlefield\OOSE_LABOR_PROJECT\Runtime\libRuntime.a(Timer.o)
 .group         0x00000000        0x8 C:\Users\Me\Desktop\Coolyeah\OoSe\Code_Battlefield\OOSE_LABOR_PROJECT\Runtime\libRuntime.a(Timer.o)
 .group         0x00000000        0x8 C:\Users\Me\Desktop\Coolyeah\OoSe\Code_Battlefield\OOSE_LABOR_PROJECT\Runtime\libRuntime.a(Timer.o)
 .group         0x00000000        0x8 C:\Users\Me\Desktop\Coolyeah\OoSe\Code_Battlefield\OOSE_LABOR_PROJECT\Runtime\libRuntime.a(Timer.o)
 .group         0x00000000        0x8 C:\Users\Me\Desktop\Coolyeah\OoSe\Code_Battlefield\OOSE_LABOR_PROJECT\Runtime\libRuntime.a(Timer.o)
 .text          0x00000000        0x0 C:\Users\Me\Desktop\Coolyeah\OoSe\Code_Battlefield\OOSE_LABOR_PROJECT\Runtime\libRuntime.a(Timer.o)
 .data          0x00000000        0x0 C:\Users\Me\Desktop\Coolyeah\OoSe\Code_Battlefield\OOSE_LABOR_PROJECT\Runtime\libRuntime.a(Timer.o)
 .bss           0x00000000        0x0 C:\Users\Me\Desktop\Coolyeah\OoSe\Code_Battlefield\OOSE_LABOR_PROJECT\Runtime\libRuntime.a(Timer.o)
 .text._ZN7Timer168start_usEjjjjh
                0x00000000      0x144 C:\Users\Me\Desktop\Coolyeah\OoSe\Code_Battlefield\OOSE_LABOR_PROJECT\Runtime\libRuntime.a(Timer.o)
 .text._ZN6Timer88start_msEjjjh
                0x00000000       0xe6 C:\Users\Me\Desktop\Coolyeah\OoSe\Code_Battlefield\OOSE_LABOR_PROJECT\Runtime\libRuntime.a(Timer.o)
 .text._ZN6Timer88start_usEjjjh
                0x00000000       0xc6 C:\Users\Me\Desktop\Coolyeah\OoSe\Code_Battlefield\OOSE_LABOR_PROJECT\Runtime\libRuntime.a(Timer.o)
 .text          0x00000000        0x0 C:\Users\Me\Desktop\Coolyeah\OoSe\Code_Battlefield\OOSE_LABOR_PROJECT\Runtime\libRuntime.a(Basics.o)
 .data          0x00000000        0x0 C:\Users\Me\Desktop\Coolyeah\OoSe\Code_Battlefield\OOSE_LABOR_PROJECT\Runtime\libRuntime.a(Basics.o)
 .bss           0x00000000        0x0 C:\Users\Me\Desktop\Coolyeah\OoSe\Code_Battlefield\OOSE_LABOR_PROJECT\Runtime\libRuntime.a(Basics.o)
 .text          0x00000000        0x0 c:/program files (x86)/atmel/studio/7.0/toolchain/avr8/avr8-gnu-toolchain/bin/../lib/gcc/avr/5.4.0/avr6\libgcc.a(_divmodhi4.o)
 .data          0x00000000        0x0 c:/program files (x86)/atmel/studio/7.0/toolchain/avr8/avr8-gnu-toolchain/bin/../lib/gcc/avr/5.4.0/avr6\libgcc.a(_divmodhi4.o)
 .bss           0x00000000        0x0 c:/program files (x86)/atmel/studio/7.0/toolchain/avr8/avr8-gnu-toolchain/bin/../lib/gcc/avr/5.4.0/avr6\libgcc.a(_divmodhi4.o)
 .text.libgcc.mul
                0x00000000        0x0 c:/program files (x86)/atmel/studio/7.0/toolchain/avr8/avr8-gnu-toolchain/bin/../lib/gcc/avr/5.4.0/avr6\libgcc.a(_divmodhi4.o)
 .text.libgcc.div
                0x00000000       0x28 c:/program files (x86)/atmel/studio/7.0/toolchain/avr8/avr8-gnu-toolchain/bin/../lib/gcc/avr/5.4.0/avr6\libgcc.a(_divmodhi4.o)
 .text.libgcc   0x00000000        0x0 c:/program files (x86)/atmel/studio/7.0/toolchain/avr8/avr8-gnu-toolchain/bin/../lib/gcc/avr/5.4.0/avr6\libgcc.a(_divmodhi4.o)
 .text.libgcc.prologue
                0x00000000        0x0 c:/program files (x86)/atmel/studio/7.0/toolchain/avr8/avr8-gnu-toolchain/bin/../lib/gcc/avr/5.4.0/avr6\libgcc.a(_divmodhi4.o)
 .text.libgcc.builtins
                0x00000000        0x0 c:/program files (x86)/atmel/studio/7.0/toolchain/avr8/avr8-gnu-toolchain/bin/../lib/gcc/avr/5.4.0/avr6\libgcc.a(_divmodhi4.o)
 .text.libgcc.fmul
                0x00000000        0x0 c:/program files (x86)/atmel/studio/7.0/toolchain/avr8/avr8-gnu-toolchain/bin/../lib/gcc/avr/5.4.0/avr6\libgcc.a(_divmodhi4.o)
 .text.libgcc.fixed
                0x00000000        0x0 c:/program files (x86)/atmel/studio/7.0/toolchain/avr8/avr8-gnu-toolchain/bin/../lib/gcc/avr/5.4.0/avr6\libgcc.a(_divmodhi4.o)
 .text          0x00000000        0x0 c:/program files (x86)/atmel/studio/7.0/toolchain/avr8/avr8-gnu-toolchain/bin/../lib/gcc/avr/5.4.0/avr6\libgcc.a(_udivmodsi4.o)
 .data          0x00000000        0x0 c:/program files (x86)/atmel/studio/7.0/toolchain/avr8/avr8-gnu-toolchain/bin/../lib/gcc/avr/5.4.0/avr6\libgcc.a(_udivmodsi4.o)
 .bss           0x00000000        0x0 c:/program files (x86)/atmel/studio/7.0/toolchain/avr8/avr8-gnu-toolchain/bin/../lib/gcc/avr/5.4.0/avr6\libgcc.a(_udivmodsi4.o)
 .text.libgcc.mul
                0x00000000        0x0 c:/program files (x86)/atmel/studio/7.0/toolchain/avr8/avr8-gnu-toolchain/bin/../lib/gcc/avr/5.4.0/avr6\libgcc.a(_udivmodsi4.o)
 .text.libgcc.div
                0x00000000       0x44 c:/program files (x86)/atmel/studio/7.0/toolchain/avr8/avr8-gnu-toolchain/bin/../lib/gcc/avr/5.4.0/avr6\libgcc.a(_udivmodsi4.o)
 .text.libgcc   0x00000000        0x0 c:/program files (x86)/atmel/studio/7.0/toolchain/avr8/avr8-gnu-toolchain/bin/../lib/gcc/avr/5.4.0/avr6\libgcc.a(_udivmodsi4.o)
 .text.libgcc.prologue
                0x00000000        0x0 c:/program files (x86)/atmel/studio/7.0/toolchain/avr8/avr8-gnu-toolchain/bin/../lib/gcc/avr/5.4.0/avr6\libgcc.a(_udivmodsi4.o)
 .text.libgcc.builtins
                0x00000000        0x0 c:/program files (x86)/atmel/studio/7.0/toolchain/avr8/avr8-gnu-toolchain/bin/../lib/gcc/avr/5.4.0/avr6\libgcc.a(_udivmodsi4.o)
 .text.libgcc.fmul
                0x00000000        0x0 c:/program files (x86)/atmel/studio/7.0/toolchain/avr8/avr8-gnu-toolchain/bin/../lib/gcc/avr/5.4.0/avr6\libgcc.a(_udivmodsi4.o)
 .text.libgcc.fixed
                0x00000000        0x0 c:/program files (x86)/atmel/studio/7.0/toolchain/avr8/avr8-gnu-toolchain/bin/../lib/gcc/avr/5.4.0/avr6\libgcc.a(_udivmodsi4.o)
 .text          0x00000000        0x0 c:/program files (x86)/atmel/studio/7.0/toolchain/avr8/avr8-gnu-toolchain/bin/../lib/gcc/avr/5.4.0/avr6\libgcc.a(_exit.o)
 .data          0x00000000        0x0 c:/program files (x86)/atmel/studio/7.0/toolchain/avr8/avr8-gnu-toolchain/bin/../lib/gcc/avr/5.4.0/avr6\libgcc.a(_exit.o)
 .bss           0x00000000        0x0 c:/program files (x86)/atmel/studio/7.0/toolchain/avr8/avr8-gnu-toolchain/bin/../lib/gcc/avr/5.4.0/avr6\libgcc.a(_exit.o)
 .text.libgcc.mul
                0x00000000        0x0 c:/program files (x86)/atmel/studio/7.0/toolchain/avr8/avr8-gnu-toolchain/bin/../lib/gcc/avr/5.4.0/avr6\libgcc.a(_exit.o)
 .text.libgcc.div
                0x00000000        0x0 c:/program files (x86)/atmel/studio/7.0/toolchain/avr8/avr8-gnu-toolchain/bin/../lib/gcc/avr/5.4.0/avr6\libgcc.a(_exit.o)
 .text.libgcc   0x00000000        0x0 c:/program files (x86)/atmel/studio/7.0/toolchain/avr8/avr8-gnu-toolchain/bin/../lib/gcc/avr/5.4.0/avr6\libgcc.a(_exit.o)
 .text.libgcc.prologue
                0x00000000        0x0 c:/program files (x86)/atmel/studio/7.0/toolchain/avr8/avr8-gnu-toolchain/bin/../lib/gcc/avr/5.4.0/avr6\libgcc.a(_exit.o)
 .text.libgcc.builtins
                0x00000000        0x0 c:/program files (x86)/atmel/studio/7.0/toolchain/avr8/avr8-gnu-toolchain/bin/../lib/gcc/avr/5.4.0/avr6\libgcc.a(_exit.o)
 .text.libgcc.fmul
                0x00000000        0x0 c:/program files (x86)/atmel/studio/7.0/toolchain/avr8/avr8-gnu-toolchain/bin/../lib/gcc/avr/5.4.0/avr6\libgcc.a(_exit.o)
 .text.libgcc.fixed
                0x00000000        0x0 c:/program files (x86)/atmel/studio/7.0/toolchain/avr8/avr8-gnu-toolchain/bin/../lib/gcc/avr/5.4.0/avr6\libgcc.a(_exit.o)
 .text          0x00000000        0x0 c:/program files (x86)/atmel/studio/7.0/toolchain/avr8/avr8-gnu-toolchain/bin/../lib/gcc/avr/5.4.0/avr6\libgcc.a(_copy_data.o)
 .data          0x00000000        0x0 c:/program files (x86)/atmel/studio/7.0/toolchain/avr8/avr8-gnu-toolchain/bin/../lib/gcc/avr/5.4.0/avr6\libgcc.a(_copy_data.o)
 .bss           0x00000000        0x0 c:/program files (x86)/atmel/studio/7.0/toolchain/avr8/avr8-gnu-toolchain/bin/../lib/gcc/avr/5.4.0/avr6\libgcc.a(_copy_data.o)
 .text.libgcc.mul
                0x00000000        0x0 c:/program files (x86)/atmel/studio/7.0/toolchain/avr8/avr8-gnu-toolchain/bin/../lib/gcc/avr/5.4.0/avr6\libgcc.a(_copy_data.o)
 .text.libgcc.div
                0x00000000        0x0 c:/program files (x86)/atmel/studio/7.0/toolchain/avr8/avr8-gnu-toolchain/bin/../lib/gcc/avr/5.4.0/avr6\libgcc.a(_copy_data.o)
 .text.libgcc   0x00000000        0x0 c:/program files (x86)/atmel/studio/7.0/toolchain/avr8/avr8-gnu-toolchain/bin/../lib/gcc/avr/5.4.0/avr6\libgcc.a(_copy_data.o)
 .text.libgcc.prologue
                0x00000000        0x0 c:/program files (x86)/atmel/studio/7.0/toolchain/avr8/avr8-gnu-toolchain/bin/../lib/gcc/avr/5.4.0/avr6\libgcc.a(_copy_data.o)
 .text.libgcc.builtins
                0x00000000        0x0 c:/program files (x86)/atmel/studio/7.0/toolchain/avr8/avr8-gnu-toolchain/bin/../lib/gcc/avr/5.4.0/avr6\libgcc.a(_copy_data.o)
 .text.libgcc.fmul
                0x00000000        0x0 c:/program files (x86)/atmel/studio/7.0/toolchain/avr8/avr8-gnu-toolchain/bin/../lib/gcc/avr/5.4.0/avr6\libgcc.a(_copy_data.o)
 .text.libgcc.fixed
                0x00000000        0x0 c:/program files (x86)/atmel/studio/7.0/toolchain/avr8/avr8-gnu-toolchain/bin/../lib/gcc/avr/5.4.0/avr6\libgcc.a(_copy_data.o)
 .text          0x00000000        0x0 c:/program files (x86)/atmel/studio/7.0/toolchain/avr8/avr8-gnu-toolchain/bin/../lib/gcc/avr/5.4.0/avr6\libgcc.a(_clear_bss.o)
 .data          0x00000000        0x0 c:/program files (x86)/atmel/studio/7.0/toolchain/avr8/avr8-gnu-toolchain/bin/../lib/gcc/avr/5.4.0/avr6\libgcc.a(_clear_bss.o)
 .bss           0x00000000        0x0 c:/program files (x86)/atmel/studio/7.0/toolchain/avr8/avr8-gnu-toolchain/bin/../lib/gcc/avr/5.4.0/avr6\libgcc.a(_clear_bss.o)
 .text.libgcc.mul
                0x00000000        0x0 c:/program files (x86)/atmel/studio/7.0/toolchain/avr8/avr8-gnu-toolchain/bin/../lib/gcc/avr/5.4.0/avr6\libgcc.a(_clear_bss.o)
 .text.libgcc.div
                0x00000000        0x0 c:/program files (x86)/atmel/studio/7.0/toolchain/avr8/avr8-gnu-toolchain/bin/../lib/gcc/avr/5.4.0/avr6\libgcc.a(_clear_bss.o)
 .text.libgcc   0x00000000        0x0 c:/program files (x86)/atmel/studio/7.0/toolchain/avr8/avr8-gnu-toolchain/bin/../lib/gcc/avr/5.4.0/avr6\libgcc.a(_clear_bss.o)
 .text.libgcc.prologue
                0x00000000        0x0 c:/program files (x86)/atmel/studio/7.0/toolchain/avr8/avr8-gnu-toolchain/bin/../lib/gcc/avr/5.4.0/avr6\libgcc.a(_clear_bss.o)
 .text.libgcc.builtins
                0x00000000        0x0 c:/program files (x86)/atmel/studio/7.0/toolchain/avr8/avr8-gnu-toolchain/bin/../lib/gcc/avr/5.4.0/avr6\libgcc.a(_clear_bss.o)
 .text.libgcc.fmul
                0x00000000        0x0 c:/program files (x86)/atmel/studio/7.0/toolchain/avr8/avr8-gnu-toolchain/bin/../lib/gcc/avr/5.4.0/avr6\libgcc.a(_clear_bss.o)
 .text.libgcc.fixed
                0x00000000        0x0 c:/program files (x86)/atmel/studio/7.0/toolchain/avr8/avr8-gnu-toolchain/bin/../lib/gcc/avr/5.4.0/avr6\libgcc.a(_clear_bss.o)
 .text          0x00000000        0x0 c:/program files (x86)/atmel/studio/7.0/toolchain/avr8/avr8-gnu-toolchain/bin/../lib/gcc/avr/5.4.0/avr6\libgcc.a(_ctors.o)
 .data          0x00000000        0x0 c:/program files (x86)/atmel/studio/7.0/toolchain/avr8/avr8-gnu-toolchain/bin/../lib/gcc/avr/5.4.0/avr6\libgcc.a(_ctors.o)
 .bss           0x00000000        0x0 c:/program files (x86)/atmel/studio/7.0/toolchain/avr8/avr8-gnu-toolchain/bin/../lib/gcc/avr/5.4.0/avr6\libgcc.a(_ctors.o)
 .text.libgcc.mul
                0x00000000        0x0 c:/program files (x86)/atmel/studio/7.0/toolchain/avr8/avr8-gnu-toolchain/bin/../lib/gcc/avr/5.4.0/avr6\libgcc.a(_ctors.o)
 .text.libgcc.div
                0x00000000        0x0 c:/program files (x86)/atmel/studio/7.0/toolchain/avr8/avr8-gnu-toolchain/bin/../lib/gcc/avr/5.4.0/avr6\libgcc.a(_ctors.o)
 .text.libgcc   0x00000000        0x0 c:/program files (x86)/atmel/studio/7.0/toolchain/avr8/avr8-gnu-toolchain/bin/../lib/gcc/avr/5.4.0/avr6\libgcc.a(_ctors.o)
 .text.libgcc.prologue
                0x00000000        0x0 c:/program files (x86)/atmel/studio/7.0/toolchain/avr8/avr8-gnu-toolchain/bin/../lib/gcc/avr/5.4.0/avr6\libgcc.a(_ctors.o)
 .text.libgcc.builtins
                0x00000000        0x0 c:/program files (x86)/atmel/studio/7.0/toolchain/avr8/avr8-gnu-toolchain/bin/../lib/gcc/avr/5.4.0/avr6\libgcc.a(_ctors.o)
 .text.libgcc.fmul
                0x00000000        0x0 c:/program files (x86)/atmel/studio/7.0/toolchain/avr8/avr8-gnu-toolchain/bin/../lib/gcc/avr/5.4.0/avr6\libgcc.a(_ctors.o)
 .text.libgcc.fixed
                0x00000000        0x0 c:/program files (x86)/atmel/studio/7.0/toolchain/avr8/avr8-gnu-toolchain/bin/../lib/gcc/avr/5.4.0/avr6\libgcc.a(_ctors.o)
 .text          0x00000000        0x0 c:/program files (x86)/atmel/studio/7.0/toolchain/avr8/avr8-gnu-toolchain/bin/../lib/gcc/avr/5.4.0/avr6\libgcc.a(_udivmodhi4.o)
 .data          0x00000000        0x0 c:/program files (x86)/atmel/studio/7.0/toolchain/avr8/avr8-gnu-toolchain/bin/../lib/gcc/avr/5.4.0/avr6\libgcc.a(_udivmodhi4.o)
 .bss           0x00000000        0x0 c:/program files (x86)/atmel/studio/7.0/toolchain/avr8/avr8-gnu-toolchain/bin/../lib/gcc/avr/5.4.0/avr6\libgcc.a(_udivmodhi4.o)
 .text.libgcc.mul
                0x00000000        0x0 c:/program files (x86)/atmel/studio/7.0/toolchain/avr8/avr8-gnu-toolchain/bin/../lib/gcc/avr/5.4.0/avr6\libgcc.a(_udivmodhi4.o)
 .text.libgcc.div
                0x00000000       0x28 c:/program files (x86)/atmel/studio/7.0/toolchain/avr8/avr8-gnu-toolchain/bin/../lib/gcc/avr/5.4.0/avr6\libgcc.a(_udivmodhi4.o)
 .text.libgcc   0x00000000        0x0 c:/program files (x86)/atmel/studio/7.0/toolchain/avr8/avr8-gnu-toolchain/bin/../lib/gcc/avr/5.4.0/avr6\libgcc.a(_udivmodhi4.o)
 .text.libgcc.prologue
                0x00000000        0x0 c:/program files (x86)/atmel/studio/7.0/toolchain/avr8/avr8-gnu-toolchain/bin/../lib/gcc/avr/5.4.0/avr6\libgcc.a(_udivmodhi4.o)
 .text.libgcc.builtins
                0x00000000        0x0 c:/program files (x86)/atmel/studio/7.0/toolchain/avr8/avr8-gnu-toolchain/bin/../lib/gcc/avr/5.4.0/avr6\libgcc.a(_udivmodhi4.o)
 .text.libgcc.fmul
                0x00000000        0x0 c:/program files (x86)/atmel/studio/7.0/toolchain/avr8/avr8-gnu-toolchain/bin/../lib/gcc/avr/5.4.0/avr6\libgcc.a(_udivmodhi4.o)
 .text.libgcc.fixed
                0x00000000        0x0 c:/program files (x86)/atmel/studio/7.0/toolchain/avr8/avr8-gnu-toolchain/bin/../lib/gcc/avr/5.4.0/avr6\libgcc.a(_udivmodhi4.o)
 .text          0x00000000        0x0 c:/program files (x86)/atmel/studio/7.0/toolchain/avr8/avr8-gnu-toolchain/bin/../lib/gcc/avr/5.4.0/avr6\libgcc.a(_tablejump2.o)
 .data          0x00000000        0x0 c:/program files (x86)/atmel/studio/7.0/toolchain/avr8/avr8-gnu-toolchain/bin/../lib/gcc/avr/5.4.0/avr6\libgcc.a(_tablejump2.o)
 .bss           0x00000000        0x0 c:/program files (x86)/atmel/studio/7.0/toolchain/avr8/avr8-gnu-toolchain/bin/../lib/gcc/avr/5.4.0/avr6\libgcc.a(_tablejump2.o)
 .text.libgcc.mul
                0x00000000        0x0 c:/program files (x86)/atmel/studio/7.0/toolchain/avr8/avr8-gnu-toolchain/bin/../lib/gcc/avr/5.4.0/avr6\libgcc.a(_tablejump2.o)
 .text.libgcc.div
                0x00000000        0x0 c:/program files (x86)/atmel/studio/7.0/toolchain/avr8/avr8-gnu-toolchain/bin/../lib/gcc/avr/5.4.0/avr6\libgcc.a(_tablejump2.o)
 .text.libgcc.prologue
                0x00000000        0x0 c:/program files (x86)/atmel/studio/7.0/toolchain/avr8/avr8-gnu-toolchain/bin/../lib/gcc/avr/5.4.0/avr6\libgcc.a(_tablejump2.o)
 .text.libgcc.builtins
                0x00000000        0x0 c:/program files (x86)/atmel/studio/7.0/toolchain/avr8/avr8-gnu-toolchain/bin/../lib/gcc/avr/5.4.0/avr6\libgcc.a(_tablejump2.o)
 .text.libgcc.fmul
                0x00000000        0x0 c:/program files (x86)/atmel/studio/7.0/toolchain/avr8/avr8-gnu-toolchain/bin/../lib/gcc/avr/5.4.0/avr6\libgcc.a(_tablejump2.o)
 .text.libgcc.fixed
                0x00000000        0x0 c:/program files (x86)/atmel/studio/7.0/toolchain/avr8/avr8-gnu-toolchain/bin/../lib/gcc/avr/5.4.0/avr6\libgcc.a(_tablejump2.o)

Memory Configuration

Name             Origin             Length             Attributes
text             0x00000000         0x00040000         xr
data             0x00800200         0x00002000         rw !x
eeprom           0x00810000         0x00001000         rw !x
fuse             0x00820000         0x00000003         rw !x
lock             0x00830000         0x00000400         rw !x
signature        0x00840000         0x00000400         rw !x
user_signatures  0x00850000         0x00000400         rw !x
*default*        0x00000000         0xffffffff

Linker script and memory map

Address of section .data set to 0x800200
LOAD C:/Program Files (x86)/Atmel/Studio/7.0/Packs/atmel/ATmega_DFP/1.6.364/gcc/dev/atmega2560/avr6/crtatmega2560.o
LOAD main.o
START GROUP
LOAD c:/program files (x86)/atmel/studio/7.0/toolchain/avr8/avr8-gnu-toolchain/bin/../lib/gcc/avr/5.4.0/../../../../avr/lib/avr6\libm.a
LOAD C:\Users\Me\Desktop\Coolyeah\OoSe\Code_Battlefield\OOSE_LABOR_PROJECT\Runtime\libRuntime.a
END GROUP
LOAD c:/program files (x86)/atmel/studio/7.0/toolchain/avr8/avr8-gnu-toolchain/bin/../lib/gcc/avr/5.4.0/avr6\libgcc.a
LOAD c:/program files (x86)/atmel/studio/7.0/toolchain/avr8/avr8-gnu-toolchain/bin/../lib/gcc/avr/5.4.0/../../../../avr/lib/avr6\libm.a
START GROUP
LOAD c:/program files (x86)/atmel/studio/7.0/toolchain/avr8/avr8-gnu-toolchain/bin/../lib/gcc/avr/5.4.0/avr6\libgcc.a
LOAD c:/program files (x86)/atmel/studio/7.0/toolchain/avr8/avr8-gnu-toolchain/bin/../lib/gcc/avr/5.4.0/../../../../avr/lib/avr6\libm.a
LOAD c:/program files (x86)/atmel/studio/7.0/toolchain/avr8/avr8-gnu-toolchain/bin/../lib/gcc/avr/5.4.0/../../../../avr/lib/avr6\libc.a
LOAD C:/Program Files (x86)/Atmel/Studio/7.0/Packs/atmel/ATmega_DFP/1.6.364/gcc/dev/atmega2560/avr6\libatmega2560.a
END GROUP
                0x00000000                __TEXT_REGION_ORIGIN__ = DEFINED (__TEXT_REGION_ORIGIN__)?__TEXT_REGION_ORIGIN__:0x0
                [0x00800200]                __DATA_REGION_ORIGIN__ = DEFINED (__DATA_REGION_ORIGIN__)?__DATA_REGION_ORIGIN__:0x800200
                [0x00040000]                __TEXT_REGION_LENGTH__ = DEFINED (__TEXT_REGION_LENGTH__)?__TEXT_REGION_LENGTH__:0x100000
                [0x00002000]                __DATA_REGION_LENGTH__ = DEFINED (__DATA_REGION_LENGTH__)?__DATA_REGION_LENGTH__:0xfe00
                [0x00001000]                __EEPROM_REGION_LENGTH__ = DEFINED (__EEPROM_REGION_LENGTH__)?__EEPROM_REGION_LENGTH__:0x10000
                [0x00000003]                __FUSE_REGION_LENGTH__ = DEFINED (__FUSE_REGION_LENGTH__)?__FUSE_REGION_LENGTH__:0x400
                0x00000400                __LOCK_REGION_LENGTH__ = DEFINED (__LOCK_REGION_LENGTH__)?__LOCK_REGION_LENGTH__:0x400
                0x00000400                __SIGNATURE_REGION_LENGTH__ = DEFINED (__SIGNATURE_REGION_LENGTH__)?__SIGNATURE_REGION_LENGTH__:0x400
                0x00000400                __USER_SIGNATURE_REGION_LENGTH__ = DEFINED (__USER_SIGNATURE_REGION_LENGTH__)?__USER_SIGNATURE_REGION_LENGTH__:0x400

.hash
 *(.hash)

.dynsym
 *(.dynsym)

.dynstr
 *(.dynstr)

.gnu.version
 *(.gnu.version)

.gnu.version_d
 *(.gnu.version_d)

.gnu.version_r
 *(.gnu.version_r)

.rel.init
 *(.rel.init)

.rela.init
 *(.rela.init)

.rel.text
 *(.rel.text)
 *(.rel.text.*)
 *(.rel.gnu.linkonce.t*)

.rela.text
 *(.rela.text)
 *(.rela.text.*)
 *(.rela.gnu.linkonce.t*)

.rel.fini
 *(.rel.fini)

.rela.fini
 *(.rela.fini)

.rel.rodata
 *(.rel.rodata)
 *(.rel.rodata.*)
 *(.rel.gnu.linkonce.r*)

.rela.rodata
 *(.rela.rodata)
 *(.rela.rodata.*)
 *(.rela.gnu.linkonce.r*)

.rel.data
 *(.rel.data)
 *(.rel.data.*)
 *(.rel.gnu.linkonce.d*)

.rela.data
 *(.rela.data)
 *(.rela.data.*)
 *(.rela.gnu.linkonce.d*)

.rel.ctors
 *(.rel.ctors)

.rela.ctors
 *(.rela.ctors)

.rel.dtors
 *(.rel.dtors)

.rela.dtors
 *(.rela.dtors)

.rel.got
 *(.rel.got)

.rela.got
 *(.rela.got)

.rel.bss
 *(.rel.bss)

.rela.bss
 *(.rela.bss)

.rel.plt
 *(.rel.plt)

.rela.plt
 *(.rela.plt)

.text           0x00000000     0x2064
 *(.vectors)
 .vectors       0x00000000       0xe4 C:/Program Files (x86)/Atmel/Studio/7.0/Packs/atmel/ATmega_DFP/1.6.364/gcc/dev/atmega2560/avr6/crtatmega2560.o
                0x00000000                __vector_default
                0x00000000                __vectors
 *(.vectors)
 *(.progmem.gcc*)
                0x000000e4                . = ALIGN (0x2)
                0x000000e4                __trampolines_start = .
 *(.trampolines)
 .trampolines   0x000000e4        0x0 linker stubs
 *(.trampolines*)
                0x000000e4                __trampolines_end = .
 *libprintf_flt.a:*(.progmem.data)
 *libc.a:*(.progmem.data)
 *(.progmem*)
 .progmem.data._ZL6t1_str
                0x000000e4        0xb main.o
                0x000000f0                . = ALIGN (0x2)
 *fill*         0x000000ef        0x1 
 *(.jumptables)
 *(.jumptables*)
 *(.lowtext)
 *(.lowtext*)
                0x000000f0                __ctors_start = .
 *(.ctors)
 .ctors         0x000000f0        0x2 main.o
 .ctors         0x000000f2        0x2 C:\Users\Me\Desktop\Coolyeah\OoSe\Code_Battlefield\OOSE_LABOR_PROJECT\Runtime\libRuntime.a(OSKernel.o)
                0x000000f4                __ctors_end = .
                0x000000f4                __dtors_start = .
 *(.dtors)
                0x000000f4                __dtors_end = .
 SORT(*)(.ctors)
 SORT(*)(.dtors)
 *(.init0)
 .init0         0x000000f4        0x0 C:/Program Files (x86)/Atmel/Studio/7.0/Packs/atmel/ATmega_DFP/1.6.364/gcc/dev/atmega2560/avr6/crtatmega2560.o
                0x000000f4                __init
 .init0         0x000000f4       0x18 main.o
 .init0         0x0000010c       0x18 C:\Users\Me\Desktop\Coolyeah\OoSe\Code_Battlefield\OOSE_LABOR_PROJECT\Runtime\libRuntime.a(BinarySemaphor.o)
 .init0         0x00000124       0x18 C:\Users\Me\Desktop\Coolyeah\OoSe\Code_Battlefield\OOSE_LABOR_PROJECT\Runtime\libRuntime.a(BoundedQueue.o)
 .init0         0x0000013c       0x18 C:\Users\Me\Desktop\Coolyeah\OoSe\Code_Battlefield\OOSE_LABOR_PROJECT\Runtime\libRuntime.a(DigiPort.o)
 .init0         0x00000154       0x18 C:\Users\Me\Desktop\Coolyeah\OoSe\Code_Battlefield\OOSE_LABOR_PROJECT\Runtime\libRuntime.a(LCD.o)
 .init0         0x0000016c       0x18 C:\Users\Me\Desktop\Coolyeah\OoSe\Code_Battlefield\OOSE_LABOR_PROJECT\Runtime\libRuntime.a(OSKernel.o)
 .init0         0x00000184       0x18 C:\Users\Me\Desktop\Coolyeah\OoSe\Code_Battlefield\OOSE_LABOR_PROJECT\Runtime\libRuntime.a(Timer.o)
 .init0         0x0000019c       0x18 C:\Users\Me\Desktop\Coolyeah\OoSe\Code_Battlefield\OOSE_LABOR_PROJECT\Runtime\libRuntime.a(Basics.o)
 *(.init0)
 *(.init1)
 *(.init1)
 *(.init2)
 .init2         0x000001b4       0x10 C:/Program Files (x86)/Atmel/Studio/7.0/Packs/atmel/ATmega_DFP/1.6.364/gcc/dev/atmega2560/avr6/crtatmega2560.o
 *(.init2)
 *(.init3)
 *(.init3)
 *(.init4)
 .init4         0x000001c4       0x1a c:/program files (x86)/atmel/studio/7.0/toolchain/avr8/avr8-gnu-toolchain/bin/../lib/gcc/avr/5.4.0/avr6\libgcc.a(_copy_data.o)
                0x000001c4                __do_copy_data
 .init4         0x000001de       0x10 c:/program files (x86)/atmel/studio/7.0/toolchain/avr8/avr8-gnu-toolchain/bin/../lib/gcc/avr/5.4.0/avr6\libgcc.a(_clear_bss.o)
                0x000001de                __do_clear_bss
 *(.init4)
 *(.init5)
 *(.init5)
 *(.init6)
 .init6         0x000001ee       0x20 c:/program files (x86)/atmel/studio/7.0/toolchain/avr8/avr8-gnu-toolchain/bin/../lib/gcc/avr/5.4.0/avr6\libgcc.a(_ctors.o)
                0x000001ee                __do_global_ctors
 *(.init6)
 *(.init7)
 *(.init7)
 *(.init8)
 *(.init8)
 *(.init9)
 .init9         0x0000020e        0x6 C:/Program Files (x86)/Atmel/Studio/7.0/Packs/atmel/ATmega_DFP/1.6.364/gcc/dev/atmega2560/avr6/crtatmega2560.o
 *(.init9)
 *(.text)
 .text          0x00000214        0x2 C:/Program Files (x86)/Atmel/Studio/7.0/Packs/atmel/ATmega_DFP/1.6.364/gcc/dev/atmega2560/avr6/crtatmega2560.o
                0x00000214                __vector_38
                0x00000214                __vector_28
                0x00000214                __vector_1
                0x00000214                __vector_24
                0x00000214                __vector_12
                0x00000214                __vector_55
                0x00000214                __vector_46
                0x00000214                __bad_interrupt
                0x00000214                __vector_6
                0x00000214                __vector_31
                0x00000214                __vector_39
                0x00000214                __vector_3
                0x00000214                __vector_30
                0x00000214                __vector_25
                0x00000214                __vector_54
                0x00000214                __vector_56
                0x00000214                __vector_7
                0x00000214                __vector_41
                0x00000214                __vector_27
                0x00000214                __vector_5
                0x00000214                __vector_52
                0x00000214                __vector_37
                0x00000214                __vector_4
                0x00000214                __vector_51
                0x00000214                __vector_2
                0x00000214                __vector_15
                0x00000214                __vector_36
                0x00000214                __vector_29
                0x00000214                __vector_40
                0x00000214                __vector_8
                0x00000214                __vector_26
                0x00000214                __vector_53
                0x00000214                __vector_16
                0x00000216                . = ALIGN (0x2)
 *(.text.*)
 .text._Z7Blinkerv
                0x00000216       0x76 main.o
                0x00000216                _Z7Blinkerv
 .text._Z6Task_1v
                0x0000028c       0x36 main.o
                0x0000028c                _Z6Task_1v
 .text._Z8Viewer_1v
                0x000002c2       0x40 main.o
                0x000002c2                _Z8Viewer_1v
 .text._Z41__static_initialization_and_destruction_0ii
                0x00000302       0x7c main.o
 .text._Z13Activ_Deactivh
                0x0000037e       0x18 main.o
                0x0000037e                _Z13Activ_Deactivh
 .text._Z8Key_Cntlv
                0x00000396       0xa4 main.o
                0x00000396                _Z8Key_Cntlv
 .text.main     0x0000043a       0x70 main.o
                0x0000043a                main
 .text._GLOBAL__sub_I_keys
                0x000004aa        0xc main.o
 .text._ZN14BinarySemaphor11wait_aquireEv
                0x000004b6       0x38 C:\Users\Me\Desktop\Coolyeah\OoSe\Code_Battlefield\OOSE_LABOR_PROJECT\Runtime\libRuntime.a(BinarySemaphor.o)
                0x000004b6                _ZN14BinarySemaphor11wait_aquireEv
 .text._ZN14BinarySemaphor7releaseEv
                0x000004ee       0x2e C:\Users\Me\Desktop\Coolyeah\OoSe\Code_Battlefield\OOSE_LABOR_PROJECT\Runtime\libRuntime.a(BinarySemaphor.o)
                0x000004ee                _ZN14BinarySemaphor7releaseEv
 .text._ZN12BoundedQueue5clearEv
                0x0000051c       0x10 C:\Users\Me\Desktop\Coolyeah\OoSe\Code_Battlefield\OOSE_LABOR_PROJECT\Runtime\libRuntime.a(BoundedQueue.o)
                0x0000051c                _ZN12BoundedQueue5clearEv
 .text._ZN12BoundedQueue4readEv
                0x0000052c       0x30 C:\Users\Me\Desktop\Coolyeah\OoSe\Code_Battlefield\OOSE_LABOR_PROJECT\Runtime\libRuntime.a(BoundedQueue.o)
                0x0000052c                _ZN12BoundedQueue4readEv
 .text._ZN12BoundedQueue5writeEh
                0x0000055c       0x54 C:\Users\Me\Desktop\Coolyeah\OoSe\Code_Battlefield\OOSE_LABOR_PROJECT\Runtime\libRuntime.a(BoundedQueue.o)
                0x0000055c                _ZN12BoundedQueue5writeEh
 .text._ZN11DigiPortRawC2Ehhh
                0x000005b0       0x44 C:\Users\Me\Desktop\Coolyeah\OoSe\Code_Battlefield\OOSE_LABOR_PROJECT\Runtime\libRuntime.a(DigiPort.o)
                0x000005b0                _ZN11DigiPortRawC1Ehhh
                0x000005b0                _ZN11DigiPortRawC2Ehhh
 .text.__vector_9
                0x000005f4       0x66 C:\Users\Me\Desktop\Coolyeah\OoSe\Code_Battlefield\OOSE_LABOR_PROJECT\Runtime\libRuntime.a(DigiPort.o)
                0x000005f4                __vector_9
 .text.__vector_10
                0x0000065a       0x66 C:\Users\Me\Desktop\Coolyeah\OoSe\Code_Battlefield\OOSE_LABOR_PROJECT\Runtime\libRuntime.a(DigiPort.o)
                0x0000065a                __vector_10
 .text.__vector_11
                0x000006c0       0x66 C:\Users\Me\Desktop\Coolyeah\OoSe\Code_Battlefield\OOSE_LABOR_PROJECT\Runtime\libRuntime.a(DigiPort.o)
                0x000006c0                __vector_11
 .text._ZN3LCD10wait_readyEv
                0x00000726       0xd4 C:\Users\Me\Desktop\Coolyeah\OoSe\Code_Battlefield\OOSE_LABOR_PROJECT\Runtime\libRuntime.a(LCD.o)
                0x00000726                _ZN3LCD10wait_readyEv
 .text._ZN3LCD6enableEv
                0x000007fa       0x44 C:\Users\Me\Desktop\Coolyeah\OoSe\Code_Battlefield\OOSE_LABOR_PROJECT\Runtime\libRuntime.a(LCD.o)
                0x000007fa                _ZN3LCD6enableEv
 .text._ZN3LCD7commandEh
                0x0000083e       0xb6 C:\Users\Me\Desktop\Coolyeah\OoSe\Code_Battlefield\OOSE_LABOR_PROJECT\Runtime\libRuntime.a(LCD.o)
                0x0000083e                _ZN3LCD7commandEh
 .text._ZN3LCD7set_posEhh
                0x000008f4       0x58 C:\Users\Me\Desktop\Coolyeah\OoSe\Code_Battlefield\OOSE_LABOR_PROJECT\Runtime\libRuntime.a(LCD.o)
                0x000008f4                _ZN3LCD7set_posEhh
 .text._ZN3LCD14advance_cursorEv
                0x0000094c       0x3c C:\Users\Me\Desktop\Coolyeah\OoSe\Code_Battlefield\OOSE_LABOR_PROJECT\Runtime\libRuntime.a(LCD.o)
                0x0000094c                _ZN3LCD14advance_cursorEv
 .text._ZN3LCD4initEh
                0x00000988      0x134 C:\Users\Me\Desktop\Coolyeah\OoSe\Code_Battlefield\OOSE_LABOR_PROJECT\Runtime\libRuntime.a(LCD.o)
                0x00000988                _ZN3LCD4initEh
 .text._ZN3LCDC2Eh10LCD_Type_th
                0x00000abc       0x66 C:\Users\Me\Desktop\Coolyeah\OoSe\Code_Battlefield\OOSE_LABOR_PROJECT\Runtime\libRuntime.a(LCD.o)
                0x00000abc                _ZN3LCDC2Eh10LCD_Type_th
                0x00000abc                _ZN3LCDC1Eh10LCD_Type_th
 .text._ZN3LCD10write_charEc
                0x00000b22       0x62 C:\Users\Me\Desktop\Coolyeah\OoSe\Code_Battlefield\OOSE_LABOR_PROJECT\Runtime\libRuntime.a(LCD.o)
                0x00000b22                _ZN3LCD10write_charEc
 .text._ZL4idlev
                0x00000b84       0x18 C:\Users\Me\Desktop\Coolyeah\OoSe\Code_Battlefield\OOSE_LABOR_PROJECT\Runtime\libRuntime.a(OSKernel.o)
 .text._Z11task_insertPFvvE8Priority
                0x00000b9c       0xd6 C:\Users\Me\Desktop\Coolyeah\OoSe\Code_Battlefield\OOSE_LABOR_PROJECT\Runtime\libRuntime.a(OSKernel.o)
                0x00000b9c                _Z11task_insertPFvvE8Priority
 .text._Z8activateh
                0x00000c72       0x48 C:\Users\Me\Desktop\Coolyeah\OoSe\Code_Battlefield\OOSE_LABOR_PROJECT\Runtime\libRuntime.a(OSKernel.o)
                0x00000c72                _Z8activateh
 .text._Z9is_activeh
                0x00000cba       0x2a C:\Users\Me\Desktop\Coolyeah\OoSe\Code_Battlefield\OOSE_LABOR_PROJECT\Runtime\libRuntime.a(OSKernel.o)
                0x00000cba                _Z9is_activeh
 .text._Z6kernel14SchedulingTypePFvhE
                0x00000ce4       0x2c C:\Users\Me\Desktop\Coolyeah\OoSe\Code_Battlefield\OOSE_LABOR_PROJECT\Runtime\libRuntime.a(OSKernel.o)
                0x00000ce4                _Z6kernel14SchedulingTypePFvhE
 .text._Z5yieldv
                0x00000d10       0x58 C:\Users\Me\Desktop\Coolyeah\OoSe\Code_Battlefield\OOSE_LABOR_PROJECT\Runtime\libRuntime.a(OSKernel.o)
                0x00000d10                _Z5yieldv
 .text._Z10deactivateh
                0x00000d68       0x50 C:\Users\Me\Desktop\Coolyeah\OoSe\Code_Battlefield\OOSE_LABOR_PROJECT\Runtime\libRuntime.a(OSKernel.o)
                0x00000d68                _Z10deactivateh
 .text._Z15current_task_idv
                0x00000db8        0x6 C:\Users\Me\Desktop\Coolyeah\OoSe\Code_Battlefield\OOSE_LABOR_PROJECT\Runtime\libRuntime.a(OSKernel.o)
                0x00000db8                _Z15current_task_idv
 .text._Z8sem_waith
                0x00000dbe       0x70 C:\Users\Me\Desktop\Coolyeah\OoSe\Code_Battlefield\OOSE_LABOR_PROJECT\Runtime\libRuntime.a(OSKernel.o)
                0x00000dbe                _Z8sem_waith
 .text._Z11sem_waitingv
                0x00000e2e       0x36 C:\Users\Me\Desktop\Coolyeah\OoSe\Code_Battlefield\OOSE_LABOR_PROJECT\Runtime\libRuntime.a(OSKernel.o)
                0x00000e2e                _Z11sem_waitingv
 .text.__vector_23
                0x00000e64      0x202 C:\Users\Me\Desktop\Coolyeah\OoSe\Code_Battlefield\OOSE_LABOR_PROJECT\Runtime\libRuntime.a(OSKernel.o)
                0x00000e64                __vector_23
 .text._GLOBAL__sub_I__Z11task_insertPFvvE8Priority
                0x00001066        0xa C:\Users\Me\Desktop\Coolyeah\OoSe\Code_Battlefield\OOSE_LABOR_PROJECT\Runtime\libRuntime.a(OSKernel.o)
 .text._ZN6Timer88notify_AEv
                0x00001070       0x2c C:\Users\Me\Desktop\Coolyeah\OoSe\Code_Battlefield\OOSE_LABOR_PROJECT\Runtime\libRuntime.a(Timer.o)
                0x00001070                _ZN6Timer88notify_AEv
 .text._ZN6Timer88notify_BEv
                0x0000109c       0x2c C:\Users\Me\Desktop\Coolyeah\OoSe\Code_Battlefield\OOSE_LABOR_PROJECT\Runtime\libRuntime.a(Timer.o)
                0x0000109c                _ZN6Timer88notify_BEv
 .text._ZN6Timer88notify_CEv
                0x000010c8        0x2 C:\Users\Me\Desktop\Coolyeah\OoSe\Code_Battlefield\OOSE_LABOR_PROJECT\Runtime\libRuntime.a(Timer.o)
                0x000010c8                _ZN6Timer88notify_CEv
 .text._ZN6Timer88notify_OEv
                0x000010ca       0x24 C:\Users\Me\Desktop\Coolyeah\OoSe\Code_Battlefield\OOSE_LABOR_PROJECT\Runtime\libRuntime.a(Timer.o)
                0x000010ca                _ZN6Timer88notify_OEv
 .text._ZN7OSTimer5resetEv
                0x000010ee       0x4c C:\Users\Me\Desktop\Coolyeah\OoSe\Code_Battlefield\OOSE_LABOR_PROJECT\Runtime\libRuntime.a(Timer.o)
                0x000010ee                _ZN7OSTimer5resetEv
 .text._ZN7Timer168notify_AEv
                0x0000113a       0x2c C:\Users\Me\Desktop\Coolyeah\OoSe\Code_Battlefield\OOSE_LABOR_PROJECT\Runtime\libRuntime.a(Timer.o)
                0x0000113a                _ZN7Timer168notify_AEv
 .text._ZN7Timer168notify_BEv
                0x00001166       0x2c C:\Users\Me\Desktop\Coolyeah\OoSe\Code_Battlefield\OOSE_LABOR_PROJECT\Runtime\libRuntime.a(Timer.o)
                0x00001166                _ZN7Timer168notify_BEv
 .text._ZN7Timer168notify_CEv
                0x00001192       0x2c C:\Users\Me\Desktop\Coolyeah\OoSe\Code_Battlefield\OOSE_LABOR_PROJECT\Runtime\libRuntime.a(Timer.o)
                0x00001192                _ZN7Timer168notify_CEv
 .text._ZN7Timer168notify_OEv
                0x000011be       0x24 C:\Users\Me\Desktop\Coolyeah\OoSe\Code_Battlefield\OOSE_LABOR_PROJECT\Runtime\libRuntime.a(Timer.o)
                0x000011be                _ZN7Timer168notify_OEv
 .text.__cxa_pure_virtual
                0x000011e2        0x2 C:\Users\Me\Desktop\Coolyeah\OoSe\Code_Battlefield\OOSE_LABOR_PROJECT\Runtime\libRuntime.a(Timer.o)
                0x000011e2                __cxa_pure_virtual
 .text.__vector_21
                0x000011e4       0x66 C:\Users\Me\Desktop\Coolyeah\OoSe\Code_Battlefield\OOSE_LABOR_PROJECT\Runtime\libRuntime.a(Timer.o)
                0x000011e4                __vector_21
 .text.__vector_22
                0x0000124a       0x66 C:\Users\Me\Desktop\Coolyeah\OoSe\Code_Battlefield\OOSE_LABOR_PROJECT\Runtime\libRuntime.a(Timer.o)
                0x0000124a                __vector_22
 .text.__vector_13
                0x000012b0       0x66 C:\Users\Me\Desktop\Coolyeah\OoSe\Code_Battlefield\OOSE_LABOR_PROJECT\Runtime\libRuntime.a(Timer.o)
                0x000012b0                __vector_13
 .text.__vector_14
                0x00001316       0x66 C:\Users\Me\Desktop\Coolyeah\OoSe\Code_Battlefield\OOSE_LABOR_PROJECT\Runtime\libRuntime.a(Timer.o)
                0x00001316                __vector_14
 .text.__vector_17
                0x0000137c       0x66 C:\Users\Me\Desktop\Coolyeah\OoSe\Code_Battlefield\OOSE_LABOR_PROJECT\Runtime\libRuntime.a(Timer.o)
                0x0000137c                __vector_17
 .text.__vector_18
                0x000013e2       0x66 C:\Users\Me\Desktop\Coolyeah\OoSe\Code_Battlefield\OOSE_LABOR_PROJECT\Runtime\libRuntime.a(Timer.o)
                0x000013e2                __vector_18
 .text.__vector_19
                0x00001448       0x66 C:\Users\Me\Desktop\Coolyeah\OoSe\Code_Battlefield\OOSE_LABOR_PROJECT\Runtime\libRuntime.a(Timer.o)
                0x00001448                __vector_19
 .text.__vector_20
                0x000014ae       0x66 C:\Users\Me\Desktop\Coolyeah\OoSe\Code_Battlefield\OOSE_LABOR_PROJECT\Runtime\libRuntime.a(Timer.o)
                0x000014ae                __vector_20
 .text.__vector_32
                0x00001514       0x66 C:\Users\Me\Desktop\Coolyeah\OoSe\Code_Battlefield\OOSE_LABOR_PROJECT\Runtime\libRuntime.a(Timer.o)
                0x00001514                __vector_32
 .text.__vector_33
                0x0000157a       0x66 C:\Users\Me\Desktop\Coolyeah\OoSe\Code_Battlefield\OOSE_LABOR_PROJECT\Runtime\libRuntime.a(Timer.o)
                0x0000157a                __vector_33
 .text.__vector_34
                0x000015e0       0x66 C:\Users\Me\Desktop\Coolyeah\OoSe\Code_Battlefield\OOSE_LABOR_PROJECT\Runtime\libRuntime.a(Timer.o)
                0x000015e0                __vector_34
 .text.__vector_35
                0x00001646       0x66 C:\Users\Me\Desktop\Coolyeah\OoSe\Code_Battlefield\OOSE_LABOR_PROJECT\Runtime\libRuntime.a(Timer.o)
                0x00001646                __vector_35
 .text.__vector_42
                0x000016ac       0x66 C:\Users\Me\Desktop\Coolyeah\OoSe\Code_Battlefield\OOSE_LABOR_PROJECT\Runtime\libRuntime.a(Timer.o)
                0x000016ac                __vector_42
 .text.__vector_43
                0x00001712       0x66 C:\Users\Me\Desktop\Coolyeah\OoSe\Code_Battlefield\OOSE_LABOR_PROJECT\Runtime\libRuntime.a(Timer.o)
                0x00001712                __vector_43
 .text.__vector_44
                0x00001778       0x66 C:\Users\Me\Desktop\Coolyeah\OoSe\Code_Battlefield\OOSE_LABOR_PROJECT\Runtime\libRuntime.a(Timer.o)
                0x00001778                __vector_44
 .text.__vector_45
                0x000017de       0x66 C:\Users\Me\Desktop\Coolyeah\OoSe\Code_Battlefield\OOSE_LABOR_PROJECT\Runtime\libRuntime.a(Timer.o)
                0x000017de                __vector_45
 .text.__vector_47
                0x00001844       0x66 C:\Users\Me\Desktop\Coolyeah\OoSe\Code_Battlefield\OOSE_LABOR_PROJECT\Runtime\libRuntime.a(Timer.o)
                0x00001844                __vector_47
 .text.__vector_48
                0x000018aa       0x66 C:\Users\Me\Desktop\Coolyeah\OoSe\Code_Battlefield\OOSE_LABOR_PROJECT\Runtime\libRuntime.a(Timer.o)
                0x000018aa                __vector_48
 .text.__vector_49
                0x00001910       0x66 C:\Users\Me\Desktop\Coolyeah\OoSe\Code_Battlefield\OOSE_LABOR_PROJECT\Runtime\libRuntime.a(Timer.o)
                0x00001910                __vector_49
 .text.__vector_50
                0x00001976       0x66 C:\Users\Me\Desktop\Coolyeah\OoSe\Code_Battlefield\OOSE_LABOR_PROJECT\Runtime\libRuntime.a(Timer.o)
                0x00001976                __vector_50
 .text._ZN7Timer16C2EhPFvvES1_S1_S1_
                0x000019dc      0x1ba C:\Users\Me\Desktop\Coolyeah\OoSe\Code_Battlefield\OOSE_LABOR_PROJECT\Runtime\libRuntime.a(Timer.o)
                0x000019dc                _ZN7Timer16C2EhPFvvES1_S1_S1_
                0x000019dc                _ZN7Timer16C1EhPFvvES1_S1_S1_
 .text._ZN7Timer168start_msEjjjjh
                0x00001b96      0x164 C:\Users\Me\Desktop\Coolyeah\OoSe\Code_Battlefield\OOSE_LABOR_PROJECT\Runtime\libRuntime.a(Timer.o)
                0x00001b96                _ZN7Timer168start_msEjjjjh
 .text._ZN6Timer8C2EhPFvvES1_S1_
                0x00001cfa       0xec C:\Users\Me\Desktop\Coolyeah\OoSe\Code_Battlefield\OOSE_LABOR_PROJECT\Runtime\libRuntime.a(Timer.o)
                0x00001cfa                _ZN6Timer8C1EhPFvvES1_S1_
                0x00001cfa                _ZN6Timer8C2EhPFvvES1_S1_
 .text._ZN7OSTimerC2Eh
                0x00001de6       0x48 C:\Users\Me\Desktop\Coolyeah\OoSe\Code_Battlefield\OOSE_LABOR_PROJECT\Runtime\libRuntime.a(Timer.o)
                0x00001de6                _ZN7OSTimerC2Eh
                0x00001de6                _ZN7OSTimerC1Eh
 .text._ZN7OSTimer13force_timeoutEv
                0x00001e2e       0x58 C:\Users\Me\Desktop\Coolyeah\OoSe\Code_Battlefield\OOSE_LABOR_PROJECT\Runtime\libRuntime.a(Timer.o)
                0x00001e2e                _ZN7OSTimer13force_timeoutEv
 .text._ZN7OSTimer5startEj
                0x00001e86       0x6e C:\Users\Me\Desktop\Coolyeah\OoSe\Code_Battlefield\OOSE_LABOR_PROJECT\Runtime\libRuntime.a(Timer.o)
                0x00001e86                _ZN7OSTimer5startEj
 .text._ZN5Timer4stopEv
                0x00001ef4       0x18 C:\Users\Me\Desktop\Coolyeah\OoSe\Code_Battlefield\OOSE_LABOR_PROJECT\Runtime\libRuntime.a(Timer.o)
                0x00001ef4                _ZN5Timer4stopEv
 .text._ZN7Timer165resetEv
                0x00001f0c       0x7c C:\Users\Me\Desktop\Coolyeah\OoSe\Code_Battlefield\OOSE_LABOR_PROJECT\Runtime\libRuntime.a(Timer.o)
                0x00001f0c                _ZN7Timer165resetEv
 .text._ZN6Timer85resetEv
                0x00001f88       0x36 C:\Users\Me\Desktop\Coolyeah\OoSe\Code_Battlefield\OOSE_LABOR_PROJECT\Runtime\libRuntime.a(Timer.o)
                0x00001f88                _ZN6Timer85resetEv
 .text._Z22port_handle_to_addressh
                0x00001fbe       0x48 C:\Users\Me\Desktop\Coolyeah\OoSe\Code_Battlefield\OOSE_LABOR_PROJECT\Runtime\libRuntime.a(Basics.o)
                0x00001fbe                _Z22port_handle_to_addressh
 .text._Z20tc_handle_to_addressh
                0x00002006       0x4a C:\Users\Me\Desktop\Coolyeah\OoSe\Code_Battlefield\OOSE_LABOR_PROJECT\Runtime\libRuntime.a(Basics.o)
                0x00002006                _Z20tc_handle_to_addressh
 .text.libgcc   0x00002050       0x10 c:/program files (x86)/atmel/studio/7.0/toolchain/avr8/avr8-gnu-toolchain/bin/../lib/gcc/avr/5.4.0/avr6\libgcc.a(_tablejump2.o)
                0x00002050                __tablejump2__
                0x00002060                . = ALIGN (0x2)
 *(.fini9)
 .fini9         0x00002060        0x0 c:/program files (x86)/atmel/studio/7.0/toolchain/avr8/avr8-gnu-toolchain/bin/../lib/gcc/avr/5.4.0/avr6\libgcc.a(_exit.o)
                0x00002060                _exit
                0x00002060                exit
 *(.fini9)
 *(.fini8)
 *(.fini8)
 *(.fini7)
 *(.fini7)
 *(.fini6)
 *(.fini6)
 *(.fini5)
 *(.fini5)
 *(.fini4)
 *(.fini4)
 *(.fini3)
 *(.fini3)
 *(.fini2)
 *(.fini2)
 *(.fini1)
 *(.fini1)
 *(.fini0)
 .fini0         0x00002060        0x4 c:/program files (x86)/atmel/studio/7.0/toolchain/avr8/avr8-gnu-toolchain/bin/../lib/gcc/avr/5.4.0/avr6\libgcc.a(_exit.o)
 *(.fini0)
                0x00002064                _etext = .

.data           0x00800200       0xa0 load address 0x00002064
                0x00800200                PROVIDE (__data_start, .)
 *(.data)
 *(.data*)
 .data._ZL16sem_waiting_list
                0x00800200        0x8 C:\Users\Me\Desktop\Coolyeah\OoSe\Code_Battlefield\OOSE_LABOR_PROJECT\Runtime\libRuntime.a(OSKernel.o)
 .data._ZL14active_task_id
                0x00800208        0x1 C:\Users\Me\Desktop\Coolyeah\OoSe\Code_Battlefield\OOSE_LABOR_PROJECT\Runtime\libRuntime.a(OSKernel.o)
 *(.gnu.linkonce.d*)
 *(.rodata)
 *(.rodata*)
 .rodata.lcdTypes
                0x00800209       0x3c C:\Users\Me\Desktop\Coolyeah\OoSe\Code_Battlefield\OOSE_LABOR_PROJECT\Runtime\libRuntime.a(LCD.o)
                0x00800209                lcdTypes
 .rodata._ZTV5Timer
                0x00800245        0xe C:\Users\Me\Desktop\Coolyeah\OoSe\Code_Battlefield\OOSE_LABOR_PROJECT\Runtime\libRuntime.a(Timer.o)
                0x00800245                _ZTV5Timer
 .rodata._ZTV6Timer8
                0x00800253        0xe C:\Users\Me\Desktop\Coolyeah\OoSe\Code_Battlefield\OOSE_LABOR_PROJECT\Runtime\libRuntime.a(Timer.o)
                0x00800253                _ZTV6Timer8
 .rodata._ZTV7OSTimer
                0x00800261        0xe C:\Users\Me\Desktop\Coolyeah\OoSe\Code_Battlefield\OOSE_LABOR_PROJECT\Runtime\libRuntime.a(Timer.o)
                0x00800261                _ZTV7OSTimer
 .rodata._ZTV7Timer16
                0x0080026f        0xe C:\Users\Me\Desktop\Coolyeah\OoSe\Code_Battlefield\OOSE_LABOR_PROJECT\Runtime\libRuntime.a(Timer.o)
                0x0080026f                _ZTV7Timer16
 .rodata.tc_vect
                0x0080027d        0xc C:\Users\Me\Desktop\Coolyeah\OoSe\Code_Battlefield\OOSE_LABOR_PROJECT\Runtime\libRuntime.a(Basics.o)
                0x0080027d                tc_vect
 .rodata.port_vect
                0x00800289       0x16 C:\Users\Me\Desktop\Coolyeah\OoSe\Code_Battlefield\OOSE_LABOR_PROJECT\Runtime\libRuntime.a(Basics.o)
                0x00800289                port_vect
 *(.gnu.linkonce.r*)
                0x008002a0                . = ALIGN (0x2)
 *fill*         0x0080029f        0x1 
                0x008002a0                _edata = .
                0x008002a0                PROVIDE (__data_end, .)

.bss            0x008002a0     0x19d5
                0x008002a0                PROVIDE (__bss_start, .)
 *(.bss)
 *(.bss*)
 .bss.led_2     0x008002a0        0x3 main.o
                0x008002a0                led_2
 .bss.led_1     0x008002a3        0x3 main.o
                0x008002a3                led_1
 .bss.task      0x008002a6        0x8 main.o
                0x008002a6                task
 .bss.key_in    0x008002ae        0x1 main.o
                0x008002ae                key_in
 .bss.Queue_2   0x008002af        0xe main.o
                0x008002af                Queue_2
 .bss.Queue_1   0x008002bd        0xe main.o
                0x008002bd                Queue_1
 .bss.shared_resource_semaphor_2
                0x008002cb        0x1 main.o
                0x008002cb                shared_resource_semaphor_2
 .bss.shared_resource_semaphor_1
                0x008002cc        0x1 main.o
                0x008002cc                shared_resource_semaphor_1
 .bss.timer     0x008002cd       0x12 main.o
                0x008002cd                timer
 .bss.display   0x008002df        0xa main.o
                0x008002df                display
 .bss.leds      0x008002e9        0x4 main.o
                0x008002e9                leds
 .bss.keys      0x008002ed        0x4 main.o
                0x008002ed                keys
 .bss.dp_obj    0x008002f1        0x6 C:\Users\Me\Desktop\Coolyeah\OoSe\Code_Battlefield\OOSE_LABOR_PROJECT\Runtime\libRuntime.a(DigiPort.o)
                0x008002f1                dp_obj
 .bss._ZL18sem_waiting_oldest
                0x008002f7        0x1 C:\Users\Me\Desktop\Coolyeah\OoSe\Code_Battlefield\OOSE_LABOR_PROJECT\Runtime\libRuntime.a(OSKernel.o)
 .bss._ZL22sem_waiting_free_index
                0x008002f8        0x1 C:\Users\Me\Desktop\Coolyeah\OoSe\Code_Battlefield\OOSE_LABOR_PROJECT\Runtime\libRuntime.a(OSKernel.o)
 .bss._ZL17sem_waiting_count
                0x008002f9        0x1 C:\Users\Me\Desktop\Coolyeah\OoSe\Code_Battlefield\OOSE_LABOR_PROJECT\Runtime\libRuntime.a(OSKernel.o)
 .bss._ZL8exitproc
                0x008002fa        0x2 C:\Users\Me\Desktop\Coolyeah\OoSe\Code_Battlefield\OOSE_LABOR_PROJECT\Runtime\libRuntime.a(OSKernel.o)
 .bss._ZL10sched_type
                0x008002fc        0x1 C:\Users\Me\Desktop\Coolyeah\OoSe\Code_Battlefield\OOSE_LABOR_PROJECT\Runtime\libRuntime.a(OSKernel.o)
 .bss._ZL8OS_timer
                0x008002fd       0x11 C:\Users\Me\Desktop\Coolyeah\OoSe\Code_Battlefield\OOSE_LABOR_PROJECT\Runtime\libRuntime.a(OSKernel.o)
 .bss._ZL7taskset
                0x0080030e     0x1958 C:\Users\Me\Desktop\Coolyeah\OoSe\Code_Battlefield\OOSE_LABOR_PROJECT\Runtime\libRuntime.a(OSKernel.o)
 .bss.timer_obj
                0x00801c66        0xc C:\Users\Me\Desktop\Coolyeah\OoSe\Code_Battlefield\OOSE_LABOR_PROJECT\Runtime\libRuntime.a(Timer.o)
                0x00801c66                timer_obj
 .bss._ZL8tc_usage
                0x00801c72        0x1 C:\Users\Me\Desktop\Coolyeah\OoSe\Code_Battlefield\OOSE_LABOR_PROJECT\Runtime\libRuntime.a(Basics.o)
 .bss._ZL10port_usage
                0x00801c73        0x2 C:\Users\Me\Desktop\Coolyeah\OoSe\Code_Battlefield\OOSE_LABOR_PROJECT\Runtime\libRuntime.a(Basics.o)
 *(COMMON)
                0x00801c75                PROVIDE (__bss_end, .)
                0x00002064                __data_load_start = LOADADDR (.data)
                0x00002104                __data_load_end = (__data_load_start + SIZEOF (.data))

.noinit         0x00801c75        0x0
                [!provide]                PROVIDE (__noinit_start, .)
 *(.noinit*)
                [!provide]                PROVIDE (__noinit_end, .)
                0x00801c75                _end = .
                [!provide]                PROVIDE (__heap_start, .)

.eeprom         0x00810000        0x0
 *(.eeprom*)
                0x00810000                __eeprom_end = .

.fuse
 *(.fuse)
 *(.lfuse)
 *(.hfuse)
 *(.efuse)

.lock
 *(.lock*)

.signature
 *(.signature*)

.user_signatures
 *(.user_signatures*)

.stab
 *(.stab)

.stabstr
 *(.stabstr)

.stab.excl
 *(.stab.excl)

.stab.exclstr
 *(.stab.exclstr)

.stab.index
 *(.stab.index)

.stab.indexstr
 *(.stab.indexstr)

.comment        0x00000000       0x30
 *(.comment)
 .comment       0x00000000       0x30 main.o
                                 0x31 (size before relaxing)
 .comment       0x00000030       0x31 C:\Users\Me\Desktop\Coolyeah\OoSe\Code_Battlefield\OOSE_LABOR_PROJECT\Runtime\libRuntime.a(BinarySemaphor.o)
 .comment       0x00000030       0x31 C:\Users\Me\Desktop\Coolyeah\OoSe\Code_Battlefield\OOSE_LABOR_PROJECT\Runtime\libRuntime.a(BoundedQueue.o)
 .comment       0x00000030       0x31 C:\Users\Me\Desktop\Coolyeah\OoSe\Code_Battlefield\OOSE_LABOR_PROJECT\Runtime\libRuntime.a(DigiPort.o)
 .comment       0x00000030       0x31 C:\Users\Me\Desktop\Coolyeah\OoSe\Code_Battlefield\OOSE_LABOR_PROJECT\Runtime\libRuntime.a(LCD.o)
 .comment       0x00000030       0x31 C:\Users\Me\Desktop\Coolyeah\OoSe\Code_Battlefield\OOSE_LABOR_PROJECT\Runtime\libRuntime.a(OSKernel.o)
 .comment       0x00000030       0x31 C:\Users\Me\Desktop\Coolyeah\OoSe\Code_Battlefield\OOSE_LABOR_PROJECT\Runtime\libRuntime.a(Timer.o)
 .comment       0x00000030       0x31 C:\Users\Me\Desktop\Coolyeah\OoSe\Code_Battlefield\OOSE_LABOR_PROJECT\Runtime\libRuntime.a(Basics.o)

.note.gnu.avr.deviceinfo
                0x00000000       0x40
 .note.gnu.avr.deviceinfo
                0x00000000       0x40 C:/Program Files (x86)/Atmel/Studio/7.0/Packs/atmel/ATmega_DFP/1.6.364/gcc/dev/atmega2560/avr6/crtatmega2560.o

.note.gnu.build-id
 *(.note.gnu.build-id)

.debug
 *(.debug)

.line
 *(.line)

.debug_srcinfo
 *(.debug_srcinfo)

.debug_sfnames
 *(.debug_sfnames)

.debug_aranges  0x00000000      0x468
 *(.debug_aranges)
 .debug_aranges
                0x00000000       0x60 main.o
 .debug_aranges
                0x00000060       0x48 C:\Users\Me\Desktop\Coolyeah\OoSe\Code_Battlefield\OOSE_LABOR_PROJECT\Runtime\libRuntime.a(BinarySemaphor.o)
 .debug_aranges
                0x000000a8       0x48 C:\Users\Me\Desktop\Coolyeah\OoSe\Code_Battlefield\OOSE_LABOR_PROJECT\Runtime\libRuntime.a(BoundedQueue.o)
 .debug_aranges
                0x000000f0       0x60 C:\Users\Me\Desktop\Coolyeah\OoSe\Code_Battlefield\OOSE_LABOR_PROJECT\Runtime\libRuntime.a(DigiPort.o)
 .debug_aranges
                0x00000150       0xe0 C:\Users\Me\Desktop\Coolyeah\OoSe\Code_Battlefield\OOSE_LABOR_PROJECT\Runtime\libRuntime.a(LCD.o)
 .debug_aranges
                0x00000230       0x98 C:\Users\Me\Desktop\Coolyeah\OoSe\Code_Battlefield\OOSE_LABOR_PROJECT\Runtime\libRuntime.a(OSKernel.o)
 .debug_aranges
                0x000002c8      0x170 C:\Users\Me\Desktop\Coolyeah\OoSe\Code_Battlefield\OOSE_LABOR_PROJECT\Runtime\libRuntime.a(Timer.o)
 .debug_aranges
                0x00000438       0x30 C:\Users\Me\Desktop\Coolyeah\OoSe\Code_Battlefield\OOSE_LABOR_PROJECT\Runtime\libRuntime.a(Basics.o)

.debug_pubnames
 *(.debug_pubnames)

.debug_info     0x00000000     0x70f3
 *(.debug_info .gnu.linkonce.wi.*)
 .debug_info    0x00000000      0xbbc C:/Program Files (x86)/Atmel/Studio/7.0/Packs/atmel/ATmega_DFP/1.6.364/gcc/dev/atmega2560/avr6/crtatmega2560.o
 .debug_info    0x00000bbc     0x132d main.o
 .debug_info    0x00001ee9      0x4eb C:\Users\Me\Desktop\Coolyeah\OoSe\Code_Battlefield\OOSE_LABOR_PROJECT\Runtime\libRuntime.a(BinarySemaphor.o)
 .debug_info    0x000023d4      0x53e C:\Users\Me\Desktop\Coolyeah\OoSe\Code_Battlefield\OOSE_LABOR_PROJECT\Runtime\libRuntime.a(BoundedQueue.o)
 .debug_info    0x00002912      0x94f C:\Users\Me\Desktop\Coolyeah\OoSe\Code_Battlefield\OOSE_LABOR_PROJECT\Runtime\libRuntime.a(DigiPort.o)
 .debug_info    0x00003261     0x1c76 C:\Users\Me\Desktop\Coolyeah\OoSe\Code_Battlefield\OOSE_LABOR_PROJECT\Runtime\libRuntime.a(LCD.o)
 .debug_info    0x00004ed7      0xb92 C:\Users\Me\Desktop\Coolyeah\OoSe\Code_Battlefield\OOSE_LABOR_PROJECT\Runtime\libRuntime.a(OSKernel.o)
 .debug_info    0x00005a69     0x14d3 C:\Users\Me\Desktop\Coolyeah\OoSe\Code_Battlefield\OOSE_LABOR_PROJECT\Runtime\libRuntime.a(Timer.o)
 .debug_info    0x00006f3c      0x1b7 C:\Users\Me\Desktop\Coolyeah\OoSe\Code_Battlefield\OOSE_LABOR_PROJECT\Runtime\libRuntime.a(Basics.o)

.debug_abbrev   0x00000000     0x2677
 *(.debug_abbrev)
 .debug_abbrev  0x00000000      0xb1a C:/Program Files (x86)/Atmel/Studio/7.0/Packs/atmel/ATmega_DFP/1.6.364/gcc/dev/atmega2560/avr6/crtatmega2560.o
 .debug_abbrev  0x00000b1a      0x45b main.o
 .debug_abbrev  0x00000f75      0x1f2 C:\Users\Me\Desktop\Coolyeah\OoSe\Code_Battlefield\OOSE_LABOR_PROJECT\Runtime\libRuntime.a(BinarySemaphor.o)
 .debug_abbrev  0x00001167      0x249 C:\Users\Me\Desktop\Coolyeah\OoSe\Code_Battlefield\OOSE_LABOR_PROJECT\Runtime\libRuntime.a(BoundedQueue.o)
 .debug_abbrev  0x000013b0      0x3e3 C:\Users\Me\Desktop\Coolyeah\OoSe\Code_Battlefield\OOSE_LABOR_PROJECT\Runtime\libRuntime.a(DigiPort.o)
 .debug_abbrev  0x00001793      0x4d4 C:\Users\Me\Desktop\Coolyeah\OoSe\Code_Battlefield\OOSE_LABOR_PROJECT\Runtime\libRuntime.a(LCD.o)
 .debug_abbrev  0x00001c67      0x4cf C:\Users\Me\Desktop\Coolyeah\OoSe\Code_Battlefield\OOSE_LABOR_PROJECT\Runtime\libRuntime.a(OSKernel.o)
 .debug_abbrev  0x00002136      0x43d C:\Users\Me\Desktop\Coolyeah\OoSe\Code_Battlefield\OOSE_LABOR_PROJECT\Runtime\libRuntime.a(Timer.o)
 .debug_abbrev  0x00002573      0x104 C:\Users\Me\Desktop\Coolyeah\OoSe\Code_Battlefield\OOSE_LABOR_PROJECT\Runtime\libRuntime.a(Basics.o)

.debug_line     0x00000000     0x34d1
 *(.debug_line .debug_line.* .debug_line_end)
 .debug_line    0x00000000      0x1fa C:/Program Files (x86)/Atmel/Studio/7.0/Packs/atmel/ATmega_DFP/1.6.364/gcc/dev/atmega2560/avr6/crtatmega2560.o
 .debug_line    0x000001fa      0x4af main.o
 .debug_line    0x000006a9      0x33e C:\Users\Me\Desktop\Coolyeah\OoSe\Code_Battlefield\OOSE_LABOR_PROJECT\Runtime\libRuntime.a(BinarySemaphor.o)
 .debug_line    0x000009e7      0x394 C:\Users\Me\Desktop\Coolyeah\OoSe\Code_Battlefield\OOSE_LABOR_PROJECT\Runtime\libRuntime.a(BoundedQueue.o)
 .debug_line    0x00000d7b      0x425 C:\Users\Me\Desktop\Coolyeah\OoSe\Code_Battlefield\OOSE_LABOR_PROJECT\Runtime\libRuntime.a(DigiPort.o)
 .debug_line    0x000011a0      0xbbb C:\Users\Me\Desktop\Coolyeah\OoSe\Code_Battlefield\OOSE_LABOR_PROJECT\Runtime\libRuntime.a(LCD.o)
 .debug_line    0x00001d5b      0x7b7 C:\Users\Me\Desktop\Coolyeah\OoSe\Code_Battlefield\OOSE_LABOR_PROJECT\Runtime\libRuntime.a(OSKernel.o)
 .debug_line    0x00002512      0xe39 C:\Users\Me\Desktop\Coolyeah\OoSe\Code_Battlefield\OOSE_LABOR_PROJECT\Runtime\libRuntime.a(Timer.o)
 .debug_line    0x0000334b      0x186 C:\Users\Me\Desktop\Coolyeah\OoSe\Code_Battlefield\OOSE_LABOR_PROJECT\Runtime\libRuntime.a(Basics.o)

.debug_frame    0x00000000     0x1234
 *(.debug_frame)
 .debug_frame   0x00000000       0xc0 main.o
 .debug_frame   0x000000c0       0xc4 C:\Users\Me\Desktop\Coolyeah\OoSe\Code_Battlefield\OOSE_LABOR_PROJECT\Runtime\libRuntime.a(BinarySemaphor.o)
 .debug_frame   0x00000184       0x80 C:\Users\Me\Desktop\Coolyeah\OoSe\Code_Battlefield\OOSE_LABOR_PROJECT\Runtime\libRuntime.a(BoundedQueue.o)
 .debug_frame   0x00000204      0x1c8 C:\Users\Me\Desktop\Coolyeah\OoSe\Code_Battlefield\OOSE_LABOR_PROJECT\Runtime\libRuntime.a(DigiPort.o)
 .debug_frame   0x000003cc      0x374 C:\Users\Me\Desktop\Coolyeah\OoSe\Code_Battlefield\OOSE_LABOR_PROJECT\Runtime\libRuntime.a(LCD.o)
 .debug_frame   0x00000740      0x114 C:\Users\Me\Desktop\Coolyeah\OoSe\Code_Battlefield\OOSE_LABOR_PROJECT\Runtime\libRuntime.a(OSKernel.o)
 .debug_frame   0x00000854      0x99c C:\Users\Me\Desktop\Coolyeah\OoSe\Code_Battlefield\OOSE_LABOR_PROJECT\Runtime\libRuntime.a(Timer.o)
 .debug_frame   0x000011f0       0x44 C:\Users\Me\Desktop\Coolyeah\OoSe\Code_Battlefield\OOSE_LABOR_PROJECT\Runtime\libRuntime.a(Basics.o)

.debug_str      0x00000000     0x1d9b
 *(.debug_str)
 .debug_str     0x00000000      0x3e6 C:/Program Files (x86)/Atmel/Studio/7.0/Packs/atmel/ATmega_DFP/1.6.364/gcc/dev/atmega2560/avr6/crtatmega2560.o
 .debug_str     0x000003e6      0xbc7 main.o
                                0xc84 (size before relaxing)
 .debug_str     0x00000fad      0x1b0 C:\Users\Me\Desktop\Coolyeah\OoSe\Code_Battlefield\OOSE_LABOR_PROJECT\Runtime\libRuntime.a(BinarySemaphor.o)
                                0x39a (size before relaxing)
 .debug_str     0x0000115d       0x16 C:\Users\Me\Desktop\Coolyeah\OoSe\Code_Battlefield\OOSE_LABOR_PROJECT\Runtime\libRuntime.a(BoundedQueue.o)
                                0x385 (size before relaxing)
 .debug_str     0x00001173      0x23c C:\Users\Me\Desktop\Coolyeah\OoSe\Code_Battlefield\OOSE_LABOR_PROJECT\Runtime\libRuntime.a(DigiPort.o)
                                0x61e (size before relaxing)
 .debug_str     0x000013af      0x22c C:\Users\Me\Desktop\Coolyeah\OoSe\Code_Battlefield\OOSE_LABOR_PROJECT\Runtime\libRuntime.a(LCD.o)
                                0x886 (size before relaxing)
 .debug_str     0x000015db      0x355 C:\Users\Me\Desktop\Coolyeah\OoSe\Code_Battlefield\OOSE_LABOR_PROJECT\Runtime\libRuntime.a(OSKernel.o)
                                0x740 (size before relaxing)
 .debug_str     0x00001930      0x43d C:\Users\Me\Desktop\Coolyeah\OoSe\Code_Battlefield\OOSE_LABOR_PROJECT\Runtime\libRuntime.a(Timer.o)
                                0x8fe (size before relaxing)
 .debug_str     0x00001d6d       0x2e C:\Users\Me\Desktop\Coolyeah\OoSe\Code_Battlefield\OOSE_LABOR_PROJECT\Runtime\libRuntime.a(Basics.o)
                                0x288 (size before relaxing)

.debug_loc      0x00000000     0x50df
 *(.debug_loc)
 .debug_loc     0x00000000      0x24d main.o
 .debug_loc     0x0000024d      0x3bc C:\Users\Me\Desktop\Coolyeah\OoSe\Code_Battlefield\OOSE_LABOR_PROJECT\Runtime\libRuntime.a(BinarySemaphor.o)
 .debug_loc     0x00000609      0x336 C:\Users\Me\Desktop\Coolyeah\OoSe\Code_Battlefield\OOSE_LABOR_PROJECT\Runtime\libRuntime.a(BoundedQueue.o)
 .debug_loc     0x0000093f      0x7dd C:\Users\Me\Desktop\Coolyeah\OoSe\Code_Battlefield\OOSE_LABOR_PROJECT\Runtime\libRuntime.a(DigiPort.o)
 .debug_loc     0x0000111c     0x1a7a C:\Users\Me\Desktop\Coolyeah\OoSe\Code_Battlefield\OOSE_LABOR_PROJECT\Runtime\libRuntime.a(LCD.o)
 .debug_loc     0x00002b96      0x416 C:\Users\Me\Desktop\Coolyeah\OoSe\Code_Battlefield\OOSE_LABOR_PROJECT\Runtime\libRuntime.a(OSKernel.o)
 .debug_loc     0x00002fac     0x20c5 C:\Users\Me\Desktop\Coolyeah\OoSe\Code_Battlefield\OOSE_LABOR_PROJECT\Runtime\libRuntime.a(Timer.o)
 .debug_loc     0x00005071       0x6e C:\Users\Me\Desktop\Coolyeah\OoSe\Code_Battlefield\OOSE_LABOR_PROJECT\Runtime\libRuntime.a(Basics.o)

.debug_macinfo
 *(.debug_macinfo)

.debug_weaknames
 *(.debug_weaknames)

.debug_funcnames
 *(.debug_funcnames)

.debug_typenames
 *(.debug_typenames)

.debug_varnames
 *(.debug_varnames)

.debug_pubtypes
 *(.debug_pubtypes)

.debug_ranges   0x00000000      0x4c8
 *(.debug_ranges)
 .debug_ranges  0x00000000       0x50 main.o
 .debug_ranges  0x00000050       0x68 C:\Users\Me\Desktop\Coolyeah\OoSe\Code_Battlefield\OOSE_LABOR_PROJECT\Runtime\libRuntime.a(BinarySemaphor.o)
 .debug_ranges  0x000000b8       0x70 C:\Users\Me\Desktop\Coolyeah\OoSe\Code_Battlefield\OOSE_LABOR_PROJECT\Runtime\libRuntime.a(BoundedQueue.o)
 .debug_ranges  0x00000128       0x68 C:\Users\Me\Desktop\Coolyeah\OoSe\Code_Battlefield\OOSE_LABOR_PROJECT\Runtime\libRuntime.a(DigiPort.o)
 .debug_ranges  0x00000190      0x100 C:\Users\Me\Desktop\Coolyeah\OoSe\Code_Battlefield\OOSE_LABOR_PROJECT\Runtime\libRuntime.a(LCD.o)
 .debug_ranges  0x00000290       0xb8 C:\Users\Me\Desktop\Coolyeah\OoSe\Code_Battlefield\OOSE_LABOR_PROJECT\Runtime\libRuntime.a(OSKernel.o)
 .debug_ranges  0x00000348      0x160 C:\Users\Me\Desktop\Coolyeah\OoSe\Code_Battlefield\OOSE_LABOR_PROJECT\Runtime\libRuntime.a(Timer.o)
 .debug_ranges  0x000004a8       0x20 C:\Users\Me\Desktop\Coolyeah\OoSe\Code_Battlefield\OOSE_LABOR_PROJECT\Runtime\libRuntime.a(Basics.o)

.debug_macro
 *(.debug_macro)
OUTPUT(A5.elf elf32-avr)
LOAD linker stubs
